// Jest Snapshot v1, https://goo.gl/fbAQLP

exports[`Deptford Lounge retrieve and transform 1`] = `
[
  {
    "category": "event",
    "overview": {
      "actors": [],
      "categories": [],
      "classification": "15",
      "directors": [
        "Jon Favreau",
      ],
      "year": "2014",
    },
    "performances": [
      {
        "accessibility": {
          "subtitled": true,
        },
        "bookingUrl": "https://lewisham.events.mylibrary.digital/series?sn=Deptford+Library+Cinema+Club#chef",
        "notes": "",
        "status": {},
        "time": 1769781600000,
      },
    ],
    "showingId": "lewisham.gov.uk-deptford-lounge-chef-1769781600000",
    "title": "Chef",
    "url": "https://lewisham.events.mylibrary.digital/series?sn=Deptford+Library+Cinema+Club#chef",
  },
]
`;
