// Jest Snapshot v1, https://goo.gl/fbAQLP

exports[`Stow Film Lounge retrieve and find events: Signature Brewery events 1`] = `
[
  {
    "category": "event",
    "overview": {
      "actors": [],
      "categories": [],
      "classification": "PG",
      "directors": [
        "Pablo Berger",
      ],
      "duration": 6180000,
      "year": "2023",
    },
    "performances": [
      {
        "accessibility": {},
        "bookingUrl": "https://www.stowfilmlounge.com/buytickets/p/robotdreams",
        "format": {},
        "notes": "",
        "status": {},
        "time": 1769716800000,
      },
    ],
    "showingId": "stowfilmlounge.com-robotdreams",
    "title": "ROBOT DREAMS",
    "url": "https://www.stowfilmlounge.com/buytickets/p/robotdreams",
  },
  {
    "category": "event",
    "overview": {
      "actors": [],
      "categories": [],
      "classification": "15",
      "directors": [
        "Rob Reiner",
      ],
      "duration": 5040000,
      "year": "2025",
    },
    "performances": [
      {
        "accessibility": {},
        "bookingUrl": "https://www.stowfilmlounge.com/buytickets/p/spinaltap2",
        "format": {},
        "notes": "",
        "status": {},
        "time": 1772135100000,
      },
    ],
    "showingId": "stowfilmlounge.com-spinaltap2",
    "title": "SPINAL TAP II",
    "url": "https://www.stowfilmlounge.com/buytickets/p/spinaltap2",
  },
]
`;

exports[`Stow Film Lounge retrieve and find events: Waltham Forest Town Hall events 1`] = `
[
  {
    "category": "event",
    "overview": {
      "actors": [],
      "categories": [],
      "classification": "15",
      "directors": [
        "Kirk Jones",
      ],
      "duration": 7260000,
      "year": "2025",
    },
    "performances": [
      {
        "accessibility": {},
        "bookingUrl": "https://www.stowfilmlounge.com/buytickets/p/iswear",
        "format": {},
        "notes": "",
        "status": {},
        "time": 1768592700000,
      },
    ],
    "showingId": "stowfilmlounge.com-iswear",
    "title": "I SWEAR",
    "url": "https://www.stowfilmlounge.com/buytickets/p/iswear",
  },
  {
    "category": "event",
    "overview": {
      "actors": [],
      "categories": [],
      "classification": "12",
      "directors": [
        "Mike Cheslik",
      ],
      "duration": 6480000,
      "year": "2022",
    },
    "performances": [
      {
        "accessibility": {},
        "bookingUrl": "https://www.stowfilmlounge.com/buytickets/p/hundredsofbeavers",
        "format": {},
        "notes": "",
        "status": {},
        "time": 1770407100000,
      },
    ],
    "showingId": "stowfilmlounge.com-hundredsofbeavers",
    "title": "HUNDREDS OF BEAVERS",
    "url": "https://www.stowfilmlounge.com/buytickets/p/hundredsofbeavers",
  },
  {
    "category": "event",
    "overview": {
      "actors": [],
      "categories": [],
      "classification": "15",
      "directors": [
        "Alice Rhorwacher",
      ],
      "duration": 7980000,
      "year": "2024",
    },
    "performances": [
      {
        "accessibility": {},
        "bookingUrl": "https://www.stowfilmlounge.com/buytickets/p/lachimera",
        "format": {},
        "notes": "",
        "status": {},
        "time": 1772221500000,
      },
    ],
    "showingId": "stowfilmlounge.com-lachimera",
    "title": "LA CHIMERA",
    "url": "https://www.stowfilmlounge.com/buytickets/p/lachimera",
  },
]
`;
