// Jest Snapshot v1, https://goo.gl/fbAQLP

exports[`Riverside Studios retrieve and transform 1`] = `
[
  {
    "category": "event",
    "overview": {
      "actors": [],
      "categories": [],
      "directors": [],
      "duration": 11820000,
    },
    "performances": [
      {
        "accessibility": {},
        "bookingUrl": "https://riversidestudios.co.uk/whats-on/w7-avatar-fire-ash/",
        "notes": "",
        "status": {},
        "time": 1766172000000,
      },
      {
        "accessibility": {},
        "bookingUrl": "https://riversidestudios.co.uk/whats-on/w7-avatar-fire-ash/",
        "notes": "",
        "status": {},
        "time": 1766230800000,
      },
      {
        "accessibility": {},
        "bookingUrl": "https://riversidestudios.co.uk/whats-on/w7-avatar-fire-ash/",
        "notes": "",
        "status": {},
        "time": 1766244600000,
      },
      {
        "accessibility": {},
        "bookingUrl": "https://riversidestudios.co.uk/whats-on/w7-avatar-fire-ash/",
        "notes": "",
        "status": {},
        "time": 1766258400000,
      },
      {
        "accessibility": {},
        "bookingUrl": "https://riversidestudios.co.uk/whats-on/w7-avatar-fire-ash/",
        "notes": "",
        "status": {},
        "time": 1766401200000,
      },
      {
        "accessibility": {},
        "bookingUrl": "https://riversidestudios.co.uk/whats-on/w7-avatar-fire-ash/",
        "notes": "",
        "status": {},
        "time": 1766417400000,
      },
      {
        "accessibility": {},
        "bookingUrl": "https://riversidestudios.co.uk/whats-on/w7-avatar-fire-ash/",
        "notes": "",
        "status": {},
        "time": 1766490000000,
      },
      {
        "accessibility": {},
        "bookingUrl": "https://riversidestudios.co.uk/whats-on/w7-avatar-fire-ash/",
        "notes": "",
        "status": {},
        "time": 1766503800000,
      },
      {
        "accessibility": {},
        "bookingUrl": "https://riversidestudios.co.uk/whats-on/w7-avatar-fire-ash/",
        "notes": "",
        "status": {},
        "time": 1766517600000,
      },
      {
        "accessibility": {},
        "bookingUrl": "https://riversidestudios.co.uk/whats-on/w7-avatar-fire-ash/",
        "notes": "",
        "status": {},
        "time": 1766576400000,
      },
      {
        "accessibility": {},
        "bookingUrl": "https://riversidestudios.co.uk/whats-on/w7-avatar-fire-ash/",
        "notes": "",
        "status": {},
        "time": 1766590200000,
      },
    ],
    "showingId": "riversidestudios.co.uk-402",
    "title": "Avatar: Fire & Ash",
    "url": "https://riversidestudios.co.uk/whats-on/w7-avatar-fire-ash/",
  },
  {
    "category": "event",
    "overview": {
      "actors": [],
      "categories": [],
      "directors": [],
      "duration": 6000000,
    },
    "performances": [
      {
        "accessibility": {},
        "bookingUrl": "https://riversidestudios.co.uk/whats-on/1P-blue-moon/",
        "notes": "",
        "status": {},
        "time": 1766080800000,
      },
    ],
    "showingId": "riversidestudios.co.uk-561",
    "title": "Blue Moon",
    "url": "https://riversidestudios.co.uk/whats-on/1P-blue-moon/",
  },
  {
    "category": "event",
    "overview": {
      "actors": [],
      "categories": [],
      "directors": [],
      "duration": 5940000,
    },
    "performances": [
      {
        "accessibility": {},
        "bookingUrl": "https://riversidestudios.co.uk/whats-on/1K-eleanor-the-great/",
        "notes": "",
        "status": {},
        "time": 1765561500000,
      },
      {
        "accessibility": {},
        "bookingUrl": "https://riversidestudios.co.uk/whats-on/1K-eleanor-the-great/",
        "notes": "",
        "status": {},
        "time": 1765647900000,
      },
      {
        "accessibility": {},
        "bookingUrl": "https://riversidestudios.co.uk/whats-on/1K-eleanor-the-great/",
        "notes": "",
        "status": {},
        "time": 1765734300000,
      },
      {
        "accessibility": {},
        "bookingUrl": "https://riversidestudios.co.uk/whats-on/1K-eleanor-the-great/",
        "notes": "",
        "status": {},
        "time": 1765796400000,
      },
      {
        "accessibility": {},
        "bookingUrl": "https://riversidestudios.co.uk/whats-on/1K-eleanor-the-great/",
        "notes": "",
        "status": {},
        "time": 1765820700000,
      },
      {
        "accessibility": {},
        "bookingUrl": "https://riversidestudios.co.uk/whats-on/1K-eleanor-the-great/",
        "notes": "",
        "status": {},
        "time": 1765908600000,
      },
      {
        "accessibility": {},
        "bookingUrl": "https://riversidestudios.co.uk/whats-on/1K-eleanor-the-great/",
        "notes": "",
        "status": {},
        "time": 1765971000000,
      },
      {
        "accessibility": {},
        "bookingUrl": "https://riversidestudios.co.uk/whats-on/1K-eleanor-the-great/",
        "notes": "",
        "status": {},
        "time": 1766003400000,
      },
      {
        "accessibility": {},
        "bookingUrl": "https://riversidestudios.co.uk/whats-on/1K-eleanor-the-great/",
        "notes": "",
        "status": {},
        "time": 1766079900000,
      },
    ],
    "showingId": "riversidestudios.co.uk-578",
    "title": "Eleanor The Great",
    "url": "https://riversidestudios.co.uk/whats-on/1K-eleanor-the-great/",
  },
  {
    "category": "event",
    "overview": {
      "actors": [],
      "categories": [],
      "directors": [],
      "duration": 9000000,
    },
    "performances": [
      {
        "accessibility": {},
        "bookingUrl": "https://riversidestudios.co.uk/whats-on/1J-hancocks-half-hour-triple-bill-part-xi/",
        "notes": "",
        "status": {},
        "time": 1769868000000,
      },
    ],
    "showingId": "riversidestudios.co.uk-582",
    "title": "Hancock's Half Hour Triple Bill: Part XI",
    "url": "https://riversidestudios.co.uk/whats-on/1J-hancocks-half-hour-triple-bill-part-xi/",
  },
  {
    "category": "event",
    "overview": {
      "actors": [],
      "categories": [],
      "directors": [],
      "duration": 6240000,
    },
    "performances": [
      {
        "accessibility": {},
        "bookingUrl": "https://riversidestudios.co.uk/whats-on/1C-how-the-grinch-stole-christmas-25th-anniversary/",
        "notes": "",
        "status": {},
        "time": 1765638900000,
      },
      {
        "accessibility": {},
        "bookingUrl": "https://riversidestudios.co.uk/whats-on/1C-how-the-grinch-stole-christmas-25th-anniversary/",
        "notes": "",
        "status": {},
        "time": 1765994400000,
      },
    ],
    "showingId": "riversidestudios.co.uk-585",
    "title": "How the Grinch Stole Christmas: 25th Anniversary",
    "url": "https://riversidestudios.co.uk/whats-on/1C-how-the-grinch-stole-christmas-25th-anniversary/",
  },
  {
    "category": "event",
    "overview": {
      "actors": [],
      "categories": [],
      "directors": [],
      "duration": 6240000,
    },
    "performances": [
      {
        "accessibility": {},
        "bookingUrl": "https://riversidestudios.co.uk/whats-on/wk-it-was-just-an-accident/",
        "notes": "",
        "status": {},
        "time": 1765464000000,
      },
      {
        "accessibility": {},
        "bookingUrl": "https://riversidestudios.co.uk/whats-on/wk-it-was-just-an-accident/",
        "notes": "",
        "status": {},
        "time": 1765485000000,
      },
      {
        "accessibility": {},
        "bookingUrl": "https://riversidestudios.co.uk/whats-on/wk-it-was-just-an-accident/",
        "notes": "",
        "status": {},
        "time": 1765562400000,
      },
      {
        "accessibility": {},
        "bookingUrl": "https://riversidestudios.co.uk/whats-on/wk-it-was-just-an-accident/",
        "notes": "",
        "status": {},
        "time": 1765623600000,
      },
      {
        "accessibility": {},
        "bookingUrl": "https://riversidestudios.co.uk/whats-on/wk-it-was-just-an-accident/",
        "notes": "",
        "status": {},
        "time": 1765710000000,
      },
      {
        "accessibility": {},
        "bookingUrl": "https://riversidestudios.co.uk/whats-on/wk-it-was-just-an-accident/",
        "notes": "",
        "status": {},
        "time": 1765718100000,
      },
      {
        "accessibility": {},
        "bookingUrl": "https://riversidestudios.co.uk/whats-on/wk-it-was-just-an-accident/",
        "notes": "",
        "status": {},
        "time": 1765812600000,
      },
      {
        "accessibility": {},
        "bookingUrl": "https://riversidestudios.co.uk/whats-on/wk-it-was-just-an-accident/",
        "notes": "",
        "status": {},
        "time": 1765883400000,
      },
    ],
    "showingId": "riversidestudios.co.uk-411",
    "title": "It Was Just an Accident",
    "url": "https://riversidestudios.co.uk/whats-on/wk-it-was-just-an-accident/",
  },
  {
    "category": "event",
    "overview": {
      "actors": [],
      "categories": [],
      "directors": [],
      "duration": 7800000,
    },
    "performances": [
      {
        "accessibility": {},
        "bookingUrl": "https://riversidestudios.co.uk/whats-on/1I-its-a-wonderful-life-4k-restoration/",
        "notes": "",
        "status": {},
        "time": 1766261700000,
      },
      {
        "accessibility": {},
        "bookingUrl": "https://riversidestudios.co.uk/whats-on/1I-its-a-wonderful-life-4k-restoration/",
        "notes": "",
        "status": {},
        "time": 1766403000000,
      },
      {
        "accessibility": {},
        "bookingUrl": "https://riversidestudios.co.uk/whats-on/1I-its-a-wonderful-life-4k-restoration/",
        "notes": "",
        "status": {},
        "time": 1766521800000,
      },
      {
        "accessibility": {},
        "bookingUrl": "https://riversidestudios.co.uk/whats-on/1I-its-a-wonderful-life-4k-restoration/",
        "notes": "",
        "status": {},
        "time": 1766590200000,
      },
    ],
    "showingId": "riversidestudios.co.uk-594",
    "title": "It's a Wonderful Life (4K Restoration)",
    "url": "https://riversidestudios.co.uk/whats-on/1I-its-a-wonderful-life-4k-restoration/",
  },
  {
    "category": "event",
    "overview": {
      "actors": [],
      "categories": [],
      "directors": [],
      "duration": 14460000,
    },
    "performances": [
      {
        "accessibility": {},
        "bookingUrl": "https://riversidestudios.co.uk/whats-on/1k-kill-bill-the-whole-bloody-affair/",
        "notes": "",
        "status": {},
        "time": 1768046400000,
      },
      {
        "accessibility": {},
        "bookingUrl": "https://riversidestudios.co.uk/whats-on/1k-kill-bill-the-whole-bloody-affair/",
        "notes": "",
        "status": {},
        "time": 1768136400000,
      },
    ],
    "showingId": "riversidestudios.co.uk-597",
    "title": "Kill Bill: The Whole Bloody Affair",
    "url": "https://riversidestudios.co.uk/whats-on/1k-kill-bill-the-whole-bloody-affair/",
  },
  {
    "category": "event",
    "overview": {
      "actors": [],
      "categories": [],
      "directors": [],
      "duration": 6240000,
    },
    "performances": [
      {
        "accessibility": {},
        "bookingUrl": "https://riversidestudios.co.uk/whats-on/g0-london-short-film-festival-showcase-palestine-looks-back/",
        "notes": "",
        "status": {},
        "time": 1769805000000,
      },
    ],
    "showingId": "riversidestudios.co.uk-974",
    "title": "London Short Film Festival Showcase: Palestine Looks Back",
    "url": "https://riversidestudios.co.uk/whats-on/g0-london-short-film-festival-showcase-palestine-looks-back/",
  },
  {
    "category": "event",
    "overview": {
      "actors": [],
      "categories": [],
      "directors": [],
      "duration": 8100000,
    },
    "performances": [
      {
        "accessibility": {},
        "bookingUrl": "https://riversidestudios.co.uk/whats-on/1a-love-actually-4k-restoration/",
        "notes": "",
        "status": {},
        "time": 1765915200000,
      },
    ],
    "showingId": "riversidestudios.co.uk-607",
    "title": "Love Actually (4K Restoration)",
    "url": "https://riversidestudios.co.uk/whats-on/1a-love-actually-4k-restoration/",
  },
  {
    "category": "event",
    "overview": {
      "actors": [],
      "categories": [],
      "directors": [],
      "duration": 8940000,
    },
    "performances": [
      {
        "accessibility": {},
        "bookingUrl": "https://riversidestudios.co.uk/whats-on/1h-marty-supreme/",
        "notes": "",
        "status": {},
        "time": 1767298200000,
      },
      {
        "accessibility": {},
        "bookingUrl": "https://riversidestudios.co.uk/whats-on/1h-marty-supreme/",
        "notes": "",
        "status": {},
        "time": 1767384600000,
      },
      {
        "accessibility": {},
        "bookingUrl": "https://riversidestudios.co.uk/whats-on/1h-marty-supreme/",
        "notes": "",
        "status": {},
        "time": 1767471000000,
      },
      {
        "accessibility": {},
        "bookingUrl": "https://riversidestudios.co.uk/whats-on/1h-marty-supreme/",
        "notes": "",
        "status": {},
        "time": 1767557400000,
      },
      {
        "accessibility": {},
        "bookingUrl": "https://riversidestudios.co.uk/whats-on/1h-marty-supreme/",
        "notes": "",
        "status": {},
        "time": 1767643800000,
      },
      {
        "accessibility": {},
        "bookingUrl": "https://riversidestudios.co.uk/whats-on/1h-marty-supreme/",
        "notes": "",
        "status": {},
        "time": 1767730200000,
      },
      {
        "accessibility": {},
        "bookingUrl": "https://riversidestudios.co.uk/whats-on/1h-marty-supreme/",
        "notes": "",
        "status": {},
        "time": 1767816600000,
      },
      {
        "accessibility": {},
        "bookingUrl": "https://riversidestudios.co.uk/whats-on/1h-marty-supreme/",
        "notes": "",
        "status": {},
        "time": 1767903000000,
      },
    ],
    "showingId": "riversidestudios.co.uk-619",
    "title": "Marty Supreme",
    "url": "https://riversidestudios.co.uk/whats-on/1h-marty-supreme/",
  },
  {
    "category": "event",
    "overview": {
      "actors": [],
      "categories": [],
      "directors": [],
      "duration": 7200000,
    },
    "performances": [
      {
        "accessibility": {},
        "bookingUrl": "https://riversidestudios.co.uk/whats-on/b9-national-theatre-live-hamlet/",
        "notes": "",
        "status": {},
        "time": 1769108400000,
      },
    ],
    "showingId": "riversidestudios.co.uk-634",
    "title": "National Theatre Live: Hamlet",
    "url": "https://riversidestudios.co.uk/whats-on/b9-national-theatre-live-hamlet/",
  },
  {
    "category": "event",
    "overview": {
      "actors": [],
      "categories": [],
      "directors": [],
      "duration": 9300000,
    },
    "performances": [
      {
        "accessibility": {},
        "bookingUrl": "https://riversidestudios.co.uk/whats-on/bJ-once-upon-a-time-in-hollywood-qa/",
        "notes": "",
        "status": {},
        "time": 1768064400000,
      },
    ],
    "showingId": "riversidestudios.co.uk-644",
    "title": "Once Upon a Time in Hollywood + Q&A",
    "url": "https://riversidestudios.co.uk/whats-on/bJ-once-upon-a-time-in-hollywood-qa/",
  },
  {
    "category": "event",
    "overview": {
      "actors": [],
      "categories": [],
      "directors": [],
      "duration": 6420000,
    },
    "performances": [
      {
        "accessibility": {},
        "bookingUrl": "https://riversidestudios.co.uk/whats-on/be-pillion/",
        "notes": "",
        "status": {},
        "time": 1765569600000,
      },
      {
        "accessibility": {},
        "bookingUrl": "https://riversidestudios.co.uk/whats-on/be-pillion/",
        "notes": "",
        "status": {},
        "time": 1765916400000,
      },
      {
        "accessibility": {},
        "bookingUrl": "https://riversidestudios.co.uk/whats-on/be-pillion/",
        "notes": "",
        "status": {},
        "time": 1766088000000,
      },
    ],
    "showingId": "riversidestudios.co.uk-668",
    "title": "Pillion",
    "url": "https://riversidestudios.co.uk/whats-on/be-pillion/",
  },
  {
    "category": "event",
    "overview": {
      "actors": [],
      "categories": [],
      "directors": [],
      "duration": 10020000,
    },
    "performances": [
      {
        "accessibility": {},
        "bookingUrl": "https://riversidestudios.co.uk/whats-on/LN-the-cure-the-show-of-a-lost-world/",
        "notes": "",
        "status": {},
        "time": 1765482600000,
      },
      {
        "accessibility": {},
        "bookingUrl": "https://riversidestudios.co.uk/whats-on/LN-the-cure-the-show-of-a-lost-world/",
        "notes": "",
        "status": {},
        "time": 1765722600000,
      },
    ],
    "showingId": "riversidestudios.co.uk-507",
    "title": "The Cure: The Show of a Lost World",
    "url": "https://riversidestudios.co.uk/whats-on/LN-the-cure-the-show-of-a-lost-world/",
  },
  {
    "category": "event",
    "overview": {
      "actors": [],
      "categories": [],
      "directors": [],
      "duration": 7740000,
    },
    "performances": [
      {
        "accessibility": {},
        "bookingUrl": "https://riversidestudios.co.uk/whats-on/9y-thunderball-60th-anniversary-screening-live-qa-with-martine-beswick/",
        "notes": "",
        "status": {},
        "time": 1765634400000,
      },
    ],
    "showingId": "riversidestudios.co.uk-924",
    "title": "Thunderball 60th Anniversary Screening + Live Q&A with Martine Beswick",
    "url": "https://riversidestudios.co.uk/whats-on/9y-thunderball-60th-anniversary-screening-live-qa-with-martine-beswick/",
  },
  {
    "category": "event",
    "overview": {
      "actors": [],
      "categories": [],
      "directors": [],
      "duration": 8400000,
    },
    "performances": [
      {
        "accessibility": {},
        "bookingUrl": "https://riversidestudios.co.uk/whats-on/LF-wake-up-dead-man-a-knives-out-mystery/",
        "notes": "",
        "status": {},
        "time": 1765571400000,
      },
      {
        "accessibility": {},
        "bookingUrl": "https://riversidestudios.co.uk/whats-on/LF-wake-up-dead-man-a-knives-out-mystery/",
        "notes": "",
        "status": {},
        "time": 1765647000000,
      },
      {
        "accessibility": {},
        "bookingUrl": "https://riversidestudios.co.uk/whats-on/LF-wake-up-dead-man-a-knives-out-mystery/",
        "notes": "",
        "status": {},
        "time": 1765734300000,
      },
      {
        "accessibility": {},
        "bookingUrl": "https://riversidestudios.co.uk/whats-on/LF-wake-up-dead-man-a-knives-out-mystery/",
        "notes": "",
        "status": {},
        "time": 1765819800000,
      },
      {
        "accessibility": {},
        "bookingUrl": "https://riversidestudios.co.uk/whats-on/LF-wake-up-dead-man-a-knives-out-mystery/",
        "notes": "",
        "status": {},
        "time": 1765904400000,
      },
      {
        "accessibility": {},
        "bookingUrl": "https://riversidestudios.co.uk/whats-on/LF-wake-up-dead-man-a-knives-out-mystery/",
        "notes": "",
        "status": {},
        "time": 1766070000000,
      },
    ],
    "showingId": "riversidestudios.co.uk-519",
    "title": "Wake Up Dead Man: A Knives Out Mystery",
    "url": "https://riversidestudios.co.uk/whats-on/LF-wake-up-dead-man-a-knives-out-mystery/",
  },
  {
    "category": "event",
    "overview": {
      "actors": [],
      "categories": [],
      "directors": [],
      "duration": 8280000,
    },
    "performances": [
      {
        "accessibility": {},
        "bookingUrl": "https://riversidestudios.co.uk/whats-on/Ls-wicked-for-good/",
        "notes": "",
        "status": {},
        "time": 1765463400000,
      },
      {
        "accessibility": {},
        "bookingUrl": "https://riversidestudios.co.uk/whats-on/Ls-wicked-for-good/",
        "notes": "",
        "status": {},
        "time": 1765472400000,
      },
      {
        "accessibility": {},
        "bookingUrl": "https://riversidestudios.co.uk/whats-on/Ls-wicked-for-good/",
        "notes": "",
        "status": {},
        "time": 1765628700000,
      },
      {
        "accessibility": {},
        "bookingUrl": "https://riversidestudios.co.uk/whats-on/Ls-wicked-for-good/",
        "notes": "",
        "status": {},
        "time": 1765809000000,
      },
      {
        "accessibility": {},
        "bookingUrl": "https://riversidestudios.co.uk/whats-on/Ls-wicked-for-good/",
        "notes": "",
        "status": {},
        "time": 1765882800000,
      },
      {
        "accessibility": {},
        "bookingUrl": "https://riversidestudios.co.uk/whats-on/Ls-wicked-for-good/",
        "notes": "",
        "status": {},
        "time": 1765893600000,
      },
      {
        "accessibility": {},
        "bookingUrl": "https://riversidestudios.co.uk/whats-on/Ls-wicked-for-good/",
        "notes": "",
        "status": {},
        "time": 1765992600000,
      },
      {
        "accessibility": {},
        "bookingUrl": "https://riversidestudios.co.uk/whats-on/Ls-wicked-for-good/",
        "notes": "",
        "status": {},
        "time": 1766068200000,
      },
    ],
    "showingId": "riversidestudios.co.uk-530",
    "title": "Wicked: For Good",
    "url": "https://riversidestudios.co.uk/whats-on/Ls-wicked-for-good/",
  },
]
`;
