// Jest Snapshot v1, https://goo.gl/fbAQLP

exports[`Irish Cultural Centre retrieve and transform 1`] = `
[
  {
    "category": "event",
    "overview": {
      "actors": [],
      "categories": [],
      "directors": [],
    },
    "performances": [
      {
        "accessibility": {},
        "bookingUrl": "https://irishculturalcentre.co.uk/event/david-keenan-focla-ar-chanbhas-words-on-canvas/",
        "notes": "",
        "status": {},
        "time": 1771444800000,
      },
    ],
    "showingId": "irishculturalcentre.co.uk-david-keenan-focla-ar-chanbhas-words-on-canvas",
    "title": "David Keenan: Focla ar Chanbhás (Words on Canvas)",
    "url": "https://irishculturalcentre.co.uk/event/david-keenan-focla-ar-chanbhas-words-on-canvas/",
  },
]
`;
