// Jest Snapshot v1, https://goo.gl/fbAQLP

exports[`Ognisko Polskie retrieve and transform 1`] = `
[
  {
    "category": "event",
    "overview": {
      "actors": [],
      "categories": [],
      "directors": [],
    },
    "performances": [
      {
        "accessibility": {},
        "bookingUrl": "https://www.ogniskopolskie.org.uk/product/10-sep-tovarisch/167",
        "format": {},
        "notes": "",
        "status": {},
        "time": 1789063200000,
      },
    ],
    "showingId": "ogniskopolskie.org.uk-167",
    "title": "10 Sep | Tovarisch",
    "url": "https://www.ogniskopolskie.org.uk/product/10-sep-tovarisch/167",
  },
  {
    "category": "event",
    "overview": {
      "actors": [],
      "categories": [],
      "directors": [],
    },
    "performances": [
      {
        "accessibility": {},
        "bookingUrl": "https://www.ogniskopolskie.org.uk/product/11-oct-kinoklub-kamerdyner-the-butler-/W7HJETQSPP6GYDYCUWM36AXP",
        "format": {},
        "notes": "",
        "status": {},
        "time": 1791741600000,
      },
    ],
    "showingId": "ogniskopolskie.org.uk-W7HJETQSPP6GYDYCUWM36AXP",
    "title": "11 Oct |  KinoKlub - Kamerdyner (The Butler)",
    "url": "https://www.ogniskopolskie.org.uk/product/11-oct-kinoklub-kamerdyner-the-butler-/W7HJETQSPP6GYDYCUWM36AXP",
  },
]
`;
