// Jest Snapshot v1, https://goo.gl/fbAQLP

exports[`Eventim Apollo retrieve and transform 1`] = `
[
  {
    "category": "event",
    "overview": {
      "actors": [],
      "categories": [],
      "directors": [],
    },
    "performances": [
      {
        "accessibility": {},
        "bookingUrl": "https://www.eventimapollo.com/events/avatar-in-concert",
        "format": {},
        "notes": "Evening",
        "status": {},
        "time": 1792258200000,
      },
    ],
    "showingId": "eventimapollo.com-avatar-in-concert",
    "title": "Avatar: The Last Airbender In Concert",
    "url": "https://www.eventimapollo.com/events/avatar-in-concert",
  },
  {
    "category": "event",
    "overview": {
      "actors": [],
      "categories": [],
      "directors": [],
    },
    "performances": [
      {
        "accessibility": {},
        "bookingUrl": "https://www.eventimapollo.com/events/the-muppet-christmas-carol",
        "format": {},
        "notes": "Matinee",
        "status": {},
        "time": 1795874400000,
      },
    ],
    "showingId": "eventimapollo.com-the-muppet-christmas-carol",
    "title": "Disney’s The Muppet Christmas Carol in Concert",
    "url": "https://www.eventimapollo.com/events/the-muppet-christmas-carol",
  },
  {
    "category": "event",
    "overview": {
      "actors": [],
      "categories": [],
      "directors": [],
    },
    "performances": [
      {
        "accessibility": {},
        "bookingUrl": "https://www.eventimapollo.com/events/dungeons-dragons",
        "format": {},
        "notes": "Evening",
        "status": {},
        "time": 1790789400000,
      },
    ],
    "showingId": "eventimapollo.com-dungeons-dragons",
    "title": "Dungeons & Dragons: Honour Among Thieves in Concert",
    "url": "https://www.eventimapollo.com/events/dungeons-dragons",
  },
  {
    "category": "event",
    "overview": {
      "actors": [],
      "categories": [],
      "directors": [],
    },
    "performances": [
      {
        "accessibility": {},
        "bookingUrl": "https://www.eventimapollo.com/events/hocus-pocus-in-concert",
        "format": {},
        "notes": "Matinee",
        "status": {},
        "time": 1792935000000,
      },
    ],
    "showingId": "eventimapollo.com-hocus-pocus-in-concert",
    "title": "Hocus Pocus in Concert",
    "url": "https://www.eventimapollo.com/events/hocus-pocus-in-concert",
  },
  {
    "category": "event",
    "overview": {
      "actors": [],
      "categories": [],
      "directors": [],
    },
    "performances": [
      {
        "accessibility": {},
        "bookingUrl": "https://www.eventimapollo.com/events/war-of-the-worlds",
        "format": {},
        "notes": "Evening",
        "status": {},
        "time": 1792864800000,
      },
    ],
    "showingId": "eventimapollo.com-war-of-the-worlds",
    "title": "Jeff Wayne’s Musical Version of The War of The Worlds",
    "url": "https://www.eventimapollo.com/events/war-of-the-worlds",
  },
  {
    "category": "event",
    "overview": {
      "actors": [],
      "categories": [],
      "directors": [],
    },
    "performances": [
      {
        "accessibility": {},
        "bookingUrl": "https://www.eventimapollo.com/events/labyrinth-in-concert",
        "format": {},
        "notes": "Evening",
        "status": {},
        "time": 1792953000000,
      },
    ],
    "showingId": "eventimapollo.com-labyrinth-in-concert",
    "title": "Jim Henson's Labyrinth: In Concert",
    "url": "https://www.eventimapollo.com/events/labyrinth-in-concert",
  },
  {
    "category": "event",
    "overview": {
      "actors": [],
      "categories": [],
      "directors": [],
    },
    "performances": [
      {
        "accessibility": {},
        "bookingUrl": "https://www.eventimapollo.com/events/love-actually-2026",
        "format": {},
        "notes": "Evening",
        "status": {},
        "time": 1796236200000,
      },
    ],
    "showingId": "eventimapollo.com-love-actually-2026",
    "title": "Love Actually Live in Concert - Film with Orchestra",
    "url": "https://www.eventimapollo.com/events/love-actually-2026",
  },
  {
    "category": "event",
    "overview": {
      "actors": [],
      "categories": [],
      "directors": [],
    },
    "performances": [
      {
        "accessibility": {},
        "bookingUrl": "https://www.eventimapollo.com/events/marvel-infinity-saga-concert",
        "format": {},
        "notes": "Evening",
        "status": {},
        "time": 1802370600000,
      },
    ],
    "showingId": "eventimapollo.com-marvel-infinity-saga-concert",
    "title": "Marvel Studios' Infinity Saga Concert Experience",
    "url": "https://www.eventimapollo.com/events/marvel-infinity-saga-concert",
  },
  {
    "category": "event",
    "overview": {
      "actors": [],
      "categories": [],
      "directors": [],
    },
    "performances": [
      {
        "accessibility": {},
        "bookingUrl": "https://www.eventimapollo.com/events/my-hero-academia-in-concert",
        "format": {},
        "notes": "Evening",
        "status": {},
        "time": 1789927200000,
      },
    ],
    "showingId": "eventimapollo.com-my-hero-academia-in-concert",
    "title": "My Hero Academia in Concert",
    "url": "https://www.eventimapollo.com/events/my-hero-academia-in-concert",
  },
  {
    "category": "event",
    "overview": {
      "actors": [],
      "categories": [],
      "directors": [],
    },
    "performances": [
      {
        "accessibility": {},
        "bookingUrl": "https://www.eventimapollo.com/events/outlander-in-concert",
        "format": {},
        "notes": "Evening",
        "status": {},
        "time": 1802804400000,
      },
    ],
    "showingId": "eventimapollo.com-outlander-in-concert",
    "title": "Outlander in Concert",
    "url": "https://www.eventimapollo.com/events/outlander-in-concert",
  },
  {
    "category": "event",
    "overview": {
      "actors": [],
      "categories": [],
      "directors": [],
    },
    "performances": [
      {
        "accessibility": {},
        "bookingUrl": "https://www.eventimapollo.com/events/sleepless-in-seattle",
        "format": {},
        "notes": "Evening",
        "status": {},
        "time": 1797706800000,
      },
    ],
    "showingId": "eventimapollo.com-sleepless-in-seattle",
    "title": "Sleepless in Seattle in Concert",
    "url": "https://www.eventimapollo.com/events/sleepless-in-seattle",
  },
  {
    "category": "event",
    "overview": {
      "actors": [],
      "categories": [],
      "directors": [],
    },
    "performances": [
      {
        "accessibility": {},
        "bookingUrl": "https://www.eventimapollo.com/events/spider-man",
        "format": {},
        "notes": "Matinee",
        "status": {},
        "time": 1797685200000,
      },
    ],
    "showingId": "eventimapollo.com-spider-man",
    "title": "Spider-Man: Across the Spider-Verse",
    "url": "https://www.eventimapollo.com/events/spider-man",
  },
  {
    "category": "event",
    "overview": {
      "actors": [],
      "categories": [],
      "directors": [],
    },
    "performances": [
      {
        "accessibility": {},
        "bookingUrl": "https://www.eventimapollo.com/events/the-holiday-in-concert",
        "format": {},
        "notes": "Matinee",
        "status": {},
        "time": 1795959000000,
      },
      {
        "accessibility": {},
        "bookingUrl": "https://www.eventimapollo.com/events/the-holiday-in-concert",
        "format": {},
        "notes": "Matinee",
        "status": {},
        "time": 1796563800000,
      },
      {
        "accessibility": {},
        "bookingUrl": "https://www.eventimapollo.com/events/the-holiday-in-concert",
        "format": {},
        "notes": "Evening",
        "status": {},
        "time": 1796581800000,
      },
    ],
    "showingId": "eventimapollo.com-the-holiday-in-concert",
    "title": "The Holiday in Concert",
    "url": "https://www.eventimapollo.com/events/the-holiday-in-concert",
  },
  {
    "category": "event",
    "overview": {
      "actors": [],
      "categories": [],
      "directors": [],
    },
    "performances": [
      {
        "accessibility": {},
        "bookingUrl": "https://www.eventimapollo.com/events/legend-of-korra",
        "format": {},
        "notes": "Evening",
        "status": {},
        "time": 1801420200000,
      },
    ],
    "showingId": "eventimapollo.com-legend-of-korra",
    "title": "The Legend of Korra in Concert",
    "url": "https://www.eventimapollo.com/events/legend-of-korra",
  },
  {
    "category": "event",
    "overview": {
      "actors": [],
      "categories": [],
      "directors": [],
    },
    "performances": [
      {
        "accessibility": {},
        "bookingUrl": "https://www.eventimapollo.com/events/the-witcher-in-concert",
        "format": {},
        "notes": "Evening",
        "status": {},
        "time": 1793300400000,
      },
    ],
    "showingId": "eventimapollo.com-the-witcher-in-concert",
    "title": "The Witcher in Concert",
    "url": "https://www.eventimapollo.com/events/the-witcher-in-concert",
  },
  {
    "category": "event",
    "overview": {
      "actors": [],
      "categories": [],
      "directors": [],
    },
    "performances": [
      {
        "accessibility": {},
        "bookingUrl": "https://www.eventimapollo.com/events/twilight-in-concert",
        "format": {},
        "notes": "Matinee",
        "status": {},
        "time": 1802008800000,
      },
    ],
    "showingId": "eventimapollo.com-twilight-in-concert",
    "title": "Twilight: New Moon in Concert",
    "url": "https://www.eventimapollo.com/events/twilight-in-concert",
  },
]
`;
