// Jest Snapshot v1, https://goo.gl/fbAQLP

exports[`Everyman Broadgate retrieve and transform 1`] = `
[
  {
    "category": "event",
    "overview": {
      "actors": [
        "Jodie Foster",
        "Daniel Auteuil",
        "Virginie Efira",
        "Mathieu Amalric",
        "Vincent Lacoste",
        "Luàna Bajrami",
        "Sophie Guillemin",
        "Noam Morgensztern",
        "Frederick Wiseman",
        "Aurore Clément",
      ],
      "categories": [
        "Detective",
        "Thriller",
        "Drama",
      ],
      "classification": "15",
      "directors": [
        "Rebecca Zlotowski",
      ],
      "duration": 6420000,
    },
    "performances": [
      {
        "accessibility": {},
        "bookingUrl": "https://purchase.everymancinema.com/launch/ticketing/f87bb1c5-7aba-5441-8708-47f2cff7e8e3",
        "format": {},
        "notes": "42% of seats sold",
        "status": {
          "soldOut": false,
        },
        "time": 1783862100000,
      },
      {
        "accessibility": {},
        "bookingUrl": "https://purchase.everymancinema.com/launch/ticketing/33af8340-e07f-583e-958c-b8a8447d8615",
        "format": {},
        "notes": "0% of seats sold",
        "status": {
          "soldOut": false,
        },
        "time": 1783940400000,
      },
      {
        "accessibility": {
          "hardOfHearing": true,
        },
        "bookingUrl": "https://purchase.everymancinema.com/launch/ticketing/182b57fc-09f4-55ec-9e8f-467b6a3b5ecf",
        "format": {},
        "notes": "0% of seats sold",
        "status": {
          "soldOut": false,
        },
        "time": 1784125800000,
      },
      {
        "accessibility": {
          "hardOfHearing": true,
        },
        "bookingUrl": "https://purchase.everymancinema.com/launch/ticketing/6af53558-7301-5d9f-81c1-922f146ca416",
        "format": {},
        "notes": "51% of seats sold",
        "status": {
          "soldOut": false,
        },
        "time": 1784197800000,
      },
    ],
    "showingId": "everymancinema.com-broadgate-1000000193",
    "title": "A Private Life",
    "url": "https://www.everymancinema.com/film-listing/1000000193-a-private-life",
  },
  {
    "category": "event",
    "overview": {
      "actors": [
        "Chiwetel Ejiofor",
        "Renate Reinsve",
        "Mark Duplass",
        "Finn Bennett",
        "Lukita Maxwell",
        "Avan Jogia",
        "Krista Kosonen",
        "Philip Granger",
        "Robert Bobroczkyi",
        "Ember Ambrose",
      ],
      "categories": [
        "Horror",
        "Science fiction",
      ],
      "classification": "15",
      "directors": [
        "Kane Parsons",
      ],
      "duration": 7560000,
      "trailer": "https://www.youtube.com/watch?v=5C-zBIuvGnU",
    },
    "performances": [
      {
        "accessibility": {},
        "bookingUrl": "https://purchase.everymancinema.com/launch/ticketing/17b9429d-3709-5658-8961-8b95669b32a9",
        "format": {},
        "notes": "0% of seats sold",
        "status": {
          "soldOut": false,
        },
        "time": 1783854900000,
      },
      {
        "accessibility": {},
        "bookingUrl": "https://purchase.everymancinema.com/launch/ticketing/d3491e3b-aa53-509f-ade5-751482b45cf6",
        "format": {},
        "notes": "2% of seats sold",
        "status": {
          "soldOut": false,
        },
        "time": 1783953900000,
      },
      {
        "accessibility": {},
        "bookingUrl": "https://purchase.everymancinema.com/launch/ticketing/93000970-bec0-563b-a93b-950b324a8e0c",
        "format": {},
        "notes": "0% of seats sold",
        "status": {
          "soldOut": false,
        },
        "time": 1784200500000,
      },
    ],
    "showingId": "everymancinema.com-broadgate-1000048157",
    "title": "Backrooms: Everything Must Go Edition w/ Bonus Footage",
    "url": "https://www.everymancinema.com/film-listing/1000048157-backrooms-everything-must-go-edition-w-bonus-footage",
  },
  {
    "category": "event",
    "overview": {
      "actors": [
        "Leisa Gwenllian",
        "Tom Rhys Harries",
        "Owen Alun",
        "Nel Rhys Lewis",
        "Mared Llywelyn",
        "Sion Eifion",
      ],
      "categories": [
        "Drama",
      ],
      "classification": "15",
      "directors": [
        "Marc Evans",
      ],
      "duration": 5400000,
    },
    "performances": [
      {
        "accessibility": {},
        "bookingUrl": "https://purchase.everymancinema.com/launch/ticketing/cb93a5cc-2f9b-5f3a-b0b9-ef4ac151f3cd",
        "format": {},
        "notes": "0% of seats sold
One more chance to discover curated cinema beyond the mainstream.",
        "status": {
          "soldOut": false,
        },
        "time": 1784556900000,
      },
      {
        "accessibility": {},
        "bookingUrl": "https://purchase.everymancinema.com/launch/ticketing/080d0d18-603f-5a7b-895b-0f9dd315e636",
        "format": {},
        "notes": "0% of seats sold
One more chance to discover curated cinema beyond the mainstream.",
        "status": {
          "soldOut": false,
        },
        "time": 1784655000000,
      },
    ],
    "showingId": "everymancinema.com-broadgate-1000048636",
    "title": "Beyond: Effi o Blaenau",
    "url": "https://www.everymancinema.com/film-listing/1000048636-beyond-effi-o-blaenau",
  },
  {
    "category": "event",
    "overview": {
      "actors": [
        "Mads Mikkelsen",
        "Nikolaj Lie Kaas",
        "Lars Brygmann",
      ],
      "categories": [
        "Comedy",
        "Drama",
        "Thriller",
      ],
      "classification": "15",
      "directors": [
        "Anders Thomas Jensen",
      ],
      "duration": 6960000,
      "trailer": "https://www.youtube.com/watch?v=YdFbqryfdxg",
    },
    "performances": [
      {
        "accessibility": {},
        "bookingUrl": "https://purchase.everymancinema.com/launch/ticketing/6eae4a5d-4cfa-5c06-9d9c-752524770e01",
        "format": {},
        "notes": "4% of seats sold
One more chance to discover curated cinema beyond the mainstream.",
        "status": {
          "soldOut": false,
        },
        "time": 1783949400000,
      },
      {
        "accessibility": {},
        "bookingUrl": "https://purchase.everymancinema.com/launch/ticketing/fd0a8f5b-3247-5f94-81b8-deb7ecd0da7c",
        "format": {},
        "notes": "0% of seats sold
One more chance to discover curated cinema beyond the mainstream.",
        "status": {
          "soldOut": false,
        },
        "time": 1784041200000,
      },
    ],
    "showingId": "everymancinema.com-broadgate-1000047646",
    "title": "Beyond: The Last Viking",
    "url": "https://www.everymancinema.com/film-listing/1000047646-beyond-the-last-viking",
  },
  {
    "category": "event",
    "overview": {
      "actors": [
        "Emily Blunt",
        "Josh O'Connor",
        "Colin Firth",
        "Eve Hewson",
        "Colman Domingo",
        "Wyatt Russell",
        "Henry Lloyd-Hughes",
        "Jim Parrack",
        "Tommy Martinez",
        "Jeremy Shamos",
      ],
      "categories": [
        "Science fiction",
        "Thriller",
      ],
      "classification": "12A",
      "directors": [
        "Steven Spielberg",
      ],
      "duration": 8700000,
    },
    "performances": [
      {
        "accessibility": {},
        "bookingUrl": "https://purchase.everymancinema.com/launch/ticketing/fdbd9e90-b9e8-5540-917c-c5cdb559d8ec",
        "format": {},
        "notes": "85% of seats sold",
        "status": {
          "soldOut": false,
        },
        "time": 1783790100000,
      },
      {
        "accessibility": {},
        "bookingUrl": "https://purchase.everymancinema.com/launch/ticketing/2a8ba83c-194b-549c-8636-b8ad2c01a55b",
        "format": {},
        "notes": "42% of seats sold",
        "status": {
          "soldOut": false,
        },
        "time": 1783871100000,
      },
      {
        "accessibility": {},
        "bookingUrl": "https://purchase.everymancinema.com/launch/ticketing/e9d74836-9567-55bd-ac53-716b7b2d18b5",
        "format": {},
        "notes": "8% of seats sold",
        "status": {
          "soldOut": false,
        },
        "time": 1783968300000,
      },
      {
        "accessibility": {},
        "bookingUrl": "https://purchase.everymancinema.com/launch/ticketing/eda0c22c-2325-5cff-a3d5-69c17f305883",
        "format": {},
        "notes": "5% of seats sold",
        "status": {
          "soldOut": false,
        },
        "time": 1784053800000,
      },
      {
        "accessibility": {},
        "bookingUrl": "https://purchase.everymancinema.com/launch/ticketing/8ba1a3d4-e8a8-536e-a932-f1ab7648e94b",
        "format": {},
        "notes": "8% of seats sold
Reduced ticket price for guests aged 55 and over, including a complimentary hot drink and a slice of cake",
        "status": {
          "soldOut": false,
        },
        "time": 1784114100000,
      },
      {
        "accessibility": {},
        "bookingUrl": "https://purchase.everymancinema.com/launch/ticketing/eac41d52-cd90-59fd-9c52-800423182967",
        "format": {},
        "notes": "0% of seats sold",
        "status": {
          "soldOut": false,
        },
        "time": 1784210400000,
      },
    ],
    "showingId": "everymancinema.com-broadgate-1000001453",
    "title": "Disclosure Day",
    "url": "https://www.everymancinema.com/film-listing/1000001453-disclosure-day",
  },
  {
    "category": "event",
    "overview": {
      "actors": [
        "Souheila Yacoub",
        "Hunter Doohan",
        "Luciane Buchanan",
        "Tandi Wright",
        "Maude Davey",
        "Erroll Shand",
        "Keanu Karim",
        "Tapiwa Soropa",
        "George Pullar",
        "Greta van den Brink",
      ],
      "categories": [
        "Horror",
      ],
      "classification": "18",
      "directors": [
        "Sébastien Vaniček",
      ],
      "duration": 6660000,
      "trailer": "https://www.youtube.com/watch?v=YYkUkyfjUKg",
    },
    "performances": [
      {
        "accessibility": {},
        "bookingUrl": "https://purchase.everymancinema.com/launch/ticketing/bd9fbd00-c56d-5efe-8ade-21bd7bd6ba76",
        "format": {},
        "notes": "10% of seats sold",
        "status": {
          "soldOut": false,
        },
        "time": 1783798200000,
      },
      {
        "accessibility": {},
        "bookingUrl": "https://purchase.everymancinema.com/launch/ticketing/8bcb2e25-c269-5a25-a8bc-bde66bdc97b7",
        "format": {},
        "notes": "0% of seats sold",
        "status": {
          "soldOut": false,
        },
        "time": 1783807200000,
      },
      {
        "accessibility": {},
        "bookingUrl": "https://purchase.everymancinema.com/launch/ticketing/3ba85ad9-1444-525a-9a25-5cc51a3cffa0",
        "format": {},
        "notes": "6% of seats sold",
        "status": {
          "soldOut": false,
        },
        "time": 1783878300000,
      },
      {
        "accessibility": {},
        "bookingUrl": "https://purchase.everymancinema.com/launch/ticketing/281c800d-3a60-5677-b71b-7d8e6315e654",
        "format": {},
        "notes": "1% of seats sold",
        "status": {
          "soldOut": false,
        },
        "time": 1783887300000,
      },
      {
        "accessibility": {},
        "bookingUrl": "https://purchase.everymancinema.com/launch/ticketing/83f45c6b-99fd-5627-969e-3ed5ca0de47b",
        "format": {},
        "notes": "15% of seats sold",
        "status": {
          "soldOut": false,
        },
        "time": 1783959300000,
      },
      {
        "accessibility": {},
        "bookingUrl": "https://purchase.everymancinema.com/launch/ticketing/320c5649-1155-5145-9606-ae5086ec8f54",
        "format": {},
        "notes": "0% of seats sold",
        "status": {
          "soldOut": false,
        },
        "time": 1783972800000,
      },
      {
        "accessibility": {
          "hardOfHearing": true,
        },
        "bookingUrl": "https://purchase.everymancinema.com/launch/ticketing/5f2033f0-dd67-5fae-8308-26a3bc5ab748",
        "format": {},
        "notes": "0% of seats sold",
        "status": {
          "soldOut": false,
        },
        "time": 1784044800000,
      },
      {
        "accessibility": {
          "hardOfHearing": true,
        },
        "bookingUrl": "https://purchase.everymancinema.com/launch/ticketing/64470ccc-fc53-58e0-b883-0b0b0746cfc2",
        "format": {},
        "notes": "0% of seats sold",
        "status": {
          "soldOut": false,
        },
        "time": 1784051100000,
      },
      {
        "accessibility": {},
        "bookingUrl": "https://purchase.everymancinema.com/launch/ticketing/2f04c35d-42c3-5a91-aeeb-cd1a8f26e844",
        "format": {},
        "notes": "0% of seats sold",
        "status": {
          "soldOut": false,
        },
        "time": 1784060100000,
      },
      {
        "accessibility": {},
        "bookingUrl": "https://purchase.everymancinema.com/launch/ticketing/28909118-d2d9-5634-8a63-fdacdd0dbf48",
        "format": {},
        "notes": "1% of seats sold",
        "status": {
          "soldOut": false,
        },
        "time": 1784133000000,
      },
      {
        "accessibility": {},
        "bookingUrl": "https://purchase.everymancinema.com/launch/ticketing/f4c44dd4-520c-50e8-9bc3-edb5860a8c1e",
        "format": {},
        "notes": "2% of seats sold",
        "status": {
          "soldOut": false,
        },
        "time": 1784146500000,
      },
      {
        "accessibility": {},
        "bookingUrl": "https://purchase.everymancinema.com/launch/ticketing/1b470cd8-2193-577c-b1ac-a42bcc8fd8a3",
        "format": {},
        "notes": "2% of seats sold",
        "status": {
          "soldOut": false,
        },
        "time": 1784215800000,
      },
      {
        "accessibility": {},
        "bookingUrl": "https://purchase.everymancinema.com/launch/ticketing/aa7b025f-97d5-5f96-a18e-aa5d9bc36c35",
        "format": {},
        "notes": "2% of seats sold",
        "status": {
          "soldOut": false,
        },
        "time": 1784230200000,
      },
    ],
    "showingId": "everymancinema.com-broadgate-326465",
    "title": "Evil Dead Burn",
    "url": "https://www.everymancinema.com/film-listing/326465-evil-dead-burn",
  },
  {
    "category": "event",
    "overview": {
      "actors": [
        "Johnny Knoxville",
        "Bam Margera",
        "Steve-O",
        "Chris Pontius",
        "Jason Acuña",
        "Dave England",
        "Preston Lacy",
        "Ehren McGhehey",
        "Lance Bangs",
        "Tory Belleci",
      ],
      "categories": [
        "Action",
        "Comedy",
        "Documentary",
      ],
      "classification": "18",
      "directors": [
        "Jeff Tremaine",
      ],
      "duration": 5520000,
    },
    "performances": [
      {
        "accessibility": {},
        "bookingUrl": "https://purchase.everymancinema.com/launch/ticketing/67e2d5ed-de67-553e-8d73-1f2f691993f5",
        "format": {},
        "notes": "0% of seats sold",
        "status": {
          "soldOut": false,
        },
        "time": 1784134800000,
      },
      {
        "accessibility": {},
        "bookingUrl": "https://purchase.everymancinema.com/launch/ticketing/189a8520-8f75-50b6-91f2-a44bf252649b",
        "format": {},
        "notes": "0% of seats sold",
        "status": {
          "soldOut": false,
        },
        "time": 1784232000000,
      },
    ],
    "showingId": "everymancinema.com-broadgate-1000038290",
    "title": "jackass: best and last",
    "url": "https://www.everymancinema.com/film-listing/1000038290-jackass-best-and-last",
  },
  {
    "category": "event",
    "overview": {
      "actors": [
        "Jake Gyllenhaal",
        "Jena Malone",
        "Drew Barrymore",
        "Mary McDonnell",
        "Katharine Ross",
        "Patrick Swayze",
        "Noah Wyle",
        "Maggie Gyllenhaal",
        "Daveigh Chase",
        "Holmes Osborne",
      ],
      "categories": [
        "Drama",
        "Science fiction",
      ],
      "classification": "15",
      "directors": [
        "Richard Kelly",
      ],
      "duration": 6780000,
      "trailer": "https://www.youtube.com/watch?v=rPeGaos7DB4",
    },
    "performances": [
      {
        "accessibility": {},
        "bookingUrl": "https://purchase.everymancinema.com/launch/ticketing/ba256e3e-4d28-5eb4-8ff5-78ee9fd9ca9f",
        "format": {},
        "notes": "7% of seats sold",
        "status": {
          "soldOut": false,
        },
        "time": 1783803600000,
      },
    ],
    "showingId": "everymancinema.com-broadgate-34193",
    "title": "Late Nights: Donnie Darko",
    "url": "https://www.everymancinema.com/film-listing/34193-late-nights-donnie-darko",
  },
  {
    "category": "event",
    "overview": {
      "actors": [
        "Dominic Sessa",
        "Antonio Banderas",
        "Emilia Jones",
        "Leo Woodall",
        "Stavros Halkias",
        "Michael Jibrin",
      ],
      "categories": [
        "Comedy",
        "Biopic",
      ],
      "directors": [
        "Matt Johnson (V)",
      ],
      "trailer": "https://www.youtube.com/watch?v=k1MVnzd2aVc",
    },
    "performances": [
      {
        "accessibility": {},
        "bookingUrl": "https://purchase.everymancinema.com/launch/ticketing/c5b06c4d-822a-5f87-b405-a40c9f20ca94",
        "format": {},
        "notes": "2% of seats sold",
        "status": {
          "soldOut": false,
        },
        "time": 1786383000000,
      },
    ],
    "showingId": "everymancinema.com-broadgate-1000048748",
    "title": "Members’ Preview: Tony",
    "url": "https://www.everymancinema.com/film-listing/1000048748-members-preview-tony",
  },
  {
    "category": "event",
    "overview": {
      "actors": [
        "Michael Johnston (II)",
        "Inde Navarrette",
        "Cooper Tomlinson",
        "Megan Lawless",
        "Andy Richter",
        "Haley Fitzgerald",
        "Darin Toonder",
        "Chloe Breen",
        "Anthony Pavone",
        "Anthony Casabianca",
      ],
      "categories": [
        "Horror",
      ],
      "classification": "18",
      "directors": [
        "Curry Barker",
      ],
      "duration": 6540000,
    },
    "performances": [
      {
        "accessibility": {},
        "bookingUrl": "https://purchase.everymancinema.com/launch/ticketing/9e4d2772-a92f-576c-8f2c-4676c55011be",
        "format": {},
        "notes": "27% of seats sold",
        "status": {
          "soldOut": false,
        },
        "time": 1783788300000,
      },
      {
        "accessibility": {},
        "bookingUrl": "https://purchase.everymancinema.com/launch/ticketing/9e66fd33-b6a4-53eb-ad47-75a7905268d1",
        "format": {},
        "notes": "8% of seats sold",
        "status": {
          "soldOut": false,
        },
        "time": 1783801800000,
      },
      {
        "accessibility": {},
        "bookingUrl": "https://purchase.everymancinema.com/launch/ticketing/afcbc4c1-f607-5d99-9a88-4fee17e3a7ae",
        "format": {},
        "notes": "7% of seats sold",
        "status": {
          "soldOut": false,
        },
        "time": 1783865700000,
      },
      {
        "accessibility": {},
        "bookingUrl": "https://purchase.everymancinema.com/launch/ticketing/f169573f-012e-50a3-945b-ef0510978509",
        "format": {},
        "notes": "6% of seats sold",
        "status": {
          "soldOut": false,
        },
        "time": 1783884600000,
      },
      {
        "accessibility": {},
        "bookingUrl": "https://purchase.everymancinema.com/launch/ticketing/b8a0ca23-1789-5871-82f6-80bdc8970c77",
        "format": {},
        "notes": "0% of seats sold",
        "status": {
          "soldOut": false,
        },
        "time": 1783952100000,
      },
      {
        "accessibility": {},
        "bookingUrl": "https://purchase.everymancinema.com/launch/ticketing/38c31a00-98e0-5542-96e6-4c7301809e25",
        "format": {},
        "notes": "3% of seats sold",
        "status": {
          "soldOut": false,
        },
        "time": 1783970100000,
      },
      {
        "accessibility": {},
        "bookingUrl": "https://purchase.everymancinema.com/launch/ticketing/15387bff-f4f6-54dd-8308-46677271d16a",
        "format": {},
        "notes": "0% of seats sold",
        "status": {
          "soldOut": false,
        },
        "time": 1784034900000,
      },
      {
        "accessibility": {},
        "bookingUrl": "https://purchase.everymancinema.com/launch/ticketing/3891bd56-2593-5fd2-a7ff-1354e9151e25",
        "format": {},
        "notes": "3% of seats sold",
        "status": {
          "soldOut": false,
        },
        "time": 1784057400000,
      },
      {
        "accessibility": {},
        "bookingUrl": "https://purchase.everymancinema.com/launch/ticketing/259055c7-7c6c-5ab0-aec0-501ad67fe587",
        "format": {},
        "notes": "9% of seats sold",
        "status": {
          "soldOut": false,
        },
        "time": 1784137500000,
      },
      {
        "accessibility": {},
        "bookingUrl": "https://purchase.everymancinema.com/launch/ticketing/91fd9d9e-eb3e-5510-ab8b-d82cd0141a82",
        "format": {},
        "notes": "6% of seats sold",
        "status": {
          "soldOut": false,
        },
        "time": 1784221200000,
      },
    ],
    "showingId": "everymancinema.com-broadgate-1000028234",
    "title": "Obsession",
    "url": "https://www.everymancinema.com/film-listing/1000028234-obsession",
  },
  {
    "category": "event",
    "overview": {
      "actors": [
        "Tom Holland",
        "Zendaya",
        "Sadie Sink",
        "Jacob Batalon",
        "Jon Bernthal",
        "Tramell Tillman",
        "Michael Mando",
        "Mark Ruffalo",
        "Liza Colon-Zayas",
        "Marvin "Krondon" Jones III",
      ],
      "categories": [
        "Action",
        "Adventure",
        "Fantasy",
        "Science fiction",
      ],
      "directors": [
        "Destin Daniel Cretton",
      ],
      "duration": 8700000,
      "trailer": "https://www.youtube.com/watch?v=qwVAc2MmlwU",
    },
    "performances": [
      {
        "accessibility": {},
        "bookingUrl": "https://purchase.everymancinema.com/launch/ticketing/4b5a251f-26fb-58ab-8244-ef76fef86a83",
        "format": {},
        "notes": "44% of seats sold",
        "status": {
          "soldOut": false,
        },
        "time": 1785344400000,
      },
      {
        "accessibility": {},
        "bookingUrl": "https://purchase.everymancinema.com/launch/ticketing/c53262cb-1e77-5027-8589-f12e9d79c659",
        "format": {},
        "notes": "6% of seats sold",
        "status": {
          "soldOut": false,
        },
        "time": 1785356100000,
      },
      {
        "accessibility": {},
        "bookingUrl": "https://purchase.everymancinema.com/launch/ticketing/2848e55b-7fc4-5b88-898d-c1a763039177",
        "format": {},
        "notes": "1% of seats sold",
        "status": {
          "soldOut": false,
        },
        "time": 1785416400000,
      },
      {
        "accessibility": {},
        "bookingUrl": "https://purchase.everymancinema.com/launch/ticketing/60bab9e6-7900-5c8c-bc38-efea02721e6d",
        "format": {},
        "notes": "1% of seats sold",
        "status": {
          "soldOut": false,
        },
        "time": 1785428100000,
      },
      {
        "accessibility": {},
        "bookingUrl": "https://purchase.everymancinema.com/launch/ticketing/cab76f08-a4fc-52f5-a12f-d687ea4c998f",
        "format": {},
        "notes": "1% of seats sold",
        "status": {
          "soldOut": false,
        },
        "time": 1785439800000,
      },
      {
        "accessibility": {},
        "bookingUrl": "https://purchase.everymancinema.com/launch/ticketing/06172bfc-0576-5694-ab03-deb8b3766b1c",
        "format": {},
        "notes": "2% of seats sold",
        "status": {
          "soldOut": false,
        },
        "time": 1785499200000,
      },
      {
        "accessibility": {},
        "bookingUrl": "https://purchase.everymancinema.com/launch/ticketing/b9ab562f-3d94-5f24-8e02-fd3281fe89be",
        "format": {},
        "notes": "3% of seats sold",
        "status": {
          "soldOut": false,
        },
        "time": 1785510900000,
      },
      {
        "accessibility": {},
        "bookingUrl": "https://purchase.everymancinema.com/launch/ticketing/fa576016-1f26-5d9b-a7d6-387f1a8cd5d4",
        "format": {},
        "notes": "26% of seats sold",
        "status": {
          "soldOut": false,
        },
        "time": 1785522600000,
      },
      {
        "accessibility": {},
        "bookingUrl": "https://purchase.everymancinema.com/launch/ticketing/55fb43c8-875c-5d43-bad8-81fe2e731a41",
        "format": {},
        "notes": "0% of seats sold",
        "status": {
          "soldOut": false,
        },
        "time": 1785580200000,
      },
      {
        "accessibility": {},
        "bookingUrl": "https://purchase.everymancinema.com/launch/ticketing/1e37bab3-c781-53ec-b1ea-cc94fb4fe4d9",
        "format": {},
        "notes": "4% of seats sold",
        "status": {
          "soldOut": false,
        },
        "time": 1785591900000,
      },
      {
        "accessibility": {},
        "bookingUrl": "https://purchase.everymancinema.com/launch/ticketing/145c8569-e853-554f-8cf9-7428111ef642",
        "format": {},
        "notes": "0% of seats sold",
        "status": {
          "soldOut": false,
        },
        "time": 1785603600000,
      },
      {
        "accessibility": {},
        "bookingUrl": "https://purchase.everymancinema.com/launch/ticketing/59d24634-3c36-5276-8e0d-b2ac16325551",
        "format": {},
        "notes": "3% of seats sold",
        "status": {
          "soldOut": false,
        },
        "time": 1785615300000,
      },
      {
        "accessibility": {},
        "bookingUrl": "https://purchase.everymancinema.com/launch/ticketing/1d6b1139-4b80-5401-89b1-01a3801ac8e5",
        "format": {},
        "notes": "0% of seats sold",
        "status": {
          "soldOut": false,
        },
        "time": 1785672000000,
      },
      {
        "accessibility": {},
        "bookingUrl": "https://purchase.everymancinema.com/launch/ticketing/1f1d481b-2ca0-5018-b5f8-207b49a4a4c5",
        "format": {},
        "notes": "4% of seats sold",
        "status": {
          "soldOut": false,
        },
        "time": 1785683700000,
      },
      {
        "accessibility": {},
        "bookingUrl": "https://purchase.everymancinema.com/launch/ticketing/af3764c2-fe36-5505-a2b3-a34378441fc6",
        "format": {},
        "notes": "1% of seats sold",
        "status": {
          "soldOut": false,
        },
        "time": 1785695400000,
      },
      {
        "accessibility": {},
        "bookingUrl": "https://purchase.everymancinema.com/launch/ticketing/2e0d61fd-5ddd-5f05-acfc-7161b867dc91",
        "format": {},
        "notes": "0% of seats sold",
        "status": {
          "soldOut": false,
        },
        "time": 1785769200000,
      },
      {
        "accessibility": {},
        "bookingUrl": "https://purchase.everymancinema.com/launch/ticketing/fa7ccc73-b500-5f29-8e8c-c72afcee3cda",
        "format": {},
        "notes": "7% of seats sold",
        "status": {
          "soldOut": false,
        },
        "time": 1785780900000,
      },
      {
        "accessibility": {},
        "bookingUrl": "https://purchase.everymancinema.com/launch/ticketing/b9afca06-d30e-57f3-b0ed-d68349850191",
        "format": {},
        "notes": "1% of seats sold",
        "status": {
          "soldOut": false,
        },
        "time": 1785857400000,
      },
      {
        "accessibility": {},
        "bookingUrl": "https://purchase.everymancinema.com/launch/ticketing/cf79acdb-19f6-53e1-97d3-c1f4ad3290ea",
        "format": {},
        "notes": "1% of seats sold",
        "status": {
          "soldOut": false,
        },
        "time": 1785869100000,
      },
      {
        "accessibility": {},
        "bookingUrl": "https://purchase.everymancinema.com/launch/ticketing/726b3434-0676-556e-abbc-eba8d34429a5",
        "format": {},
        "notes": "2% of seats sold",
        "status": {
          "soldOut": false,
        },
        "time": 1785949200000,
      },
      {
        "accessibility": {},
        "bookingUrl": "https://purchase.everymancinema.com/launch/ticketing/be978530-ada0-57ea-b0d0-4d3940ef247a",
        "format": {},
        "notes": "0% of seats sold",
        "status": {
          "soldOut": false,
        },
        "time": 1785960900000,
      },
      {
        "accessibility": {},
        "bookingUrl": "https://purchase.everymancinema.com/launch/ticketing/d07bed65-ca8c-562a-927e-088a26428a65",
        "format": {},
        "notes": "0% of seats sold",
        "status": {
          "soldOut": false,
        },
        "time": 1786032000000,
      },
      {
        "accessibility": {},
        "bookingUrl": "https://purchase.everymancinema.com/launch/ticketing/3620a5a0-18aa-5e83-b7f7-826111ea2fc1",
        "format": {},
        "notes": "0% of seats sold",
        "status": {
          "soldOut": false,
        },
        "time": 1786043700000,
      },
    ],
    "showingId": "everymancinema.com-broadgate-276608",
    "title": "Spider-Man: Brand New Day",
    "url": "https://www.everymancinema.com/film-listing/276608-spider-man-brand-new-day",
  },
  {
    "category": "event",
    "overview": {
      "actors": [
        "Seth Rogen",
        "Olivia Wilde",
        "Penélope Cruz",
        "Edward Norton",
        "Skip Howland",
        "Mel Powell",
        "Mario Valdez",
        "Rachel Thurow",
      ],
      "categories": [
        "Comedy",
      ],
      "classification": "15",
      "directors": [
        "Olivia Wilde",
      ],
      "duration": 6420000,
      "trailer": "https://www.youtube.com/watch?v=OJ19I9q_hOQ",
    },
    "performances": [
      {
        "accessibility": {},
        "bookingUrl": "https://purchase.everymancinema.com/launch/ticketing/05af62b7-2f6e-5ec4-8aa2-e45d0141fe81",
        "format": {},
        "notes": "20% of seats sold",
        "status": {
          "soldOut": false,
        },
        "time": 1783784700000,
      },
      {
        "accessibility": {},
        "bookingUrl": "https://purchase.everymancinema.com/launch/ticketing/1dcbb3cc-c7cb-514c-a384-1ce37f8acc10",
        "format": {},
        "notes": "16% of seats sold",
        "status": {
          "soldOut": false,
        },
        "time": 1783794600000,
      },
      {
        "accessibility": {},
        "bookingUrl": "https://purchase.everymancinema.com/launch/ticketing/80cd4425-1572-5f3e-bb27-8b375cb82ee0",
        "format": {},
        "notes": "0% of seats sold",
        "status": {
          "soldOut": false,
        },
        "time": 1783851300000,
      },
      {
        "accessibility": {},
        "bookingUrl": "https://purchase.everymancinema.com/launch/ticketing/a04449fd-7294-5368-91e1-9d3b58b83f54",
        "format": {},
        "notes": "5% of seats sold",
        "status": {
          "soldOut": false,
        },
        "time": 1783860300000,
      },
      {
        "accessibility": {},
        "bookingUrl": "https://purchase.everymancinema.com/launch/ticketing/c9b81fcc-2fb4-5b6d-86b3-2208cc7d1e04",
        "format": {},
        "notes": "10% of seats sold",
        "status": {
          "soldOut": false,
        },
        "time": 1783875600000,
      },
      {
        "accessibility": {
          "hardOfHearing": true,
        },
        "bookingUrl": "https://purchase.everymancinema.com/launch/ticketing/727e6456-7c41-50a1-bf49-4a312ed2bd8d",
        "format": {},
        "notes": "0% of seats sold
Reduced ticket price for guests aged 55 and over, including a complimentary hot drink and a slice of cake",
        "status": {
          "soldOut": false,
        },
        "time": 1783944000000,
      },
      {
        "accessibility": {},
        "bookingUrl": "https://purchase.everymancinema.com/launch/ticketing/2af256c8-4c54-5c54-b8c9-4a97e3626ee5",
        "format": {},
        "notes": "11% of seats sold",
        "status": {
          "soldOut": false,
        },
        "time": 1783963800000,
      },
      {
        "accessibility": {
          "babyFriendly": true,
          "hardOfHearing": true,
        },
        "bookingUrl": "https://purchase.everymancinema.com/launch/ticketing/29caa8ad-a24c-543e-9efb-668659a7e5e1",
        "format": {},
        "notes": "51% of seats sold",
        "status": {
          "soldOut": false,
        },
        "time": 1784029500000,
      },
      {
        "accessibility": {},
        "bookingUrl": "https://purchase.everymancinema.com/launch/ticketing/d0f25378-7972-57e5-8e9d-2ff714334b75",
        "format": {},
        "notes": "6% of seats sold",
        "status": {
          "soldOut": false,
        },
        "time": 1784048400000,
      },
      {
        "accessibility": {},
        "bookingUrl": "https://purchase.everymancinema.com/launch/ticketing/c7614f76-b0fa-5cf1-b66c-de864c7890f9",
        "format": {},
        "notes": "0% of seats sold",
        "status": {
          "soldOut": false,
        },
        "time": 1784119500000,
      },
      {
        "accessibility": {},
        "bookingUrl": "https://purchase.everymancinema.com/launch/ticketing/f5af1ae9-d5c3-5aec-9f75-403529374aba",
        "format": {},
        "notes": "3% of seats sold",
        "status": {
          "soldOut": false,
        },
        "time": 1784142000000,
      },
      {
        "accessibility": {
          "babyFriendly": true,
        },
        "bookingUrl": "https://purchase.everymancinema.com/launch/ticketing/62f39db2-75a8-5df3-bafe-302441d51340",
        "format": {},
        "notes": "0% of seats sold",
        "status": {
          "soldOut": false,
        },
        "time": 1784212200000,
      },
      {
        "accessibility": {},
        "bookingUrl": "https://purchase.everymancinema.com/launch/ticketing/f24053cf-1c04-551b-915d-99e543e83482",
        "format": {},
        "notes": "1% of seats sold",
        "status": {
          "soldOut": false,
        },
        "time": 1784224800000,
      },
    ],
    "showingId": "everymancinema.com-broadgate-317219",
    "title": "The Invite",
    "url": "https://www.everymancinema.com/film-listing/317219-the-invite",
  },
  {
    "category": "event",
    "overview": {
      "actors": [
        "Matt Damon",
        "Tom Holland",
        "Anne Hathaway",
        "Robert Pattinson",
        "Lupita Nyong'o",
        "Zendaya",
        "Charlize Theron",
        "Jon Bernthal",
        "Samantha Morton",
        "John Leguizamo",
      ],
      "categories": [
        "Action",
        "Adventure",
      ],
      "classification": "15",
      "directors": [
        "Christopher Nolan",
      ],
      "duration": 10320000,
    },
    "performances": [
      {
        "accessibility": {},
        "bookingUrl": "https://purchase.everymancinema.com/launch/ticketing/7cc2ec9a-82e0-5fdc-963f-40e855dd9304",
        "format": {},
        "notes": "28% of seats sold",
        "status": {
          "soldOut": false,
        },
        "time": 1784305800000,
      },
      {
        "accessibility": {},
        "bookingUrl": "https://purchase.everymancinema.com/launch/ticketing/344e4e61-f984-536c-ae05-26515faff146",
        "format": {},
        "notes": "71% of seats sold",
        "status": {
          "soldOut": false,
        },
        "time": 1784310300000,
      },
      {
        "accessibility": {},
        "bookingUrl": "https://purchase.everymancinema.com/launch/ticketing/4717b3cd-e3ee-5674-bcba-dbad91836936",
        "format": {},
        "notes": "27% of seats sold",
        "status": {
          "soldOut": false,
        },
        "time": 1784319300000,
      },
      {
        "accessibility": {},
        "bookingUrl": "https://purchase.everymancinema.com/launch/ticketing/fcc9f9bc-f23c-5edc-904b-749340baf9d0",
        "format": {},
        "notes": "11% of seats sold",
        "status": {
          "soldOut": false,
        },
        "time": 1784372400000,
      },
      {
        "accessibility": {},
        "bookingUrl": "https://purchase.everymancinema.com/launch/ticketing/2b345fd5-bdc5-5989-b2b8-b035caffca71",
        "format": {},
        "notes": "15% of seats sold",
        "status": {
          "soldOut": false,
        },
        "time": 1784385900000,
      },
      {
        "accessibility": {},
        "bookingUrl": "https://purchase.everymancinema.com/launch/ticketing/b550bfd3-4503-537e-810b-c8c78dd3e237",
        "format": {},
        "notes": "13% of seats sold",
        "status": {
          "soldOut": false,
        },
        "time": 1784399400000,
      },
      {
        "accessibility": {},
        "bookingUrl": "https://purchase.everymancinema.com/launch/ticketing/6aedbee2-0487-5454-9d6a-cd5f198997ab",
        "format": {},
        "notes": "9% of seats sold",
        "status": {
          "soldOut": false,
        },
        "time": 1784461500000,
      },
      {
        "accessibility": {},
        "bookingUrl": "https://purchase.everymancinema.com/launch/ticketing/9d418c0b-f460-589b-8ba1-6b7b9dea2450",
        "format": {},
        "notes": "9% of seats sold",
        "status": {
          "soldOut": false,
        },
        "time": 1784475000000,
      },
      {
        "accessibility": {},
        "bookingUrl": "https://purchase.everymancinema.com/launch/ticketing/79c4a916-8e5b-508e-9b2d-fc5fe447382e",
        "format": {},
        "notes": "7% of seats sold",
        "status": {
          "soldOut": false,
        },
        "time": 1784484000000,
      },
      {
        "accessibility": {},
        "bookingUrl": "https://purchase.everymancinema.com/launch/ticketing/5a407224-697d-5090-a7fe-3e77e1ec36db",
        "format": {},
        "notes": "3% of seats sold",
        "status": {
          "soldOut": false,
        },
        "time": 1784545200000,
      },
      {
        "accessibility": {},
        "bookingUrl": "https://purchase.everymancinema.com/launch/ticketing/6103bf1e-b708-549c-8904-bc42262101ba",
        "format": {},
        "notes": "1% of seats sold",
        "status": {
          "soldOut": false,
        },
        "time": 1784558700000,
      },
      {
        "accessibility": {},
        "bookingUrl": "https://purchase.everymancinema.com/launch/ticketing/e9573330-5816-5956-80e6-a96e50856927",
        "format": {},
        "notes": "32% of seats sold",
        "status": {
          "soldOut": false,
        },
        "time": 1784572200000,
      },
      {
        "accessibility": {},
        "bookingUrl": "https://purchase.everymancinema.com/launch/ticketing/fc773fd7-58c5-5a53-ad7c-9f7592da40ad",
        "format": {},
        "notes": "0% of seats sold",
        "status": {
          "soldOut": false,
        },
        "time": 1784643300000,
      },
      {
        "accessibility": {},
        "bookingUrl": "https://purchase.everymancinema.com/launch/ticketing/017a1e75-2d6b-5738-92f9-edea469bcb5c",
        "format": {},
        "notes": "26% of seats sold",
        "status": {
          "soldOut": false,
        },
        "time": 1784656800000,
      },
      {
        "accessibility": {},
        "bookingUrl": "https://purchase.everymancinema.com/launch/ticketing/cdd63b65-71c8-52ef-a0b1-b501084cbb50",
        "format": {},
        "notes": "4% of seats sold",
        "status": {
          "soldOut": false,
        },
        "time": 1784732400000,
      },
      {
        "accessibility": {},
        "bookingUrl": "https://purchase.everymancinema.com/launch/ticketing/422b2896-231d-5535-a03a-3acd699c20e0",
        "format": {},
        "notes": "8% of seats sold",
        "status": {
          "soldOut": false,
        },
        "time": 1784745900000,
      },
      {
        "accessibility": {},
        "bookingUrl": "https://purchase.everymancinema.com/launch/ticketing/a40be59c-9808-553c-94ee-c84c947c1469",
        "format": {},
        "notes": "1% of seats sold",
        "status": {
          "soldOut": false,
        },
        "time": 1784817900000,
      },
      {
        "accessibility": {},
        "bookingUrl": "https://purchase.everymancinema.com/launch/ticketing/d4c3bcb1-e6f4-566e-84b7-c9254774c3ff",
        "format": {},
        "notes": "6% of seats sold",
        "status": {
          "soldOut": false,
        },
        "time": 1784831400000,
      },
    ],
    "showingId": "everymancinema.com-broadgate-1000013045",
    "title": "The Odyssey",
    "url": "https://www.everymancinema.com/film-listing/1000013045-the-odyssey",
  },
  {
    "category": "event",
    "overview": {
      "actors": [
        "Leonardo DiCaprio",
        "Tom Hardy",
        "Marion Cotillard",
        "Elliot Page",
        "Cillian Murphy",
        "Michael Caine",
      ],
      "categories": [
        "Science fiction",
        "Thriller",
      ],
      "classification": "12A",
      "directors": [
        "Christopher Nolan",
      ],
      "duration": 8880000,
      "trailer": "https://www.youtube.com/watch?v=hstBN0Qkqhc",
    },
    "performances": [
      {
        "accessibility": {},
        "bookingUrl": "https://purchase.everymancinema.com/launch/ticketing/44c4731b-7b5a-5658-b165-c380a9bcb3e2",
        "format": {},
        "notes": "15% of seats sold
Includes complimentary popcorn and a drink",
        "status": {
          "soldOut": false,
        },
        "time": 1783882800000,
      },
      {
        "accessibility": {},
        "bookingUrl": "https://purchase.everymancinema.com/launch/ticketing/d2ae3d6b-edcc-5b70-8852-2cf0abe43ca3",
        "format": {},
        "notes": "0% of seats sold
Includes complimentary popcorn and a drink",
        "status": {
          "soldOut": false,
        },
        "time": 1784143800000,
      },
    ],
    "showingId": "everymancinema.com-broadgate-1000044932",
    "title": "Throwback: Inception",
    "url": "https://www.everymancinema.com/film-listing/1000044932-throwback-inception",
  },
  {
    "category": "event",
    "overview": {
      "actors": [
        "Tom Hanks",
        "Tim Allen",
        "Joan Cusack",
        "Greta Lee",
        "Craig Robinson",
        "Conan O'Brien",
        "Tony Hale",
        "Shelby Rabara",
        "Scarlett Spears",
        "Wallace Shawn",
      ],
      "categories": [
        "Animation",
        "Adventure",
        "Comedy",
        "Family",
      ],
      "classification": "PG",
      "directors": [
        "Andrew Stanton",
        "McKenna Harris",
      ],
      "duration": 6120000,
      "trailer": "https://www.youtube.com/watch?v=RFm6wN7IhtY",
    },
    "performances": [
      {
        "accessibility": {},
        "bookingUrl": "https://purchase.everymancinema.com/launch/ticketing/ec4fc95b-8071-5cb1-889e-6872339e52e5",
        "format": {},
        "notes": "0% of seats sold",
        "status": {
          "soldOut": false,
        },
        "time": 1783853100000,
      },
      {
        "accessibility": {},
        "bookingUrl": "https://purchase.everymancinema.com/launch/ticketing/82ef43cf-7af3-59cd-8181-188f9b0b46a9",
        "format": {},
        "notes": "9% of seats sold",
        "status": {
          "soldOut": false,
        },
        "time": 1783869300000,
      },
      {
        "accessibility": {
          "babyFriendly": true,
          "hardOfHearing": true,
        },
        "bookingUrl": "https://purchase.everymancinema.com/launch/ticketing/6947ef05-2d91-59b3-9537-50650d250768",
        "format": {},
        "notes": "53% of seats sold",
        "status": {
          "soldOut": false,
        },
        "time": 1783942200000,
      },
      {
        "accessibility": {},
        "bookingUrl": "https://purchase.everymancinema.com/launch/ticketing/713f2b08-f2b2-50fe-9fb0-628bf0e3e57c",
        "format": {},
        "notes": "2% of seats sold",
        "status": {
          "soldOut": false,
        },
        "time": 1783961100000,
      },
      {
        "accessibility": {},
        "bookingUrl": "https://purchase.everymancinema.com/launch/ticketing/bc84abfd-3015-5ac1-9a15-c45393cc3316",
        "format": {},
        "notes": "0% of seats sold",
        "status": {
          "soldOut": false,
        },
        "time": 1784025900000,
      },
      {
        "accessibility": {},
        "bookingUrl": "https://purchase.everymancinema.com/launch/ticketing/57eb15d5-74f2-5c55-a91a-88871d815e52",
        "format": {},
        "notes": "1% of seats sold",
        "status": {
          "soldOut": false,
        },
        "time": 1784039400000,
      },
      {
        "accessibility": {
          "babyFriendly": true,
          "hardOfHearing": true,
        },
        "bookingUrl": "https://purchase.everymancinema.com/launch/ticketing/7a8e4531-9521-5de4-90d3-366128b77ae3",
        "format": {},
        "notes": "57% of seats sold",
        "status": {
          "soldOut": false,
        },
        "time": 1784110500000,
      },
      {
        "accessibility": {},
        "bookingUrl": "https://purchase.everymancinema.com/launch/ticketing/c230cf44-ad7f-5227-abdb-f52f231db7a6",
        "format": {},
        "notes": "0% of seats sold",
        "status": {
          "soldOut": false,
        },
        "time": 1784128500000,
      },
      {
        "accessibility": {},
        "bookingUrl": "https://purchase.everymancinema.com/launch/ticketing/5f83dd1b-b851-55e8-b685-6ff50df8a5ad",
        "format": {},
        "notes": "0% of seats sold",
        "status": {
          "soldOut": false,
        },
        "time": 1784206800000,
      },
      {
        "accessibility": {},
        "bookingUrl": "https://purchase.everymancinema.com/launch/ticketing/5e188e2c-076f-528b-98b0-00883d03f75c",
        "format": {},
        "notes": "0% of seats sold",
        "status": {
          "soldOut": false,
        },
        "time": 1784223000000,
      },
    ],
    "showingId": "everymancinema.com-broadgate-313256",
    "title": "Toy Story 5",
    "url": "https://www.everymancinema.com/film-listing/313256-toy-story-5",
  },
  {
    "category": "event",
    "overview": {
      "actors": [
        "George Michael",
        "Andrew Ridgeley",
      ],
      "categories": [
        "Music",
        "Documentary",
        "Concert",
      ],
      "directors": [
        "Mike Christie",
      ],
      "duration": 5400000,
    },
    "performances": [
      {
        "accessibility": {},
        "bookingUrl": "https://purchase.everymancinema.com/launch/ticketing/773529aa-7886-5ffa-b3f3-599d5b049a13",
        "format": {},
        "notes": "13% of seats sold",
        "status": {
          "soldOut": false,
        },
        "time": 1785258000000,
      },
    ],
    "showingId": "everymancinema.com-broadgate-1000046374",
    "title": "WHAM! 10 Days In China",
    "url": "https://www.everymancinema.com/film-listing/1000046374-wham-10-days-in-china",
  },
]
`;
