// Jest Snapshot v1, https://goo.gl/fbAQLP

exports[`ODEON Camden retrieve and transform 1`] = `
[
  {
    "overview": {
      "actors": [
        "Boyd Holbrook",
        "Dan Fogler",
        "Scoot McNairy",
        "Elle Fanning",
        "Edward Norton",
        "Timothée Chalamet",
        "Monica Barbaro",
        "Norbert Leo Butz",
      ],
      "categories": [
        "Biography",
        "Drama",
        "Music",
      ],
      "classification": "15",
      "directors": [
        "James Mangold",
      ],
      "duration": 8460000,
      "trailer": "https://www.youtube.com/watch?v=Nsvexi2Ulbs",
    },
    "performances": [
      {
        "accessibility": {
          "audioDescription": true,
        },
        "bookingUrl": "https://www.odeon.co.uk/ticketing/seat-picker/?showtimeId=590-27298",
        "notes": "Flash Warning: This title has been issued a Guest Warning by the BBFC - it contains a sequence of flashing lights which might affect customers who are susceptible to photosensitive epilepsy.
Open Captioned: Open captions (English subtitles) are text and sound descriptions displayed at the bottom of the screen and are visible to all in the auditorium.
Saver
Wheelchair Accessible: This auditorium has bays for wheelchair users with seats beside them for accompanying guests.",
        "screen": "2",
        "status": {
          "soldOut": false,
        },
        "time": 1737730800000,
      },
      {
        "accessibility": {
          "audioDescription": true,
        },
        "bookingUrl": "https://www.odeon.co.uk/ticketing/seat-picker/?showtimeId=590-27291",
        "notes": "Flash Warning: This title has been issued a Guest Warning by the BBFC - it contains a sequence of flashing lights which might affect customers who are susceptible to photosensitive epilepsy.
Saver
Wheelchair Accessible: This auditorium has bays for wheelchair users with seats beside them for accompanying guests.",
        "screen": "3",
        "status": {
          "soldOut": false,
        },
        "time": 1737739800000,
      },
      {
        "accessibility": {
          "audioDescription": true,
        },
        "bookingUrl": "https://www.odeon.co.uk/ticketing/seat-picker/?showtimeId=590-27290",
        "notes": "Flash Warning: This title has been issued a Guest Warning by the BBFC - it contains a sequence of flashing lights which might affect customers who are susceptible to photosensitive epilepsy.
Saver
Wheelchair Accessible: This auditorium has bays for wheelchair users with seats beside them for accompanying guests.",
        "screen": "1",
        "status": {
          "soldOut": false,
        },
        "time": 1737747900000,
      },
      {
        "accessibility": {
          "audioDescription": true,
        },
        "bookingUrl": "https://www.odeon.co.uk/ticketing/seat-picker/?showtimeId=590-27303",
        "notes": "Flash Warning: This title has been issued a Guest Warning by the BBFC - it contains a sequence of flashing lights which might affect customers who are susceptible to photosensitive epilepsy.
Saver
Wheelchair Accessible: This auditorium has bays for wheelchair users with seats beside them for accompanying guests.",
        "screen": "1",
        "status": {
          "soldOut": false,
        },
        "time": 1737811800000,
      },
      {
        "accessibility": {
          "audioDescription": true,
        },
        "bookingUrl": "https://www.odeon.co.uk/ticketing/seat-picker/?showtimeId=590-27310",
        "notes": "Flash Warning: This title has been issued a Guest Warning by the BBFC - it contains a sequence of flashing lights which might affect customers who are susceptible to photosensitive epilepsy.
Saver
Wheelchair Accessible: This auditorium has bays for wheelchair users with seats beside them for accompanying guests.",
        "screen": "3",
        "status": {
          "soldOut": false,
        },
        "time": 1737826200000,
      },
      {
        "accessibility": {
          "audioDescription": true,
        },
        "bookingUrl": "https://www.odeon.co.uk/ticketing/seat-picker/?showtimeId=590-27311",
        "notes": "Flash Warning: This title has been issued a Guest Warning by the BBFC - it contains a sequence of flashing lights which might affect customers who are susceptible to photosensitive epilepsy.
Saver
Wheelchair Accessible: This auditorium has bays for wheelchair users with seats beside them for accompanying guests.",
        "screen": "1",
        "status": {
          "soldOut": false,
        },
        "time": 1737833400000,
      },
      {
        "accessibility": {
          "audioDescription": true,
        },
        "bookingUrl": "https://www.odeon.co.uk/ticketing/seat-picker/?showtimeId=590-27389",
        "notes": "Flash Warning: This title has been issued a Guest Warning by the BBFC - it contains a sequence of flashing lights which might affect customers who are susceptible to photosensitive epilepsy.
Saver
Wheelchair Accessible: This auditorium has bays for wheelchair users with seats beside them for accompanying guests.",
        "screen": "1",
        "status": {
          "soldOut": false,
        },
        "time": 1737898200000,
      },
      {
        "accessibility": {
          "audioDescription": true,
        },
        "bookingUrl": "https://www.odeon.co.uk/ticketing/seat-picker/?showtimeId=590-27382",
        "notes": "Flash Warning: This title has been issued a Guest Warning by the BBFC - it contains a sequence of flashing lights which might affect customers who are susceptible to photosensitive epilepsy.
Saver
Wheelchair Accessible: This auditorium has bays for wheelchair users with seats beside them for accompanying guests.",
        "screen": "3",
        "status": {
          "soldOut": false,
        },
        "time": 1737912600000,
      },
      {
        "accessibility": {
          "audioDescription": true,
        },
        "bookingUrl": "https://www.odeon.co.uk/ticketing/seat-picker/?showtimeId=590-27399",
        "notes": "Flash Warning: This title has been issued a Guest Warning by the BBFC - it contains a sequence of flashing lights which might affect customers who are susceptible to photosensitive epilepsy.
Saver
Wheelchair Accessible: This auditorium has bays for wheelchair users with seats beside them for accompanying guests.",
        "screen": "1",
        "status": {
          "soldOut": false,
        },
        "time": 1737919800000,
      },
      {
        "accessibility": {
          "audioDescription": true,
        },
        "bookingUrl": "https://www.odeon.co.uk/ticketing/seat-picker/?showtimeId=590-27327",
        "notes": "Flash Warning: This title has been issued a Guest Warning by the BBFC - it contains a sequence of flashing lights which might affect customers who are susceptible to photosensitive epilepsy.
Saver
Wheelchair Accessible: This auditorium has bays for wheelchair users with seats beside them for accompanying guests.",
        "screen": "2",
        "status": {
          "soldOut": false,
        },
        "time": 1737990000000,
      },
      {
        "accessibility": {
          "audioDescription": true,
        },
        "bookingUrl": "https://www.odeon.co.uk/ticketing/seat-picker/?showtimeId=590-27322",
        "notes": "Flash Warning: This title has been issued a Guest Warning by the BBFC - it contains a sequence of flashing lights which might affect customers who are susceptible to photosensitive epilepsy.
Saver
Wheelchair Accessible: This auditorium has bays for wheelchair users with seats beside them for accompanying guests.",
        "screen": "3",
        "status": {
          "soldOut": false,
        },
        "time": 1737999000000,
      },
      {
        "accessibility": {
          "audioDescription": true,
        },
        "bookingUrl": "https://www.odeon.co.uk/ticketing/seat-picker/?showtimeId=590-27323",
        "notes": "Flash Warning: This title has been issued a Guest Warning by the BBFC - it contains a sequence of flashing lights which might affect customers who are susceptible to photosensitive epilepsy.
Saver
Wheelchair Accessible: This auditorium has bays for wheelchair users with seats beside them for accompanying guests.",
        "screen": "1",
        "status": {
          "soldOut": false,
        },
        "time": 1738007100000,
      },
      {
        "accessibility": {
          "audioDescription": true,
        },
        "bookingUrl": "https://www.odeon.co.uk/ticketing/seat-picker/?showtimeId=590-27342",
        "notes": "Flash Warning: This title has been issued a Guest Warning by the BBFC - it contains a sequence of flashing lights which might affect customers who are susceptible to photosensitive epilepsy.
Saver
Wheelchair Accessible: This auditorium has bays for wheelchair users with seats beside them for accompanying guests.",
        "screen": "2",
        "status": {
          "soldOut": false,
        },
        "time": 1738076400000,
      },
      {
        "accessibility": {
          "audioDescription": true,
        },
        "bookingUrl": "https://www.odeon.co.uk/ticketing/seat-picker/?showtimeId=590-27337",
        "notes": "Flash Warning: This title has been issued a Guest Warning by the BBFC - it contains a sequence of flashing lights which might affect customers who are susceptible to photosensitive epilepsy.
Saver
Wheelchair Accessible: This auditorium has bays for wheelchair users with seats beside them for accompanying guests.",
        "screen": "3",
        "status": {
          "soldOut": false,
        },
        "time": 1738085400000,
      },
      {
        "accessibility": {
          "audioDescription": true,
        },
        "bookingUrl": "https://www.odeon.co.uk/ticketing/seat-picker/?showtimeId=590-27338",
        "notes": "Flash Warning: This title has been issued a Guest Warning by the BBFC - it contains a sequence of flashing lights which might affect customers who are susceptible to photosensitive epilepsy.
Saver",
        "screen": "5",
        "status": {
          "soldOut": false,
        },
        "time": 1738095300000,
      },
      {
        "accessibility": {
          "audioDescription": true,
        },
        "bookingUrl": "https://www.odeon.co.uk/ticketing/seat-picker/?showtimeId=590-27356",
        "notes": "Flash Warning: This title has been issued a Guest Warning by the BBFC - it contains a sequence of flashing lights which might affect customers who are susceptible to photosensitive epilepsy.
Saver
Wheelchair Accessible: This auditorium has bays for wheelchair users with seats beside them for accompanying guests.",
        "screen": "2",
        "status": {
          "soldOut": false,
        },
        "time": 1738162800000,
      },
      {
        "accessibility": {
          "audioDescription": true,
        },
        "bookingUrl": "https://www.odeon.co.uk/ticketing/seat-picker/?showtimeId=590-27351",
        "notes": "Flash Warning: This title has been issued a Guest Warning by the BBFC - it contains a sequence of flashing lights which might affect customers who are susceptible to photosensitive epilepsy.
Saver
Wheelchair Accessible: This auditorium has bays for wheelchair users with seats beside them for accompanying guests.",
        "screen": "3",
        "status": {
          "soldOut": false,
        },
        "time": 1738171800000,
      },
      {
        "accessibility": {
          "audioDescription": true,
        },
        "bookingUrl": "https://www.odeon.co.uk/ticketing/seat-picker/?showtimeId=590-27352",
        "notes": "Flash Warning: This title has been issued a Guest Warning by the BBFC - it contains a sequence of flashing lights which might affect customers who are susceptible to photosensitive epilepsy.
Saver
Wheelchair Accessible: This auditorium has bays for wheelchair users with seats beside them for accompanying guests.",
        "screen": "1",
        "status": {
          "soldOut": false,
        },
        "time": 1738179900000,
      },
      {
        "accessibility": {
          "audioDescription": true,
        },
        "bookingUrl": "https://www.odeon.co.uk/ticketing/seat-picker/?showtimeId=590-27367",
        "notes": "Flash Warning: This title has been issued a Guest Warning by the BBFC - it contains a sequence of flashing lights which might affect customers who are susceptible to photosensitive epilepsy.
Saver
Wheelchair Accessible: This auditorium has bays for wheelchair users with seats beside them for accompanying guests.",
        "screen": "2",
        "status": {
          "soldOut": false,
        },
        "time": 1738249200000,
      },
      {
        "accessibility": {
          "audioDescription": true,
        },
        "bookingUrl": "https://www.odeon.co.uk/ticketing/seat-picker/?showtimeId=590-27372",
        "notes": "Flash Warning: This title has been issued a Guest Warning by the BBFC - it contains a sequence of flashing lights which might affect customers who are susceptible to photosensitive epilepsy.
Saver
Wheelchair Accessible: This auditorium has bays for wheelchair users with seats beside them for accompanying guests.",
        "screen": "1",
        "status": {
          "soldOut": false,
        },
        "time": 1738258200000,
      },
      {
        "accessibility": {
          "audioDescription": true,
        },
        "bookingUrl": "https://www.odeon.co.uk/ticketing/seat-picker/?showtimeId=590-27371",
        "notes": "Flash Warning: This title has been issued a Guest Warning by the BBFC - it contains a sequence of flashing lights which might affect customers who are susceptible to photosensitive epilepsy.
Saver",
        "screen": "5",
        "status": {
          "soldOut": false,
        },
        "time": 1738268100000,
      },
    ],
    "title": "A Complete Unknown",
    "url": "https://www.odeon.co.uk/films/a-complete-unknown/HO00006549/?siteId=590",
  },
  {
    "overview": {
      "actors": [
        "Kieran Culkin",
        "Will Sharpe",
        "Kurt Egyiawan",
        "Liza Sadovy",
        "Daniel Oreskes",
        "Jesse Eisenberg",
        "Jennifer Grey",
      ],
      "categories": [
        "Comedy",
        "Drama",
      ],
      "classification": "15",
      "directors": [
        "Jesse Eisenberg",
      ],
      "duration": 5400000,
      "trailer": "https://www.youtube.com/watch?v=lGeZQWMMDgM",
    },
    "performances": [
      {
        "accessibility": {
          "audioDescription": true,
        },
        "bookingUrl": "https://www.odeon.co.uk/ticketing/seat-picker/?showtimeId=590-27297",
        "notes": "Saver
Wheelchair Accessible: This auditorium has bays for wheelchair users with seats beside them for accompanying guests.",
        "screen": "2",
        "status": {
          "soldOut": false,
        },
        "time": 1737742500000,
      },
      {
        "accessibility": {
          "audioDescription": true,
        },
        "bookingUrl": "https://www.odeon.co.uk/ticketing/seat-picker/?showtimeId=590-27304",
        "notes": "Saver
Wheelchair Accessible: This auditorium has bays for wheelchair users with seats beside them for accompanying guests.",
        "screen": "2",
        "status": {
          "soldOut": false,
        },
        "time": 1737828900000,
      },
      {
        "accessibility": {
          "audioDescription": true,
        },
        "bookingUrl": "https://www.odeon.co.uk/ticketing/seat-picker/?showtimeId=590-27388",
        "notes": "Saver
Wheelchair Accessible: This auditorium has bays for wheelchair users with seats beside them for accompanying guests.",
        "screen": "2",
        "status": {
          "soldOut": false,
        },
        "time": 1737915300000,
      },
      {
        "accessibility": {
          "audioDescription": true,
        },
        "bookingUrl": "https://www.odeon.co.uk/ticketing/seat-picker/?showtimeId=590-27328",
        "notes": "Saver
Wheelchair Accessible: This auditorium has bays for wheelchair users with seats beside them for accompanying guests.",
        "screen": "2",
        "status": {
          "soldOut": false,
        },
        "time": 1738001700000,
      },
      {
        "accessibility": {
          "audioDescription": true,
        },
        "bookingUrl": "https://www.odeon.co.uk/ticketing/seat-picker/?showtimeId=590-27343",
        "notes": "Saver
Wheelchair Accessible: This auditorium has bays for wheelchair users with seats beside them for accompanying guests.",
        "screen": "2",
        "status": {
          "soldOut": false,
        },
        "time": 1738088100000,
      },
      {
        "accessibility": {
          "audioDescription": true,
        },
        "bookingUrl": "https://www.odeon.co.uk/ticketing/seat-picker/?showtimeId=590-27357",
        "notes": "Saver
Wheelchair Accessible: This auditorium has bays for wheelchair users with seats beside them for accompanying guests.",
        "screen": "2",
        "status": {
          "soldOut": false,
        },
        "time": 1738174500000,
      },
      {
        "accessibility": {
          "audioDescription": true,
        },
        "bookingUrl": "https://www.odeon.co.uk/ticketing/seat-picker/?showtimeId=590-27380",
        "notes": "Saver
Wheelchair Accessible: This auditorium has bays for wheelchair users with seats beside them for accompanying guests.",
        "screen": "2",
        "status": {
          "soldOut": false,
        },
        "time": 1738260900000,
      },
    ],
    "title": "A Real Pain",
    "url": "https://www.odeon.co.uk/films/a-real-pain/HO00006611/?siteId=590",
  },
  {
    "overview": {
      "actors": [
        "Jean Reno",
        "Sophie Wilde",
        "Anoop Desai",
        "Harris Dickinson",
        "Nicole Kidman",
        "Antonio Banderas",
      ],
      "categories": [
        "Crime",
        "Mystery",
        "Thriller",
      ],
      "classification": "18",
      "directors": [
        "Halina Reijn",
      ],
      "duration": 6840000,
      "trailer": "https://www.youtube.com/watch?v=dq_bnfZy9-g",
    },
    "performances": [
      {
        "accessibility": {},
        "bookingUrl": "https://www.odeon.co.uk/ticketing/seat-picker/?showtimeId=590-27321",
        "notes": "Flash Warning: This title has been issued a Guest Warning by the BBFC - it contains a sequence of flashing lights which might affect customers who are susceptible to photosensitive epilepsy.
Saver
Wheelchair Accessible: This auditorium has bays for wheelchair users with seats beside them for accompanying guests.",
        "screen": "3",
        "status": {
          "soldOut": false,
        },
        "time": 1737729900000,
      },
      {
        "accessibility": {},
        "bookingUrl": "https://www.odeon.co.uk/ticketing/seat-picker/?showtimeId=590-27296",
        "notes": "Flash Warning: This title has been issued a Guest Warning by the BBFC - it contains a sequence of flashing lights which might affect customers who are susceptible to photosensitive epilepsy.
Saver
Wheelchair Accessible: This auditorium has bays for wheelchair users with seats beside them for accompanying guests.",
        "screen": "2",
        "status": {
          "soldOut": false,
        },
        "time": 1737750600000,
      },
      {
        "accessibility": {},
        "bookingUrl": "https://www.odeon.co.uk/ticketing/seat-picker/?showtimeId=590-27305",
        "notes": "Flash Warning: This title has been issued a Guest Warning by the BBFC - it contains a sequence of flashing lights which might affect customers who are susceptible to photosensitive epilepsy.
Saver
Wheelchair Accessible: This auditorium has bays for wheelchair users with seats beside them for accompanying guests.",
        "screen": "2",
        "status": {
          "soldOut": false,
        },
        "time": 1737837000000,
      },
      {
        "accessibility": {},
        "bookingUrl": "https://www.odeon.co.uk/ticketing/seat-picker/?showtimeId=590-27387",
        "notes": "Flash Warning: This title has been issued a Guest Warning by the BBFC - it contains a sequence of flashing lights which might affect customers who are susceptible to photosensitive epilepsy.
Saver
Wheelchair Accessible: This auditorium has bays for wheelchair users with seats beside them for accompanying guests.",
        "screen": "2",
        "status": {
          "soldOut": false,
        },
        "time": 1737923400000,
      },
      {
        "accessibility": {},
        "bookingUrl": "https://www.odeon.co.uk/ticketing/seat-picker/?showtimeId=590-27334",
        "notes": "Flash Warning: This title has been issued a Guest Warning by the BBFC - it contains a sequence of flashing lights which might affect customers who are susceptible to photosensitive epilepsy.
Saver
Wheelchair Accessible: This auditorium has bays for wheelchair users with seats beside them for accompanying guests.",
        "screen": "3",
        "status": {
          "soldOut": false,
        },
        "time": 1737989100000,
      },
      {
        "accessibility": {},
        "bookingUrl": "https://www.odeon.co.uk/ticketing/seat-picker/?showtimeId=590-27329",
        "notes": "Flash Warning: This title has been issued a Guest Warning by the BBFC - it contains a sequence of flashing lights which might affect customers who are susceptible to photosensitive epilepsy.
Saver
Wheelchair Accessible: This auditorium has bays for wheelchair users with seats beside them for accompanying guests.",
        "screen": "2",
        "status": {
          "soldOut": false,
        },
        "time": 1738009800000,
      },
      {
        "accessibility": {},
        "bookingUrl": "https://www.odeon.co.uk/ticketing/seat-picker/?showtimeId=590-27348",
        "notes": "Flash Warning: This title has been issued a Guest Warning by the BBFC - it contains a sequence of flashing lights which might affect customers who are susceptible to photosensitive epilepsy.
Saver
Wheelchair Accessible: This auditorium has bays for wheelchair users with seats beside them for accompanying guests.",
        "screen": "3",
        "status": {
          "soldOut": false,
        },
        "time": 1738075500000,
      },
      {
        "accessibility": {},
        "bookingUrl": "https://www.odeon.co.uk/ticketing/seat-picker/?showtimeId=590-27344",
        "notes": "Flash Warning: This title has been issued a Guest Warning by the BBFC - it contains a sequence of flashing lights which might affect customers who are susceptible to photosensitive epilepsy.
Saver
Wheelchair Accessible: This auditorium has bays for wheelchair users with seats beside them for accompanying guests.",
        "screen": "2",
        "status": {
          "soldOut": false,
        },
        "time": 1738096200000,
      },
      {
        "accessibility": {},
        "bookingUrl": "https://www.odeon.co.uk/ticketing/seat-picker/?showtimeId=590-27363",
        "notes": "Flash Warning: This title has been issued a Guest Warning by the BBFC - it contains a sequence of flashing lights which might affect customers who are susceptible to photosensitive epilepsy.
Saver
Wheelchair Accessible: This auditorium has bays for wheelchair users with seats beside them for accompanying guests.",
        "screen": "3",
        "status": {
          "soldOut": false,
        },
        "time": 1738161900000,
      },
      {
        "accessibility": {},
        "bookingUrl": "https://www.odeon.co.uk/ticketing/seat-picker/?showtimeId=590-27358",
        "notes": "Flash Warning: This title has been issued a Guest Warning by the BBFC - it contains a sequence of flashing lights which might affect customers who are susceptible to photosensitive epilepsy.
Saver
Wheelchair Accessible: This auditorium has bays for wheelchair users with seats beside them for accompanying guests.",
        "screen": "2",
        "status": {
          "soldOut": false,
        },
        "time": 1738182600000,
      },
      {
        "accessibility": {},
        "bookingUrl": "https://www.odeon.co.uk/ticketing/seat-picker/?showtimeId=590-27375",
        "notes": "Flash Warning: This title has been issued a Guest Warning by the BBFC - it contains a sequence of flashing lights which might affect customers who are susceptible to photosensitive epilepsy.
Saver
Wheelchair Accessible: This auditorium has bays for wheelchair users with seats beside them for accompanying guests.",
        "screen": "1",
        "status": {
          "soldOut": false,
        },
        "time": 1738248300000,
      },
      {
        "accessibility": {},
        "bookingUrl": "https://www.odeon.co.uk/ticketing/seat-picker/?showtimeId=590-27379",
        "notes": "Flash Warning: This title has been issued a Guest Warning by the BBFC - it contains a sequence of flashing lights which might affect customers who are susceptible to photosensitive epilepsy.
Saver
Wheelchair Accessible: This auditorium has bays for wheelchair users with seats beside them for accompanying guests.",
        "screen": "2",
        "status": {
          "soldOut": false,
        },
        "time": 1738269000000,
      },
    ],
    "title": "Babygirl",
    "url": "https://www.odeon.co.uk/films/babygirl/HO00006609/?siteId=590",
  },
  {
    "overview": {
      "actors": [
        "Harrison Ford",
        "Anthony Mackie",
        "Liv Tyler",
        "Giancarlo Esposito",
        "Shira Haas",
        "Carl Lumbly",
        "Xosha Roquemore",
        "Tim Blake Nelson",
        "Danny Ramirez",
      ],
      "categories": [
        "Action",
        "Family",
        "Sci-Fi",
      ],
      "directors": [
        "Julius Onah",
      ],
      "duration": 7200000,
      "trailer": "https://www.youtube.com/watch?v=t2BVzqHT-5s",
    },
    "performances": [
      {
        "accessibility": {
          "audioDescription": true,
        },
        "bookingUrl": "https://www.odeon.co.uk/ticketing/seat-picker/?showtimeId=590-27402",
        "notes": "Saver
Wheelchair Accessible: This auditorium has bays for wheelchair users with seats beside them for accompanying guests.",
        "screen": "3",
        "status": {
          "soldOut": false,
        },
        "time": 1739543400000,
      },
      {
        "accessibility": {
          "audioDescription": true,
        },
        "bookingUrl": "https://www.odeon.co.uk/ticketing/seat-picker/?showtimeId=590-27405",
        "notes": "Saver
Wheelchair Accessible: This auditorium has bays for wheelchair users with seats beside them for accompanying guests.",
        "screen": "3",
        "status": {
          "soldOut": false,
        },
        "time": 1739554200000,
      },
      {
        "accessibility": {
          "audioDescription": true,
        },
        "bookingUrl": "https://www.odeon.co.uk/ticketing/seat-picker/?showtimeId=590-27408",
        "notes": "Saver
Wheelchair Accessible: This auditorium has bays for wheelchair users with seats beside them for accompanying guests.",
        "screen": "3",
        "status": {
          "soldOut": false,
        },
        "time": 1739565000000,
      },
      {
        "accessibility": {
          "audioDescription": true,
        },
        "bookingUrl": "https://www.odeon.co.uk/ticketing/seat-picker/?showtimeId=590-27410",
        "notes": "Saver
Wheelchair Accessible: This auditorium has bays for wheelchair users with seats beside them for accompanying guests.",
        "screen": "3",
        "status": {
          "soldOut": false,
        },
        "time": 1739619000000,
      },
      {
        "accessibility": {
          "audioDescription": true,
        },
        "bookingUrl": "https://www.odeon.co.uk/ticketing/seat-picker/?showtimeId=590-27412",
        "notes": "Saver
Wheelchair Accessible: This auditorium has bays for wheelchair users with seats beside them for accompanying guests.",
        "screen": "3",
        "status": {
          "soldOut": false,
        },
        "time": 1739629800000,
      },
      {
        "accessibility": {
          "audioDescription": true,
        },
        "bookingUrl": "https://www.odeon.co.uk/ticketing/seat-picker/?showtimeId=590-27415",
        "notes": "Saver
Wheelchair Accessible: This auditorium has bays for wheelchair users with seats beside them for accompanying guests.",
        "screen": "3",
        "status": {
          "soldOut": false,
        },
        "time": 1739640600000,
      },
      {
        "accessibility": {
          "audioDescription": true,
        },
        "bookingUrl": "https://www.odeon.co.uk/ticketing/seat-picker/?showtimeId=590-27418",
        "notes": "Saver
Wheelchair Accessible: This auditorium has bays for wheelchair users with seats beside them for accompanying guests.",
        "screen": "3",
        "status": {
          "soldOut": false,
        },
        "time": 1739651400000,
      },
      {
        "accessibility": {
          "audioDescription": true,
        },
        "bookingUrl": "https://www.odeon.co.uk/ticketing/seat-picker/?showtimeId=590-27420",
        "notes": "Saver
Wheelchair Accessible: This auditorium has bays for wheelchair users with seats beside them for accompanying guests.",
        "screen": "3",
        "status": {
          "soldOut": false,
        },
        "time": 1739705400000,
      },
      {
        "accessibility": {
          "audioDescription": true,
        },
        "bookingUrl": "https://www.odeon.co.uk/ticketing/seat-picker/?showtimeId=590-27422",
        "notes": "Saver
Wheelchair Accessible: This auditorium has bays for wheelchair users with seats beside them for accompanying guests.",
        "screen": "3",
        "status": {
          "soldOut": false,
        },
        "time": 1739716200000,
      },
      {
        "accessibility": {
          "audioDescription": true,
        },
        "bookingUrl": "https://www.odeon.co.uk/ticketing/seat-picker/?showtimeId=590-27425",
        "notes": "Saver
Wheelchair Accessible: This auditorium has bays for wheelchair users with seats beside them for accompanying guests.",
        "screen": "3",
        "status": {
          "soldOut": false,
        },
        "time": 1739727000000,
      },
      {
        "accessibility": {
          "audioDescription": true,
        },
        "bookingUrl": "https://www.odeon.co.uk/ticketing/seat-picker/?showtimeId=590-27428",
        "notes": "Saver
Wheelchair Accessible: This auditorium has bays for wheelchair users with seats beside them for accompanying guests.",
        "screen": "3",
        "status": {
          "soldOut": false,
        },
        "time": 1739737800000,
      },
      {
        "accessibility": {
          "audioDescription": true,
        },
        "bookingUrl": "https://www.odeon.co.uk/ticketing/seat-picker/?showtimeId=590-27430",
        "notes": "Saver
Wheelchair Accessible: This auditorium has bays for wheelchair users with seats beside them for accompanying guests.",
        "screen": "3",
        "status": {
          "soldOut": false,
        },
        "time": 1739802600000,
      },
      {
        "accessibility": {
          "audioDescription": true,
        },
        "bookingUrl": "https://www.odeon.co.uk/ticketing/seat-picker/?showtimeId=590-27432",
        "notes": "Saver
Wheelchair Accessible: This auditorium has bays for wheelchair users with seats beside them for accompanying guests.",
        "screen": "3",
        "status": {
          "soldOut": false,
        },
        "time": 1739813400000,
      },
      {
        "accessibility": {
          "audioDescription": true,
        },
        "bookingUrl": "https://www.odeon.co.uk/ticketing/seat-picker/?showtimeId=590-27434",
        "notes": "Saver
Wheelchair Accessible: This auditorium has bays for wheelchair users with seats beside them for accompanying guests.",
        "screen": "3",
        "status": {
          "soldOut": false,
        },
        "time": 1739824200000,
      },
      {
        "accessibility": {
          "audioDescription": true,
        },
        "bookingUrl": "https://www.odeon.co.uk/ticketing/seat-picker/?showtimeId=590-27436",
        "notes": "Saver
Wheelchair Accessible: This auditorium has bays for wheelchair users with seats beside them for accompanying guests.",
        "screen": "3",
        "status": {
          "soldOut": false,
        },
        "time": 1739889000000,
      },
      {
        "accessibility": {
          "audioDescription": true,
        },
        "bookingUrl": "https://www.odeon.co.uk/ticketing/seat-picker/?showtimeId=590-27438",
        "notes": "Saver
Wheelchair Accessible: This auditorium has bays for wheelchair users with seats beside them for accompanying guests.",
        "screen": "3",
        "status": {
          "soldOut": false,
        },
        "time": 1739899800000,
      },
      {
        "accessibility": {
          "audioDescription": true,
        },
        "bookingUrl": "https://www.odeon.co.uk/ticketing/seat-picker/?showtimeId=590-27440",
        "notes": "Saver
Wheelchair Accessible: This auditorium has bays for wheelchair users with seats beside them for accompanying guests.",
        "screen": "3",
        "status": {
          "soldOut": false,
        },
        "time": 1739910600000,
      },
      {
        "accessibility": {
          "audioDescription": true,
        },
        "bookingUrl": "https://www.odeon.co.uk/ticketing/seat-picker/?showtimeId=590-27442",
        "notes": "Saver
Wheelchair Accessible: This auditorium has bays for wheelchair users with seats beside them for accompanying guests.",
        "screen": "3",
        "status": {
          "soldOut": false,
        },
        "time": 1739975400000,
      },
      {
        "accessibility": {
          "audioDescription": true,
        },
        "bookingUrl": "https://www.odeon.co.uk/ticketing/seat-picker/?showtimeId=590-27444",
        "notes": "Open Captioned: Open captions (English subtitles) are text and sound descriptions displayed at the bottom of the screen and are visible to all in the auditorium.
Saver
Wheelchair Accessible: This auditorium has bays for wheelchair users with seats beside them for accompanying guests.",
        "screen": "3",
        "status": {
          "soldOut": false,
        },
        "time": 1739986200000,
      },
      {
        "accessibility": {
          "audioDescription": true,
        },
        "bookingUrl": "https://www.odeon.co.uk/ticketing/seat-picker/?showtimeId=590-27446",
        "notes": "Saver
Wheelchair Accessible: This auditorium has bays for wheelchair users with seats beside them for accompanying guests.",
        "screen": "3",
        "status": {
          "soldOut": false,
        },
        "time": 1739997000000,
      },
      {
        "accessibility": {
          "audioDescription": true,
        },
        "bookingUrl": "https://www.odeon.co.uk/ticketing/seat-picker/?showtimeId=590-27448",
        "notes": "Saver
Wheelchair Accessible: This auditorium has bays for wheelchair users with seats beside them for accompanying guests.",
        "screen": "3",
        "status": {
          "soldOut": false,
        },
        "time": 1740061800000,
      },
      {
        "accessibility": {
          "audioDescription": true,
        },
        "bookingUrl": "https://www.odeon.co.uk/ticketing/seat-picker/?showtimeId=590-27450",
        "notes": "Saver
Wheelchair Accessible: This auditorium has bays for wheelchair users with seats beside them for accompanying guests.",
        "screen": "3",
        "status": {
          "soldOut": false,
        },
        "time": 1740072600000,
      },
      {
        "accessibility": {
          "audioDescription": true,
        },
        "bookingUrl": "https://www.odeon.co.uk/ticketing/seat-picker/?showtimeId=590-27452",
        "notes": "Saver
Wheelchair Accessible: This auditorium has bays for wheelchair users with seats beside them for accompanying guests.",
        "screen": "3",
        "status": {
          "soldOut": false,
        },
        "time": 1740083400000,
      },
    ],
    "title": "Captain America: Brave New World",
    "url": "https://www.odeon.co.uk/films/captain-america-brave-new-world/HO00006617/?siteId=590",
  },
  {
    "overview": {
      "actors": [
        "Various cats from the Interweb!",
      ],
      "categories": [
        "Documentary",
      ],
      "directors": [
        "Will Braden",
      ],
      "duration": 4500000,
    },
    "performances": [
      {
        "accessibility": {},
        "bookingUrl": "https://www.odeon.co.uk/ticketing/seat-picker/?showtimeId=590-27286",
        "notes": "Event Cinema
Flash Warning: This title has been issued a Guest Warning by the BBFC - it contains a sequence of flashing lights which might affect customers who are susceptible to photosensitive epilepsy.",
        "screen": "5",
        "status": {
          "soldOut": false,
        },
        "time": 1739814600000,
      },
    ],
    "title": "CatVideoFest 2024",
    "url": "https://www.odeon.co.uk/films/catvideofest-2024/HO00006680/?siteId=590",
  },
  {
    "overview": {
      "actors": [
        "Merab Ninidze",
        "Isabella Rossellini",
        "Brian F. O'Byrne",
        "Lucian Msamati",
        "Sergio Castellitto",
        "Carlos Diehz",
        "Ralph Fiennes",
        "John Lithgow",
        "Stanley Tucci",
      ],
      "categories": [
        "Thriller",
      ],
      "classification": "12A",
      "directors": [
        "Edward Berger",
      ],
      "duration": 7200000,
    },
    "performances": [
      {
        "accessibility": {
          "audioDescription": true,
        },
        "bookingUrl": "https://www.odeon.co.uk/ticketing/seat-picker/?showtimeId=590-27320",
        "notes": "Saver
Wheelchair Accessible: This auditorium has bays for wheelchair users with seats beside them for accompanying guests.",
        "screen": "4",
        "status": {
          "soldOut": false,
        },
        "time": 1737731700000,
      },
      {
        "accessibility": {
          "audioDescription": true,
        },
        "bookingUrl": "https://www.odeon.co.uk/ticketing/seat-picker/?showtimeId=590-27335",
        "notes": "Saver
Wheelchair Accessible: This auditorium has bays for wheelchair users with seats beside them for accompanying guests.",
        "screen": "4",
        "status": {
          "soldOut": false,
        },
        "time": 1737990900000,
      },
      {
        "accessibility": {
          "audioDescription": true,
        },
        "bookingUrl": "https://www.odeon.co.uk/ticketing/seat-picker/?showtimeId=590-27349",
        "notes": "Saver
Wheelchair Accessible: This auditorium has bays for wheelchair users with seats beside them for accompanying guests.",
        "screen": "4",
        "status": {
          "soldOut": false,
        },
        "time": 1738077300000,
      },
      {
        "accessibility": {
          "audioDescription": true,
        },
        "bookingUrl": "https://www.odeon.co.uk/ticketing/seat-picker/?showtimeId=590-27364",
        "notes": "Saver
Wheelchair Accessible: This auditorium has bays for wheelchair users with seats beside them for accompanying guests.",
        "screen": "4",
        "status": {
          "soldOut": false,
        },
        "time": 1738163700000,
      },
      {
        "accessibility": {
          "audioDescription": true,
        },
        "bookingUrl": "https://www.odeon.co.uk/ticketing/seat-picker/?showtimeId=590-27374",
        "notes": "Saver
Wheelchair Accessible: This auditorium has bays for wheelchair users with seats beside them for accompanying guests.",
        "screen": "4",
        "status": {
          "soldOut": false,
        },
        "time": 1738250100000,
      },
    ],
    "title": "Conclave",
    "url": "https://www.odeon.co.uk/films/conclave/HO00006392/?siteId=590",
  },
  {
    "overview": {
      "actors": [
        "Chow Yun-Fat",
        "Chen Chang",
        "Pei-pei Cheng",
        "Michelle Yeoh",
        "Ziyi Zhang",
      ],
      "categories": [
        "Action",
        "Family",
        "Fantasy",
      ],
      "classification": "12A",
      "directors": [
        "Ang Lee",
      ],
      "duration": 7200000,
    },
    "performances": [
      {
        "accessibility": {
          "subtitled": true,
        },
        "bookingUrl": "https://www.odeon.co.uk/ticketing/seat-picker/?showtimeId=590-27366",
        "notes": "Mandarin (Audio)
Saver
Wheelchair Accessible: This auditorium has bays for wheelchair users with seats beside them for accompanying guests.",
        "screen": "1",
        "status": {
          "soldOut": false,
        },
        "time": 1738093500000,
      },
    ],
    "title": "Crouching Tiger, Hidden Dragon (25th Ann)",
    "url": "https://www.odeon.co.uk/films/crouching-tiger-hidden-dragon-25th-ann/HO00006638/?siteId=590",
  },
  {
    "overview": {
      "actors": [
        "Michelle Dockery",
        "Topher Grace",
        "Monib Abhat",
        "Mark Wahlberg",
      ],
      "categories": [
        "Thriller",
      ],
      "classification": "15",
      "directors": [
        "Mel Gibson",
      ],
      "duration": 5460000,
      "trailer": "https://www.youtube.com/watch?v=bAHhHTxQBC4",
    },
    "performances": [
      {
        "accessibility": {
          "audioDescription": true,
        },
        "bookingUrl": "https://www.odeon.co.uk/ticketing/seat-picker/?showtimeId=590-27295",
        "notes": "Saver",
        "screen": "5",
        "status": {
          "soldOut": false,
        },
        "time": 1737740700000,
      },
      {
        "accessibility": {
          "audioDescription": true,
        },
        "bookingUrl": "https://www.odeon.co.uk/ticketing/seat-picker/?showtimeId=590-27288",
        "notes": "Saver
Wheelchair Accessible: This auditorium has bays for wheelchair users with seats beside them for accompanying guests.",
        "screen": "4",
        "status": {
          "soldOut": false,
        },
        "time": 1737752400000,
      },
      {
        "accessibility": {
          "audioDescription": true,
        },
        "bookingUrl": "https://www.odeon.co.uk/ticketing/seat-picker/?showtimeId=590-27318",
        "notes": "Saver
Wheelchair Accessible: This auditorium has bays for wheelchair users with seats beside them for accompanying guests.",
        "screen": "4",
        "status": {
          "soldOut": false,
        },
        "time": 1737807300000,
      },
      {
        "accessibility": {
          "audioDescription": true,
        },
        "bookingUrl": "https://www.odeon.co.uk/ticketing/seat-picker/?showtimeId=590-27306",
        "notes": "Saver",
        "screen": "5",
        "status": {
          "soldOut": false,
        },
        "time": 1737827100000,
      },
      {
        "accessibility": {
          "audioDescription": true,
        },
        "bookingUrl": "https://www.odeon.co.uk/ticketing/seat-picker/?showtimeId=590-27300",
        "notes": "Saver
Wheelchair Accessible: This auditorium has bays for wheelchair users with seats beside them for accompanying guests.",
        "screen": "4",
        "status": {
          "soldOut": false,
        },
        "time": 1737838800000,
      },
      {
        "accessibility": {
          "audioDescription": true,
        },
        "bookingUrl": "https://www.odeon.co.uk/ticketing/seat-picker/?showtimeId=590-27392",
        "notes": "Saver
Wheelchair Accessible: This auditorium has bays for wheelchair users with seats beside them for accompanying guests.",
        "screen": "4",
        "status": {
          "soldOut": false,
        },
        "time": 1737893700000,
      },
      {
        "accessibility": {
          "audioDescription": true,
        },
        "bookingUrl": "https://www.odeon.co.uk/ticketing/seat-picker/?showtimeId=590-27386",
        "notes": "Saver",
        "screen": "5",
        "status": {
          "soldOut": false,
        },
        "time": 1737913500000,
      },
      {
        "accessibility": {
          "audioDescription": true,
        },
        "bookingUrl": "https://www.odeon.co.uk/ticketing/seat-picker/?showtimeId=590-27381",
        "notes": "Saver
Wheelchair Accessible: This auditorium has bays for wheelchair users with seats beside them for accompanying guests.",
        "screen": "4",
        "status": {
          "soldOut": false,
        },
        "time": 1737925200000,
      },
      {
        "accessibility": {
          "audioDescription": true,
        },
        "bookingUrl": "https://www.odeon.co.uk/ticketing/seat-picker/?showtimeId=590-27330",
        "notes": "Saver",
        "screen": "5",
        "status": {
          "soldOut": false,
        },
        "time": 1737999900000,
      },
      {
        "accessibility": {
          "audioDescription": true,
        },
        "bookingUrl": "https://www.odeon.co.uk/ticketing/seat-picker/?showtimeId=590-27324",
        "notes": "Saver
Wheelchair Accessible: This auditorium has bays for wheelchair users with seats beside them for accompanying guests.",
        "screen": "4",
        "status": {
          "soldOut": false,
        },
        "time": 1738011600000,
      },
      {
        "accessibility": {
          "audioDescription": true,
        },
        "bookingUrl": "https://www.odeon.co.uk/ticketing/seat-picker/?showtimeId=590-27345",
        "notes": "Saver",
        "screen": "5",
        "status": {
          "soldOut": false,
        },
        "time": 1738086300000,
      },
      {
        "accessibility": {
          "audioDescription": true,
        },
        "bookingUrl": "https://www.odeon.co.uk/ticketing/seat-picker/?showtimeId=590-27339",
        "notes": "Saver
Wheelchair Accessible: This auditorium has bays for wheelchair users with seats beside them for accompanying guests.",
        "screen": "4",
        "status": {
          "soldOut": false,
        },
        "time": 1738098000000,
      },
      {
        "accessibility": {
          "audioDescription": true,
        },
        "bookingUrl": "https://www.odeon.co.uk/ticketing/seat-picker/?showtimeId=590-27359",
        "notes": "Open Captioned: Open captions (English subtitles) are text and sound descriptions displayed at the bottom of the screen and are visible to all in the auditorium.
Saver",
        "screen": "5",
        "status": {
          "soldOut": false,
        },
        "time": 1738172700000,
      },
      {
        "accessibility": {
          "audioDescription": true,
        },
        "bookingUrl": "https://www.odeon.co.uk/ticketing/seat-picker/?showtimeId=590-27353",
        "notes": "Saver
Wheelchair Accessible: This auditorium has bays for wheelchair users with seats beside them for accompanying guests.",
        "screen": "4",
        "status": {
          "soldOut": false,
        },
        "time": 1738184400000,
      },
      {
        "accessibility": {
          "audioDescription": true,
        },
        "bookingUrl": "https://www.odeon.co.uk/ticketing/seat-picker/?showtimeId=590-27378",
        "notes": "Saver",
        "screen": "5",
        "status": {
          "soldOut": false,
        },
        "time": 1738259100000,
      },
      {
        "accessibility": {
          "audioDescription": true,
        },
        "bookingUrl": "https://www.odeon.co.uk/ticketing/seat-picker/?showtimeId=590-27370",
        "notes": "Saver
Wheelchair Accessible: This auditorium has bays for wheelchair users with seats beside them for accompanying guests.",
        "screen": "4",
        "status": {
          "soldOut": false,
        },
        "time": 1738270800000,
      },
    ],
    "title": "Flight Risk",
    "url": "https://www.odeon.co.uk/films/flight-risk/HO00006162/?siteId=590",
  },
  {
    "overview": {
      "actors": [
        "Derek Jacobi",
        "Paul Mescal",
        "Fred Hechinger",
        "Joseph Quinn",
        "Lior Raz",
        "Pedro Pascal",
        "Connie Nielsen",
        "Denzel Washington",
      ],
      "categories": [
        "Action",
        "Drama",
        "Family",
      ],
      "classification": "15",
      "directors": [
        "Ridley Scott",
      ],
      "duration": 8880000,
      "trailer": "https://www.youtube.com/watch?v=7S8ElnXTzm4",
    },
    "performances": [
      {
        "accessibility": {
          "audioDescription": true,
        },
        "bookingUrl": "https://www.odeon.co.uk/ticketing/seat-picker/?showtimeId=590-27316",
        "notes": "Saver
Wheelchair Accessible: This auditorium has bays for wheelchair users with seats beside them for accompanying guests.",
        "screen": "2",
        "status": {
          "soldOut": false,
        },
        "time": 1737808200000,
      },
      {
        "accessibility": {
          "audioDescription": true,
        },
        "bookingUrl": "https://www.odeon.co.uk/ticketing/seat-picker/?showtimeId=590-27394",
        "notes": "Saver
Wheelchair Accessible: This auditorium has bays for wheelchair users with seats beside them for accompanying guests.",
        "screen": "2",
        "status": {
          "soldOut": false,
        },
        "time": 1737894600000,
      },
    ],
    "title": "Gladiator II",
    "url": "https://www.odeon.co.uk/films/gladiator-ii/HO00005991/?siteId=590",
  },
  {
    "overview": {
      "actors": [
        "Mariah Carey",
        "Luther Vandross",
        "Patti LaBelle",
        "Dionne Warwick",
        "Richard Marx",
        "Roberta Flack",
        "Jamie Foxx",
      ],
      "categories": [
        "Documentary",
        "Music",
      ],
      "classification": "15",
      "directors": [
        "Dawn Porter",
      ],
      "duration": 6060000,
      "trailer": "https://www.youtube.com/watch?v=HAQupfsbXfg",
    },
    "performances": [
      {
        "accessibility": {},
        "bookingUrl": "https://www.odeon.co.uk/ticketing/seat-picker/?showtimeId=590-27287",
        "notes": "Saver
Wheelchair Accessible: This auditorium has bays for wheelchair users with seats beside them for accompanying guests.",
        "screen": "3",
        "status": {
          "soldOut": false,
        },
        "time": 1738266300000,
      },
    ],
    "title": "Luther: Never Too Much",
    "url": "https://www.odeon.co.uk/films/luther-never-too-much/HO00006746/?siteId=590",
  },
  {
    "overview": {
      "actors": [
        "Seth Rogen",
        "Aaron Pierre",
        "Lennie James",
        "Anika Noni Rose",
        "Kagiso Lediga",
        "Blue Ivy Carter",
        "Thandiwe Newton",
        "Tiffany Boone",
        "Preston Nyman",
        "Keith David",
        "Kelvin Harrison Jr.",
        "Mads Mikkelsen",
        "Beyoncé Knowles-Carter",
        "Billy Eichner",
        "John Kani",
      ],
      "categories": [
        "Animation",
        "Drama",
        "Family",
      ],
      "classification": "PG",
      "directors": [
        "Barry Jenkins",
      ],
      "duration": 7080000,
      "trailer": "https://www.youtube.com/watch?v=g8N7zH9w0XI",
    },
    "performances": [
      {
        "accessibility": {
          "audioDescription": true,
        },
        "bookingUrl": "https://www.odeon.co.uk/ticketing/seat-picker/?showtimeId=590-27293",
        "notes": "Saver
Wheelchair Accessible: This auditorium has bays for wheelchair users with seats beside them for accompanying guests.",
        "screen": "1",
        "status": {
          "soldOut": false,
        },
        "time": 1737738000000,
      },
      {
        "accessibility": {
          "audioDescription": true,
        },
        "bookingUrl": "https://www.odeon.co.uk/ticketing/seat-picker/?showtimeId=590-27313",
        "notes": "Saver
Wheelchair Accessible: This auditorium has bays for wheelchair users with seats beside them for accompanying guests.",
        "screen": "3",
        "status": {
          "soldOut": false,
        },
        "time": 1737806400000,
      },
      {
        "accessibility": {
          "audioDescription": true,
        },
        "bookingUrl": "https://www.odeon.co.uk/ticketing/seat-picker/?showtimeId=590-27312",
        "notes": "Saver
Wheelchair Accessible: This auditorium has bays for wheelchair users with seats beside them for accompanying guests.",
        "screen": "3",
        "status": {
          "soldOut": false,
        },
        "time": 1737816300000,
      },
      {
        "accessibility": {
          "audioDescription": true,
        },
        "bookingUrl": "https://www.odeon.co.uk/ticketing/seat-picker/?showtimeId=590-27308",
        "notes": "Saver
Wheelchair Accessible: This auditorium has bays for wheelchair users with seats beside them for accompanying guests.",
        "screen": "1",
        "status": {
          "soldOut": false,
        },
        "time": 1737823500000,
      },
      {
        "accessibility": {
          "audioDescription": true,
        },
        "bookingUrl": "https://www.odeon.co.uk/ticketing/seat-picker/?showtimeId=590-27397",
        "notes": "Saver
Wheelchair Accessible: This auditorium has bays for wheelchair users with seats beside them for accompanying guests.",
        "screen": "3",
        "status": {
          "soldOut": false,
        },
        "time": 1737892800000,
      },
      {
        "accessibility": {
          "audioDescription": true,
        },
        "bookingUrl": "https://www.odeon.co.uk/ticketing/seat-picker/?showtimeId=590-27398",
        "notes": "Saver
Wheelchair Accessible: This auditorium has bays for wheelchair users with seats beside them for accompanying guests.",
        "screen": "3",
        "status": {
          "soldOut": false,
        },
        "time": 1737902700000,
      },
      {
        "accessibility": {
          "audioDescription": true,
        },
        "bookingUrl": "https://www.odeon.co.uk/ticketing/seat-picker/?showtimeId=590-27384",
        "notes": "Saver
Wheelchair Accessible: This auditorium has bays for wheelchair users with seats beside them for accompanying guests.",
        "screen": "1",
        "status": {
          "soldOut": false,
        },
        "time": 1737909900000,
      },
      {
        "accessibility": {
          "audioDescription": true,
        },
        "bookingUrl": "https://www.odeon.co.uk/ticketing/seat-picker/?showtimeId=590-27332",
        "notes": "Saver
Wheelchair Accessible: This auditorium has bays for wheelchair users with seats beside them for accompanying guests.",
        "screen": "1",
        "status": {
          "soldOut": false,
        },
        "time": 1737997200000,
      },
      {
        "accessibility": {
          "audioDescription": true,
        },
        "bookingUrl": "https://www.odeon.co.uk/ticketing/seat-picker/?showtimeId=590-27347",
        "notes": "Saver
Wheelchair Accessible: This auditorium has bays for wheelchair users with seats beside them for accompanying guests.",
        "screen": "1",
        "status": {
          "soldOut": false,
        },
        "time": 1738083600000,
      },
      {
        "accessibility": {
          "audioDescription": true,
        },
        "bookingUrl": "https://www.odeon.co.uk/ticketing/seat-picker/?showtimeId=590-27361",
        "notes": "Saver
Wheelchair Accessible: This auditorium has bays for wheelchair users with seats beside them for accompanying guests.",
        "screen": "1",
        "status": {
          "soldOut": false,
        },
        "time": 1738170000000,
      },
      {
        "accessibility": {
          "audioDescription": true,
        },
        "bookingUrl": "https://www.odeon.co.uk/ticketing/seat-picker/?showtimeId=590-27376",
        "notes": "Saver
Wheelchair Accessible: This auditorium has bays for wheelchair users with seats beside them for accompanying guests.",
        "screen": "3",
        "status": {
          "soldOut": false,
        },
        "time": 1738256400000,
      },
    ],
    "title": "Mufasa: The Lion King",
    "url": "https://www.odeon.co.uk/films/mufasa-the-lion-king/HO00005774/?siteId=590",
  },
  {
    "overview": {
      "actors": [
        "Aaron Taylor-Johnson",
        "Lily-Rose Depp",
        "Bill Skarsgård",
        "Emma Corrin",
        "Ralph Ineson",
        "Willem Dafoe",
        "Nicholas Hoult",
        "Simon McBurney",
      ],
      "categories": [
        "Drama",
        "Fantasy",
        "Horror",
      ],
      "classification": "15",
      "directors": [
        "Robert Eggers",
      ],
      "duration": 7920000,
      "trailer": "https://www.youtube.com/watch?v=Px6S0RxfAHg",
    },
    "performances": [
      {
        "accessibility": {
          "audioDescription": true,
        },
        "bookingUrl": "https://www.odeon.co.uk/ticketing/seat-picker/?showtimeId=590-27294",
        "notes": "Saver
Wheelchair Accessible: This auditorium has bays for wheelchair users with seats beside them for accompanying guests.",
        "screen": "4",
        "status": {
          "soldOut": false,
        },
        "time": 1737741600000,
      },
      {
        "accessibility": {
          "audioDescription": true,
        },
        "bookingUrl": "https://www.odeon.co.uk/ticketing/seat-picker/?showtimeId=590-27292",
        "notes": "Saver",
        "screen": "5",
        "status": {
          "soldOut": false,
        },
        "time": 1737749700000,
      },
      {
        "accessibility": {
          "audioDescription": true,
        },
        "bookingUrl": "https://www.odeon.co.uk/ticketing/seat-picker/?showtimeId=590-27307",
        "notes": "Saver
Wheelchair Accessible: This auditorium has bays for wheelchair users with seats beside them for accompanying guests.",
        "screen": "4",
        "status": {
          "soldOut": false,
        },
        "time": 1737828000000,
      },
      {
        "accessibility": {
          "audioDescription": true,
        },
        "bookingUrl": "https://www.odeon.co.uk/ticketing/seat-picker/?showtimeId=590-27309",
        "notes": "Saver",
        "screen": "5",
        "status": {
          "soldOut": false,
        },
        "time": 1737836100000,
      },
      {
        "accessibility": {
          "audioDescription": true,
        },
        "bookingUrl": "https://www.odeon.co.uk/ticketing/seat-picker/?showtimeId=590-27385",
        "notes": "Saver
Wheelchair Accessible: This auditorium has bays for wheelchair users with seats beside them for accompanying guests.",
        "screen": "4",
        "status": {
          "soldOut": false,
        },
        "time": 1737914400000,
      },
      {
        "accessibility": {
          "audioDescription": true,
        },
        "bookingUrl": "https://www.odeon.co.uk/ticketing/seat-picker/?showtimeId=590-27383",
        "notes": "Saver",
        "screen": "5",
        "status": {
          "soldOut": false,
        },
        "time": 1737922500000,
      },
      {
        "accessibility": {
          "audioDescription": true,
        },
        "bookingUrl": "https://www.odeon.co.uk/ticketing/seat-picker/?showtimeId=590-27331",
        "notes": "Saver
Wheelchair Accessible: This auditorium has bays for wheelchair users with seats beside them for accompanying guests.",
        "screen": "4",
        "status": {
          "soldOut": false,
        },
        "time": 1738000800000,
      },
      {
        "accessibility": {
          "audioDescription": true,
        },
        "bookingUrl": "https://www.odeon.co.uk/ticketing/seat-picker/?showtimeId=590-27333",
        "notes": "Saver",
        "screen": "5",
        "status": {
          "soldOut": false,
        },
        "time": 1738008900000,
      },
      {
        "accessibility": {
          "audioDescription": true,
        },
        "bookingUrl": "https://www.odeon.co.uk/ticketing/seat-picker/?showtimeId=590-27346",
        "notes": "Saver
Wheelchair Accessible: This auditorium has bays for wheelchair users with seats beside them for accompanying guests.",
        "screen": "4",
        "status": {
          "soldOut": false,
        },
        "time": 1738087200000,
      },
      {
        "accessibility": {
          "audioDescription": true,
        },
        "bookingUrl": "https://www.odeon.co.uk/ticketing/seat-picker/?showtimeId=590-27360",
        "notes": "Saver
Wheelchair Accessible: This auditorium has bays for wheelchair users with seats beside them for accompanying guests.",
        "screen": "4",
        "status": {
          "soldOut": false,
        },
        "time": 1738173600000,
      },
      {
        "accessibility": {
          "audioDescription": true,
        },
        "bookingUrl": "https://www.odeon.co.uk/ticketing/seat-picker/?showtimeId=590-27362",
        "notes": "Saver",
        "screen": "5",
        "status": {
          "soldOut": false,
        },
        "time": 1738181700000,
      },
      {
        "accessibility": {
          "audioDescription": true,
        },
        "bookingUrl": "https://www.odeon.co.uk/ticketing/seat-picker/?showtimeId=590-27377",
        "notes": "Saver
Wheelchair Accessible: This auditorium has bays for wheelchair users with seats beside them for accompanying guests.",
        "screen": "4",
        "status": {
          "soldOut": false,
        },
        "time": 1738260000000,
      },
    ],
    "title": "Nosferatu",
    "url": "https://www.odeon.co.uk/films/nosferatu/HO00006545/?siteId=590",
  },
  {
    "overview": {
      "actors": [
        "Hugh Skinner",
        "Ncuti Gatwa",
        "Amanda Lawrence",
        "Sharon D. Clarke",
        "Eliza Scanlen",
      ],
      "categories": [
        "Live Theatre",
      ],
      "directors": [
        "Max Webster",
      ],
      "duration": 10200000,
    },
    "performances": [
      {
        "accessibility": {},
        "bookingUrl": "https://www.odeon.co.uk/ticketing/seat-picker/?showtimeId=590-24627",
        "notes": "Event Cinema
Saver",
        "screen": "5",
        "status": {
          "soldOut": false,
        },
        "time": 1740078000000,
      },
    ],
    "title": "NT Live: The Importance of Being Earnest",
    "url": "https://www.odeon.co.uk/films/nt-live-the-importance-of-being-earnest/HO00006185/?siteId=590",
  },
  {
    "overview": {
      "actors": [
        "Lucy Liu",
        "Lucas Papaelias",
        "Julia Fox",
        "Callina Liang",
        "West Mulholland",
        "Eddy Maday",
        "Chris Sullivan",
      ],
      "categories": [
        "Horror",
        "Thriller",
      ],
      "classification": "15",
      "directors": [
        "Steven Soderbergh",
      ],
      "duration": 5100000,
      "trailer": "https://www.youtube.com/watch?v=InSlx7tF0QA",
    },
    "performances": [
      {
        "accessibility": {
          "audioDescription": true,
        },
        "bookingUrl": "https://www.odeon.co.uk/ticketing/seat-picker/?showtimeId=590-27299",
        "notes": "Saver",
        "screen": "5",
        "status": {
          "soldOut": false,
        },
        "time": 1737732600000,
      },
      {
        "accessibility": {
          "audioDescription": true,
        },
        "bookingUrl": "https://www.odeon.co.uk/ticketing/seat-picker/?showtimeId=590-27289",
        "notes": "Saver
Wheelchair Accessible: This auditorium has bays for wheelchair users with seats beside them for accompanying guests.",
        "screen": "3",
        "status": {
          "soldOut": false,
        },
        "time": 1737751500000,
      },
      {
        "accessibility": {
          "audioDescription": true,
        },
        "bookingUrl": "https://www.odeon.co.uk/ticketing/seat-picker/?showtimeId=590-27302",
        "notes": "Saver",
        "screen": "5",
        "status": {
          "soldOut": false,
        },
        "time": 1737819000000,
      },
      {
        "accessibility": {
          "audioDescription": true,
        },
        "bookingUrl": "https://www.odeon.co.uk/ticketing/seat-picker/?showtimeId=590-27301",
        "notes": "Saver
Wheelchair Accessible: This auditorium has bays for wheelchair users with seats beside them for accompanying guests.",
        "screen": "3",
        "status": {
          "soldOut": false,
        },
        "time": 1737837900000,
      },
      {
        "accessibility": {
          "audioDescription": true,
        },
        "bookingUrl": "https://www.odeon.co.uk/ticketing/seat-picker/?showtimeId=590-27390",
        "notes": "Saver",
        "screen": "5",
        "status": {
          "soldOut": false,
        },
        "time": 1737905400000,
      },
      {
        "accessibility": {
          "audioDescription": true,
        },
        "bookingUrl": "https://www.odeon.co.uk/ticketing/seat-picker/?showtimeId=590-27391",
        "notes": "Saver
Wheelchair Accessible: This auditorium has bays for wheelchair users with seats beside them for accompanying guests.",
        "screen": "3",
        "status": {
          "soldOut": false,
        },
        "time": 1737924300000,
      },
      {
        "accessibility": {
          "audioDescription": true,
        },
        "bookingUrl": "https://www.odeon.co.uk/ticketing/seat-picker/?showtimeId=590-27326",
        "notes": "Saver",
        "screen": "5",
        "status": {
          "soldOut": false,
        },
        "time": 1737991800000,
      },
      {
        "accessibility": {
          "audioDescription": true,
        },
        "bookingUrl": "https://www.odeon.co.uk/ticketing/seat-picker/?showtimeId=590-27325",
        "notes": "Open Captioned: Open captions (English subtitles) are text and sound descriptions displayed at the bottom of the screen and are visible to all in the auditorium.
Saver
Wheelchair Accessible: This auditorium has bays for wheelchair users with seats beside them for accompanying guests.",
        "screen": "3",
        "status": {
          "soldOut": false,
        },
        "time": 1738010700000,
      },
      {
        "accessibility": {
          "audioDescription": true,
        },
        "bookingUrl": "https://www.odeon.co.uk/ticketing/seat-picker/?showtimeId=590-27341",
        "notes": "Saver",
        "screen": "5",
        "status": {
          "soldOut": false,
        },
        "time": 1738078200000,
      },
      {
        "accessibility": {
          "audioDescription": true,
        },
        "bookingUrl": "https://www.odeon.co.uk/ticketing/seat-picker/?showtimeId=590-27340",
        "notes": "Saver
Wheelchair Accessible: This auditorium has bays for wheelchair users with seats beside them for accompanying guests.",
        "screen": "3",
        "status": {
          "soldOut": false,
        },
        "time": 1738097100000,
      },
      {
        "accessibility": {
          "audioDescription": true,
        },
        "bookingUrl": "https://www.odeon.co.uk/ticketing/seat-picker/?showtimeId=590-27355",
        "notes": "Saver",
        "screen": "5",
        "status": {
          "soldOut": false,
        },
        "time": 1738164600000,
      },
      {
        "accessibility": {
          "audioDescription": true,
        },
        "bookingUrl": "https://www.odeon.co.uk/ticketing/seat-picker/?showtimeId=590-27354",
        "notes": "Saver
Wheelchair Accessible: This auditorium has bays for wheelchair users with seats beside them for accompanying guests.",
        "screen": "3",
        "status": {
          "soldOut": false,
        },
        "time": 1738183500000,
      },
      {
        "accessibility": {
          "audioDescription": true,
        },
        "bookingUrl": "https://www.odeon.co.uk/ticketing/seat-picker/?showtimeId=590-27368",
        "notes": "Saver",
        "screen": "5",
        "status": {
          "soldOut": false,
        },
        "time": 1738251000000,
      },
      {
        "accessibility": {
          "audioDescription": true,
        },
        "bookingUrl": "https://www.odeon.co.uk/ticketing/seat-picker/?showtimeId=590-27369",
        "notes": "Saver
Wheelchair Accessible: This auditorium has bays for wheelchair users with seats beside them for accompanying guests.",
        "screen": "1",
        "status": {
          "soldOut": false,
        },
        "time": 1738269900000,
      },
    ],
    "title": "Presence",
    "url": "https://www.odeon.co.uk/films/presence/HO00006573/?siteId=590",
  },
  {
    "overview": {
      "actors": [],
      "categories": [
        "Horror",
      ],
      "classification": "15",
      "directors": [],
      "duration": 7200000,
    },
    "performances": [
      {
        "accessibility": {
          "audioDescription": true,
        },
        "bookingUrl": "https://www.odeon.co.uk/ticketing/seat-picker/?showtimeId=590-27453",
        "notes": "Flash Warning: This title has been issued a Guest Warning by the BBFC - it contains a sequence of flashing lights which might affect customers who are susceptible to photosensitive epilepsy.
Saver",
        "screen": "5",
        "status": {
          "soldOut": false,
        },
        "time": 1739821500000,
      },
    ],
    "title": "Scream Unseen (17th February)",
    "url": "https://www.odeon.co.uk/films/scream-unseen-17th-february/HO00005888/?siteId=590",
  },
  {
    "overview": {
      "actors": [
        "Tika Sumpter",
        "Jim Carrey",
        "James Marsden",
        "Adam Pally",
        "Ben Schwartz",
        "Natasha Rothwell",
        "Shemar Moore",
        "Colleen O'Shaughnessey",
        "James Wolk",
        "Alyla Browne",
        "Krysten Ritter",
        "Lee Majdoub",
        "Idris Elba",
        "Keanu Reeves",
      ],
      "categories": [
        "Action",
        "Animation",
        "Family",
      ],
      "classification": "PG",
      "directors": [
        "Jeff Fowler",
      ],
      "duration": 6600000,
      "trailer": "https://www.youtube.com/watch?v=w0Eya8mcpuU",
    },
    "performances": [
      {
        "accessibility": {
          "audioDescription": true,
        },
        "bookingUrl": "https://www.odeon.co.uk/ticketing/seat-picker/?showtimeId=590-27317",
        "notes": "Flash Warning: This title has been issued a Guest Warning by the BBFC - it contains a sequence of flashing lights which might affect customers who are susceptible to photosensitive epilepsy.
Saver",
        "screen": "5",
        "status": {
          "soldOut": false,
        },
        "time": 1737809100000,
      },
      {
        "accessibility": {
          "audioDescription": true,
        },
        "bookingUrl": "https://www.odeon.co.uk/ticketing/seat-picker/?showtimeId=590-27393",
        "notes": "Flash Warning: This title has been issued a Guest Warning by the BBFC - it contains a sequence of flashing lights which might affect customers who are susceptible to photosensitive epilepsy.
Saver",
        "screen": "5",
        "status": {
          "soldOut": false,
        },
        "time": 1737895500000,
      },
    ],
    "title": "Sonic the Hedgehog 3",
    "url": "https://www.odeon.co.uk/films/sonic-the-hedgehog-3/HO00006278/?siteId=590",
  },
  {
    "overview": {
      "actors": [
        "Andrew Garfield",
        "Marama Corlett",
        "Adam James",
        "Florence Pugh",
      ],
      "categories": [
        "Drama",
        "Romance",
      ],
      "classification": "15",
      "directors": [
        "John Crowley",
      ],
      "duration": 6420000,
      "trailer": "https://www.youtube.com/watch?v=bS0Clau5700",
    },
    "performances": [
      {
        "accessibility": {
          "audioDescription": true,
        },
        "bookingUrl": "https://www.odeon.co.uk/ticketing/seat-picker/?showtimeId=590-27319",
        "notes": "Saver
Wheelchair Accessible: This auditorium has bays for wheelchair users with seats beside them for accompanying guests.",
        "screen": "1",
        "status": {
          "soldOut": false,
        },
        "time": 1737728100000,
      },
      {
        "accessibility": {
          "audioDescription": true,
        },
        "bookingUrl": "https://www.odeon.co.uk/ticketing/seat-picker/?showtimeId=590-27314",
        "notes": "Saver
Wheelchair Accessible: This auditorium has bays for wheelchair users with seats beside them for accompanying guests.",
        "screen": "2",
        "status": {
          "soldOut": false,
        },
        "time": 1737819900000,
      },
      {
        "accessibility": {
          "audioDescription": true,
        },
        "bookingUrl": "https://www.odeon.co.uk/ticketing/seat-picker/?showtimeId=590-27396",
        "notes": "Saver
Wheelchair Accessible: This auditorium has bays for wheelchair users with seats beside them for accompanying guests.",
        "screen": "2",
        "status": {
          "soldOut": false,
        },
        "time": 1737906300000,
      },
      {
        "accessibility": {
          "audioDescription": true,
        },
        "bookingUrl": "https://www.odeon.co.uk/ticketing/seat-picker/?showtimeId=590-27336",
        "notes": "Saver
Wheelchair Accessible: This auditorium has bays for wheelchair users with seats beside them for accompanying guests.",
        "screen": "1",
        "status": {
          "soldOut": false,
        },
        "time": 1737987300000,
      },
      {
        "accessibility": {
          "audioDescription": true,
        },
        "bookingUrl": "https://www.odeon.co.uk/ticketing/seat-picker/?showtimeId=590-27350",
        "notes": "Saver
Wheelchair Accessible: This auditorium has bays for wheelchair users with seats beside them for accompanying guests.",
        "screen": "1",
        "status": {
          "soldOut": false,
        },
        "time": 1738073700000,
      },
      {
        "accessibility": {
          "audioDescription": true,
        },
        "bookingUrl": "https://www.odeon.co.uk/ticketing/seat-picker/?showtimeId=590-27365",
        "notes": "Saver
Wheelchair Accessible: This auditorium has bays for wheelchair users with seats beside them for accompanying guests.",
        "screen": "1",
        "status": {
          "soldOut": false,
        },
        "time": 1738160100000,
      },
      {
        "accessibility": {
          "audioDescription": true,
        },
        "bookingUrl": "https://www.odeon.co.uk/ticketing/seat-picker/?showtimeId=590-27373",
        "notes": "Saver
Wheelchair Accessible: This auditorium has bays for wheelchair users with seats beside them for accompanying guests.",
        "screen": "3",
        "status": {
          "soldOut": false,
        },
        "time": 1738246500000,
      },
    ],
    "title": "We Live in Time",
    "url": "https://www.odeon.co.uk/films/we-live-in-time/HO00006474/?siteId=590",
  },
  {
    "overview": {
      "actors": [
        "Jeff Goldblum",
        "Keala Settle",
        "Bowen Yang",
        "Ariana Grande",
        "Marissa Bode",
        "Jonathan Bailey",
        "Bronwyn James",
        "Ethan Slater",
        "Peter Dinklage",
        "Michelle Yeoh",
        "Cynthia Erivo",
      ],
      "categories": [
        "Fantasy",
        "Musical ",
        "Romance",
      ],
      "classification": "PG",
      "directors": [
        "Jon M. Chu",
      ],
      "duration": 9660000,
      "trailer": "https://www.youtube.com/watch?v=OlwRRxY5VHo",
    },
    "performances": [
      {
        "accessibility": {
          "audioDescription": true,
        },
        "bookingUrl": "https://www.odeon.co.uk/ticketing/seat-picker/?showtimeId=590-27315",
        "notes": "Saver
Wheelchair Accessible: This auditorium has bays for wheelchair users with seats beside them for accompanying guests.",
        "screen": "4",
        "status": {
          "soldOut": false,
        },
        "time": 1737815400000,
      },
      {
        "accessibility": {
          "audioDescription": true,
        },
        "bookingUrl": "https://www.odeon.co.uk/ticketing/seat-picker/?showtimeId=590-27395",
        "notes": "Saver
Wheelchair Accessible: This auditorium has bays for wheelchair users with seats beside them for accompanying guests.",
        "screen": "4",
        "status": {
          "soldOut": false,
        },
        "time": 1737901800000,
      },
    ],
    "title": "Wicked",
    "url": "https://www.odeon.co.uk/films/wicked/HO00005779/?siteId=590",
  },
]
`;
