// Jest Snapshot v1, https://goo.gl/fbAQLP

exports[`Tate Britain retrieve and transform 1`] = `
[
  {
    "category": "event",
    "overview": {
      "actors": [],
      "categories": [],
      "directors": [],
    },
    "performances": [
      {
        "accessibility": {
          "subtitled": true,
        },
        "bookingUrl": "https://shop.tate.org.uk/ticket/date?cgid=394558",
        "format": {},
        "notes": "",
        "status": {},
        "time": 1789205400000,
      },
    ],
    "showingId": "tate.org.uk-tate-britain-african-cinema-speaks-screenings-and-seminar",
    "title": "African Cinema Speaks: Screenings and Seminar",
    "url": "https://www.tate.org.uk/whats-on/tate-britain/zineb-sedira/african-cinema-speaks-screenings-and-seminar",
  },
  {
    "category": "event",
    "overview": {
      "actors": [],
      "categories": [],
      "directors": [],
    },
    "performances": [
      {
        "accessibility": {},
        "bookingUrl": "https://www.tate.org.uk/whats-on/tate-britain/whistler/exhibition-on-screen-whistler",
        "format": {},
        "notes": "",
        "status": {
          "soldOut": true,
        },
        "time": 1788526800000,
      },
    ],
    "showingId": "tate.org.uk-tate-britain-exhibition-on-screen-whistler",
    "title": "Members Screening Exhibition on Screen: James McNeill Whistler",
    "url": "https://www.tate.org.uk/whats-on/tate-britain/whistler/exhibition-on-screen-whistler",
  },
  {
    "category": "event",
    "overview": {
      "actors": [],
      "categories": [],
      "directors": [],
    },
    "performances": [
      {
        "accessibility": {},
        "bookingUrl": "https://shop.tate.org.uk/ticket/date?cgid=397335",
        "format": {},
        "notes": "",
        "status": {},
        "time": 1791640800000,
      },
    ],
    "showingId": "tate.org.uk-tate-britain-the-90s-on-screen-trainspotting",
    "title": "The 90s On Screen: Trainspotting",
    "url": "https://www.tate.org.uk/whats-on/tate-britain/the-90s-on-screen-trainspotting",
  },
]
`;
