// Jest Snapshot v1, https://goo.gl/fbAQLP

exports[`Everyman at The Whiteley retrieve and transform 1`] = `
[
  {
    "category": "event",
    "overview": {
      "actors": [],
      "categories": [],
      "directors": [],
      "duration": 3300000,
    },
    "performances": [
      {
        "accessibility": {},
        "bookingUrl": "https://purchase.everymancinema.com/launch/ticketing/510ad91b-8efe-5ae2-a17f-ea74d7ed63c4",
        "format": {},
        "notes": "97% of seats sold",
        "status": {
          "soldOut": false,
        },
        "time": 1784226600000,
      },
    ],
    "showingId": "everymancinema.com-the-whiteley-1000046717",
    "title": "Alhan Presents: Jockeys of Jamaica",
    "url": "https://www.everymancinema.com/film-listing/1000046717-alhan-presents-jockeys-of-jamaica",
  },
  {
    "category": "event",
    "overview": {
      "actors": [
        "Chiwetel Ejiofor",
        "Renate Reinsve",
        "Mark Duplass",
        "Finn Bennett",
        "Lukita Maxwell",
        "Avan Jogia",
        "Krista Kosonen",
        "Philip Granger",
        "Robert Bobroczkyi",
        "Ember Ambrose",
      ],
      "categories": [
        "Horror",
        "Science fiction",
      ],
      "classification": "15",
      "directors": [
        "Kane Parsons",
      ],
      "duration": 7560000,
      "trailer": "https://www.youtube.com/watch?v=5C-zBIuvGnU",
    },
    "performances": [
      {
        "accessibility": {},
        "bookingUrl": "https://purchase.everymancinema.com/launch/ticketing/296c71f6-9be5-5e76-85e5-2f22de5f9d52",
        "format": {},
        "notes": "6% of seats sold",
        "status": {
          "soldOut": false,
        },
        "time": 1783972800000,
      },
    ],
    "showingId": "everymancinema.com-the-whiteley-1000048157",
    "title": "Backrooms: Everything Must Go Edition w/ Bonus Footage",
    "url": "https://www.everymancinema.com/film-listing/1000048157-backrooms-everything-must-go-edition-w-bonus-footage",
  },
  {
    "category": "event",
    "overview": {
      "actors": [
        "Jodie Foster",
        "Daniel Auteuil",
        "Virginie Efira",
        "Mathieu Amalric",
        "Vincent Lacoste",
        "Luàna Bajrami",
      ],
      "categories": [
        "Detective",
        "Thriller",
        "Drama",
      ],
      "classification": "15",
      "directors": [
        "Rebecca Zlotowski",
      ],
      "duration": 6420000,
    },
    "performances": [
      {
        "accessibility": {},
        "bookingUrl": "https://purchase.everymancinema.com/launch/ticketing/3e14e578-73d9-5eb4-8aa9-6d6fd4a2a14b",
        "format": {},
        "notes": "0% of seats sold
One more chance to discover curated cinema beyond the mainstream.",
        "status": {
          "soldOut": false,
        },
        "time": 1785153600000,
      },
    ],
    "showingId": "everymancinema.com-the-whiteley-1000048635",
    "title": "Beyond: A Private Life",
    "url": "https://www.everymancinema.com/film-listing/1000048635-beyond-a-private-life",
  },
  {
    "category": "event",
    "overview": {
      "actors": [
        "Leisa Gwenllian",
        "Tom Rhys Harries",
        "Owen Alun",
        "Nel Rhys Lewis",
        "Mared Llywelyn",
        "Sion Eifion",
      ],
      "categories": [
        "Drama",
      ],
      "classification": "15",
      "directors": [
        "Marc Evans",
      ],
      "duration": 5400000,
    },
    "performances": [
      {
        "accessibility": {},
        "bookingUrl": "https://purchase.everymancinema.com/launch/ticketing/7faf983b-ed51-5dc0-96ac-ace68b7d5fa5",
        "format": {},
        "notes": "0% of seats sold
One more chance to discover curated cinema beyond the mainstream.",
        "status": {
          "soldOut": false,
        },
        "time": 1784662200000,
      },
    ],
    "showingId": "everymancinema.com-the-whiteley-1000048636",
    "title": "Beyond: Effi o Blaenau",
    "url": "https://www.everymancinema.com/film-listing/1000048636-beyond-effi-o-blaenau",
  },
  {
    "category": "event",
    "overview": {
      "actors": [
        "Mads Mikkelsen",
        "Nikolaj Lie Kaas",
        "Lars Brygmann",
      ],
      "categories": [
        "Comedy",
        "Drama",
        "Thriller",
      ],
      "classification": "15",
      "directors": [
        "Anders Thomas Jensen",
      ],
      "duration": 6960000,
      "trailer": "https://www.youtube.com/watch?v=YdFbqryfdxg",
    },
    "performances": [
      {
        "accessibility": {},
        "bookingUrl": "https://purchase.everymancinema.com/launch/ticketing/25eef04b-0a9a-5b37-8de1-a381548cff83",
        "format": {},
        "notes": "0% of seats sold
One more chance to discover curated cinema beyond the mainstream.",
        "status": {
          "soldOut": false,
        },
        "time": 1783944000000,
      },
      {
        "accessibility": {},
        "bookingUrl": "https://purchase.everymancinema.com/launch/ticketing/1f32897b-08bd-5839-b67a-e8cb797829fb",
        "format": {},
        "notes": "0% of seats sold
One more chance to discover curated cinema beyond the mainstream.",
        "status": {
          "soldOut": false,
        },
        "time": 1784055600000,
      },
    ],
    "showingId": "everymancinema.com-the-whiteley-1000047646",
    "title": "Beyond: The Last Viking",
    "url": "https://www.everymancinema.com/film-listing/1000047646-beyond-the-last-viking",
  },
  {
    "category": "event",
    "overview": {
      "actors": [
        "David Byrne",
      ],
      "categories": [
        "Music",
        "Documentary",
      ],
      "classification": "12A",
      "directors": [
        "Spike Lee",
      ],
      "duration": 8100000,
      "trailer": "https://www.youtube.com/watch?v=WZ2I-A4kNfM",
    },
    "performances": [
      {
        "accessibility": {},
        "bookingUrl": "https://purchase.everymancinema.com/launch/ticketing/b14af6c2-cb3c-5c45-8d47-c1a2ce23db66",
        "format": {},
        "notes": "0% of seats sold",
        "status": {
          "soldOut": false,
        },
        "time": 1786044600000,
      },
    ],
    "showingId": "everymancinema.com-the-whiteley-280892",
    "title": "David Byrne's American Utopia",
    "url": "https://www.everymancinema.com/film-listing/280892-david-byrnes-american-utopia",
  },
  {
    "category": "event",
    "overview": {
      "actors": [
        "Emily Blunt",
        "Josh O'Connor",
        "Colin Firth",
        "Eve Hewson",
        "Colman Domingo",
        "Wyatt Russell",
        "Henry Lloyd-Hughes",
        "Jim Parrack",
        "Tommy Martinez",
        "Jeremy Shamos",
      ],
      "categories": [
        "Science fiction",
        "Thriller",
      ],
      "classification": "12A",
      "directors": [
        "Steven Spielberg",
      ],
      "duration": 8700000,
    },
    "performances": [
      {
        "accessibility": {},
        "bookingUrl": "https://purchase.everymancinema.com/launch/ticketing/aa70ad77-e852-586a-9dbe-76d1190c3921",
        "format": {},
        "notes": "6% of seats sold",
        "status": {
          "soldOut": false,
        },
        "time": 1783799100000,
      },
      {
        "accessibility": {},
        "bookingUrl": "https://purchase.everymancinema.com/launch/ticketing/cf9e55d1-336c-50ac-af41-57bc1b2df0ad",
        "format": {},
        "notes": "9% of seats sold",
        "status": {
          "soldOut": false,
        },
        "time": 1783884600000,
      },
      {
        "accessibility": {},
        "bookingUrl": "https://purchase.everymancinema.com/launch/ticketing/a4a7198b-5895-5d11-98ad-1bf5e1025588",
        "format": {},
        "notes": "0% of seats sold",
        "status": {
          "soldOut": false,
        },
        "time": 1783949400000,
      },
      {
        "accessibility": {},
        "bookingUrl": "https://purchase.everymancinema.com/launch/ticketing/883d5f14-78a7-5c79-aa9c-ddba7f3a1c57",
        "format": {},
        "notes": "0% of seats sold",
        "status": {
          "soldOut": false,
        },
        "time": 1784023200000,
      },
      {
        "accessibility": {},
        "bookingUrl": "https://purchase.everymancinema.com/launch/ticketing/90b0d1c1-5e96-5585-b4d6-d941441cff31",
        "format": {},
        "notes": "0% of seats sold",
        "status": {
          "soldOut": false,
        },
        "time": 1784057400000,
      },
      {
        "accessibility": {},
        "bookingUrl": "https://purchase.everymancinema.com/launch/ticketing/5bd8261c-a158-5e0f-9255-b3d75a34cce2",
        "format": {},
        "notes": "0% of seats sold",
        "status": {
          "soldOut": false,
        },
        "time": 1784116800000,
      },
      {
        "accessibility": {},
        "bookingUrl": "https://purchase.everymancinema.com/launch/ticketing/713c5867-707e-5e79-a4d3-a04867e67159",
        "format": {},
        "notes": "0% of seats sold",
        "status": {
          "soldOut": false,
        },
        "time": 1784144400000,
      },
      {
        "accessibility": {},
        "bookingUrl": "https://purchase.everymancinema.com/launch/ticketing/7d42a6ff-9007-577e-aa19-76024e4cb84b",
        "format": {},
        "notes": "0% of seats sold",
        "status": {
          "soldOut": false,
        },
        "time": 1784209200000,
      },
      {
        "accessibility": {},
        "bookingUrl": "https://purchase.everymancinema.com/launch/ticketing/303619b3-5264-547f-bdd9-1aa3aeb258e8",
        "format": {},
        "notes": "0% of seats sold",
        "status": {
          "soldOut": false,
        },
        "time": 1784231100000,
      },
    ],
    "showingId": "everymancinema.com-the-whiteley-1000001453",
    "title": "Disclosure Day",
    "url": "https://www.everymancinema.com/film-listing/1000001453-disclosure-day",
  },
  {
    "category": "event",
    "overview": {
      "actors": [
        "Souheila Yacoub",
        "Hunter Doohan",
        "Luciane Buchanan",
        "Tandi Wright",
        "Maude Davey",
        "Erroll Shand",
        "Keanu Karim",
        "Tapiwa Soropa",
        "George Pullar",
        "Greta van den Brink",
      ],
      "categories": [
        "Horror",
      ],
      "classification": "18",
      "directors": [
        "Sébastien Vaniček",
      ],
      "duration": 6660000,
      "trailer": "https://www.youtube.com/watch?v=YYkUkyfjUKg",
    },
    "performances": [
      {
        "accessibility": {},
        "bookingUrl": "https://purchase.everymancinema.com/launch/ticketing/cce77b9b-cd31-5cc2-a6dd-a7618b3420ea",
        "format": {},
        "notes": "42% of seats sold",
        "status": {
          "soldOut": false,
        },
        "time": 1783788300000,
      },
      {
        "accessibility": {},
        "bookingUrl": "https://purchase.everymancinema.com/launch/ticketing/126445c0-3980-5fa2-a74a-13141e1c9ebc",
        "format": {},
        "notes": "11% of seats sold",
        "status": {
          "soldOut": false,
        },
        "time": 1783800900000,
      },
      {
        "accessibility": {},
        "bookingUrl": "https://purchase.everymancinema.com/launch/ticketing/38c0dfe2-e5d1-59da-aa66-5385eb399b28",
        "format": {},
        "notes": "4% of seats sold",
        "status": {
          "soldOut": false,
        },
        "time": 1783870200000,
      },
      {
        "accessibility": {},
        "bookingUrl": "https://purchase.everymancinema.com/launch/ticketing/bba78ab3-f341-535a-8fd3-a5264034f8ee",
        "format": {},
        "notes": "6% of seats sold",
        "status": {
          "soldOut": false,
        },
        "time": 1783886400000,
      },
      {
        "accessibility": {},
        "bookingUrl": "https://purchase.everymancinema.com/launch/ticketing/83e08d43-9234-53d4-a087-31853460bc97",
        "format": {},
        "notes": "6% of seats sold",
        "status": {
          "soldOut": false,
        },
        "time": 1783963800000,
      },
      {
        "accessibility": {},
        "bookingUrl": "https://purchase.everymancinema.com/launch/ticketing/55396f2b-efd2-5c25-8a73-12f0c98b9a5b",
        "format": {},
        "notes": "0% of seats sold",
        "status": {
          "soldOut": false,
        },
        "time": 1783974000000,
      },
      {
        "accessibility": {},
        "bookingUrl": "https://purchase.everymancinema.com/launch/ticketing/8528333c-ac6e-56b1-9b68-407ebca91054",
        "format": {},
        "notes": "0% of seats sold",
        "status": {
          "soldOut": false,
        },
        "time": 1784049300000,
      },
      {
        "accessibility": {},
        "bookingUrl": "https://purchase.everymancinema.com/launch/ticketing/b72f74e6-ecd8-5811-8d27-e364c39eda6b",
        "format": {},
        "notes": "0% of seats sold",
        "status": {
          "soldOut": false,
        },
        "time": 1784059200000,
      },
      {
        "accessibility": {},
        "bookingUrl": "https://purchase.everymancinema.com/launch/ticketing/37afa4ae-e027-53f6-8aad-43df5962df9c",
        "format": {},
        "notes": "0% of seats sold",
        "status": {
          "soldOut": false,
        },
        "time": 1784133000000,
      },
      {
        "accessibility": {},
        "bookingUrl": "https://purchase.everymancinema.com/launch/ticketing/e160f44e-ffc2-5284-b59a-cbdadd384c0e",
        "format": {},
        "notes": "0% of seats sold",
        "status": {
          "soldOut": false,
        },
        "time": 1784146500000,
      },
      {
        "accessibility": {},
        "bookingUrl": "https://purchase.everymancinema.com/launch/ticketing/4c7857fa-158b-5cfb-aac6-7b8e4f9b6d83",
        "format": {},
        "notes": "0% of seats sold",
        "status": {
          "soldOut": false,
        },
        "time": 1784222100000,
      },
      {
        "accessibility": {},
        "bookingUrl": "https://purchase.everymancinema.com/launch/ticketing/7661ce13-ff02-50b7-8351-1901cc4f0854",
        "format": {},
        "notes": "0% of seats sold",
        "status": {
          "soldOut": false,
        },
        "time": 1784232900000,
      },
    ],
    "showingId": "everymancinema.com-the-whiteley-326465",
    "title": "Evil Dead Burn",
    "url": "https://www.everymancinema.com/film-listing/326465-evil-dead-burn",
  },
  {
    "category": "event",
    "overview": {
      "actors": [
        "John Lithgow",
        "Elliot Levey",
        "Aya Cash",
        "Rachael Stirling",
        "Tessa Bonham Jones",
        "Richard Hope",
      ],
      "categories": [
        "Drama",
      ],
      "classification": "15",
      "directors": [
        "Nicholas Hytner",
      ],
      "duration": 8160000,
    },
    "performances": [
      {
        "accessibility": {},
        "bookingUrl": "https://purchase.everymancinema.com/launch/ticketing/2b10a98b-4a8f-5a9a-9b0b-cadca4cec41e",
        "format": {},
        "notes": "2% of seats sold",
        "status": {
          "soldOut": false,
        },
        "time": 1795114800000,
      },
      {
        "accessibility": {},
        "bookingUrl": "https://purchase.everymancinema.com/launch/ticketing/07c61ad3-92b1-520a-8ddd-70b0847fa203",
        "format": {},
        "notes": "0% of seats sold",
        "status": {
          "soldOut": false,
        },
        "time": 1795523400000,
      },
    ],
    "showingId": "everymancinema.com-the-whiteley-1000046327",
    "title": "GIANT - The Play",
    "url": "https://www.everymancinema.com/film-listing/1000046327-giant-the-play",
  },
  {
    "category": "event",
    "overview": {
      "actors": [
        "Pierre Coffin",
        "Christoph Waltz",
        "Trey Parker",
        "Jesse Eisenberg",
        "Jeff Bridges",
        "Allison Janney",
        "Zoey Deutch",
        "Amy Sedaris",
        "Romesh Ranganathan",
        "Phil LaMarr",
      ],
      "categories": [
        "Animation",
        "Adventure",
        "Comedy",
        "Family",
      ],
      "classification": "U",
      "directors": [
        "Pierre Coffin",
        "Patrick Delage",
      ],
      "duration": 5340000,
    },
    "performances": [
      {
        "accessibility": {},
        "bookingUrl": "https://purchase.everymancinema.com/launch/ticketing/9e6b0ef1-2877-5239-8860-619c73b6462f",
        "format": {},
        "notes": "62% of seats sold",
        "status": {
          "soldOut": false,
        },
        "time": 1783791000000,
      },
      {
        "accessibility": {},
        "bookingUrl": "https://purchase.everymancinema.com/launch/ticketing/b9dcd014-6671-5a31-806f-081fd31e6b81",
        "format": {},
        "notes": "0% of seats sold",
        "status": {
          "soldOut": false,
        },
        "time": 1783844100000,
      },
      {
        "accessibility": {},
        "bookingUrl": "https://purchase.everymancinema.com/launch/ticketing/eac63cd8-45e7-5f77-bd00-f3dfdecf50d2",
        "format": {},
        "notes": "11% of seats sold",
        "status": {
          "soldOut": false,
        },
        "time": 1783851300000,
      },
      {
        "accessibility": {},
        "bookingUrl": "https://purchase.everymancinema.com/launch/ticketing/1315d09e-2509-5d3b-8363-e1e3c819d362",
        "format": {},
        "notes": "17% of seats sold",
        "status": {
          "soldOut": false,
        },
        "time": 1783855800000,
      },
      {
        "accessibility": {},
        "bookingUrl": "https://purchase.everymancinema.com/launch/ticketing/e8a1ecfa-6fdf-5f33-97c2-f4b900913d0c",
        "format": {},
        "notes": "5% of seats sold",
        "status": {
          "soldOut": false,
        },
        "time": 1783865700000,
      },
      {
        "accessibility": {},
        "bookingUrl": "https://purchase.everymancinema.com/launch/ticketing/537babf4-dca6-5ba7-9d93-cc0a3b6b223c",
        "format": {},
        "notes": "10% of seats sold",
        "status": {
          "soldOut": false,
        },
        "time": 1783873800000,
      },
      {
        "accessibility": {},
        "bookingUrl": "https://purchase.everymancinema.com/launch/ticketing/2cc5497c-7a3a-5d4e-b02c-7d4a13099841",
        "format": {},
        "notes": "0% of seats sold",
        "status": {
          "soldOut": false,
        },
        "time": 1783934100000,
      },
      {
        "accessibility": {
          "hardOfHearing": true,
        },
        "bookingUrl": "https://purchase.everymancinema.com/launch/ticketing/965ca559-c4dd-5c4e-b98f-575cee2957a2",
        "format": {},
        "notes": "0% of seats sold",
        "status": {
          "soldOut": false,
        },
        "time": 1783942200000,
      },
      {
        "accessibility": {},
        "bookingUrl": "https://purchase.everymancinema.com/launch/ticketing/cf65ebcf-a92c-5d3b-b086-b49dc40574d8",
        "format": {},
        "notes": "22% of seats sold",
        "status": {
          "soldOut": false,
        },
        "time": 1783951200000,
      },
      {
        "accessibility": {},
        "bookingUrl": "https://purchase.everymancinema.com/launch/ticketing/59f4bb17-4691-5f41-ab52-288c4b961041",
        "format": {},
        "notes": "0% of seats sold",
        "status": {
          "soldOut": false,
        },
        "time": 1784017800000,
      },
      {
        "accessibility": {},
        "bookingUrl": "https://purchase.everymancinema.com/launch/ticketing/80d67771-6c7d-5379-9929-fb299a01d100",
        "format": {},
        "notes": "0% of seats sold",
        "status": {
          "soldOut": false,
        },
        "time": 1784037600000,
      },
      {
        "accessibility": {},
        "bookingUrl": "https://purchase.everymancinema.com/launch/ticketing/8cb70e32-c38e-5159-818a-8165c8e77572",
        "format": {},
        "notes": "0% of seats sold",
        "status": {
          "soldOut": false,
        },
        "time": 1784047500000,
      },
      {
        "accessibility": {},
        "bookingUrl": "https://purchase.everymancinema.com/launch/ticketing/2c2f1777-f21f-55b6-94f2-0831f5060dee",
        "format": {},
        "notes": "0% of seats sold",
        "status": {
          "soldOut": false,
        },
        "time": 1784103300000,
      },
      {
        "accessibility": {},
        "bookingUrl": "https://purchase.everymancinema.com/launch/ticketing/9c607748-ce51-5811-ad9d-e07e49f8f270",
        "format": {},
        "notes": "0% of seats sold",
        "status": {
          "soldOut": false,
        },
        "time": 1784108700000,
      },
      {
        "accessibility": {},
        "bookingUrl": "https://purchase.everymancinema.com/launch/ticketing/8de0920f-f6f3-5cb6-bb7b-cd6f3963f14c",
        "format": {},
        "notes": "0% of seats sold",
        "status": {
          "soldOut": false,
        },
        "time": 1784118600000,
      },
      {
        "accessibility": {},
        "bookingUrl": "https://purchase.everymancinema.com/launch/ticketing/d8eb6f8b-d736-5732-a928-920a825540f2",
        "format": {},
        "notes": "0% of seats sold",
        "status": {
          "soldOut": false,
        },
        "time": 1784135700000,
      },
      {
        "accessibility": {},
        "bookingUrl": "https://purchase.everymancinema.com/launch/ticketing/53050288-50f0-5f21-8302-c56bbe548852",
        "format": {},
        "notes": "0% of seats sold",
        "status": {
          "soldOut": false,
        },
        "time": 1784192400000,
      },
      {
        "accessibility": {},
        "bookingUrl": "https://purchase.everymancinema.com/launch/ticketing/23d8d8ff-8fb2-5188-a654-c9fa6c3c2b10",
        "format": {},
        "notes": "0% of seats sold",
        "status": {
          "soldOut": false,
        },
        "time": 1784202000000,
      },
      {
        "accessibility": {},
        "bookingUrl": "https://purchase.everymancinema.com/launch/ticketing/a9fcad2a-710c-5b9a-8e05-faa8208e58f6",
        "format": {},
        "notes": "0% of seats sold",
        "status": {
          "soldOut": false,
        },
        "time": 1784220300000,
      },
    ],
    "showingId": "everymancinema.com-the-whiteley-315380",
    "title": "Minions & Monsters",
    "url": "https://www.everymancinema.com/film-listing/315380-minions-and-monsters",
  },
  {
    "category": "event",
    "overview": {
      "actors": [
        "Catherine Laga'aia",
        "Dwayne Johnson",
        "Rena Owen",
        "John Tui",
        "Frankie Adams",
        "Jemaine Clement",
        "Emma Puahi-Shapazian",
        "Amaya Masoli",
      ],
      "categories": [
        "Family",
        "Comedy",
        "Adventure",
      ],
      "classification": "PG",
      "directors": [
        "Thomas Kail",
      ],
      "duration": 6960000,
      "trailer": "https://www.youtube.com/watch?v=zQjHSoVCQLs",
    },
    "performances": [
      {
        "accessibility": {},
        "bookingUrl": "https://purchase.everymancinema.com/launch/ticketing/0725186f-82d8-53ad-8d20-e1a5da41bea2",
        "format": {},
        "notes": "22% of seats sold",
        "status": {
          "soldOut": false,
        },
        "time": 1783782000000,
      },
      {
        "accessibility": {},
        "bookingUrl": "https://purchase.everymancinema.com/launch/ticketing/c345b42f-29ba-5718-921e-7d86e57c24f0",
        "format": {},
        "notes": "38% of seats sold",
        "status": {
          "soldOut": false,
        },
        "time": 1783797300000,
      },
      {
        "accessibility": {},
        "bookingUrl": "https://purchase.everymancinema.com/launch/ticketing/15ef462b-68c0-58ee-9e8e-4c37d21265cb",
        "format": {},
        "notes": "5% of seats sold",
        "status": {
          "soldOut": false,
        },
        "time": 1783846800000,
      },
      {
        "accessibility": {},
        "bookingUrl": "https://purchase.everymancinema.com/launch/ticketing/e6c37921-3066-515a-bf0c-e0c6073b79f9",
        "format": {},
        "notes": "20% of seats sold",
        "status": {
          "soldOut": false,
        },
        "time": 1783857000000,
      },
      {
        "accessibility": {},
        "bookingUrl": "https://purchase.everymancinema.com/launch/ticketing/0c408ddc-0686-521b-affd-8c56c37e2dc6",
        "format": {},
        "notes": "0% of seats sold",
        "status": {
          "soldOut": false,
        },
        "time": 1783868400000,
      },
      {
        "accessibility": {},
        "bookingUrl": "https://purchase.everymancinema.com/launch/ticketing/955e3fe4-5648-5763-93a7-8158e41f248e",
        "format": {},
        "notes": "0% of seats sold",
        "status": {
          "soldOut": false,
        },
        "time": 1783882800000,
      },
      {
        "accessibility": {},
        "bookingUrl": "https://purchase.everymancinema.com/launch/ticketing/4718c751-2438-56eb-89e3-57982f0883c7",
        "format": {},
        "notes": "0% of seats sold",
        "status": {
          "soldOut": false,
        },
        "time": 1783936800000,
      },
      {
        "accessibility": {},
        "bookingUrl": "https://purchase.everymancinema.com/launch/ticketing/4211a182-c568-53f8-8876-d8156835853a",
        "format": {},
        "notes": "0% of seats sold",
        "status": {
          "soldOut": false,
        },
        "time": 1783947600000,
      },
      {
        "accessibility": {},
        "bookingUrl": "https://purchase.everymancinema.com/launch/ticketing/1a11d76e-b618-51c2-9411-963ca550c3db",
        "format": {},
        "notes": "3% of seats sold",
        "status": {
          "soldOut": false,
        },
        "time": 1783956600000,
      },
      {
        "accessibility": {},
        "bookingUrl": "https://purchase.everymancinema.com/launch/ticketing/46834d53-fc03-5bba-98dc-5b669b8d90f8",
        "format": {},
        "notes": "0% of seats sold",
        "status": {
          "soldOut": false,
        },
        "time": 1783971000000,
      },
      {
        "accessibility": {
          "babyFriendly": true,
        },
        "bookingUrl": "https://purchase.everymancinema.com/launch/ticketing/0b7f2ea8-ed08-5931-9c24-104cb453bbb6",
        "format": {},
        "notes": "58% of seats sold",
        "status": {
          "soldOut": false,
        },
        "time": 1784022300000,
      },
      {
        "accessibility": {},
        "bookingUrl": "https://purchase.everymancinema.com/launch/ticketing/08b53f14-55b5-5752-a90a-ebe7ecd37dae",
        "format": {},
        "notes": "0% of seats sold",
        "status": {
          "soldOut": false,
        },
        "time": 1784033100000,
      },
      {
        "accessibility": {},
        "bookingUrl": "https://purchase.everymancinema.com/launch/ticketing/62a5f213-67ce-5fd5-a60c-0c444a62abf4",
        "format": {},
        "notes": "14% of seats sold",
        "status": {
          "soldOut": false,
        },
        "time": 1784041200000,
      },
      {
        "accessibility": {},
        "bookingUrl": "https://purchase.everymancinema.com/launch/ticketing/de9adf25-3746-55b2-8111-95e3f65eaf94",
        "format": {},
        "notes": "0% of seats sold",
        "status": {
          "soldOut": false,
        },
        "time": 1784052000000,
      },
      {
        "accessibility": {
          "hardOfHearing": true,
        },
        "bookingUrl": "https://purchase.everymancinema.com/launch/ticketing/3f510fc9-2a17-5188-85ea-db227d4b4172",
        "format": {},
        "notes": "0% of seats sold
Reduced ticket price for guests aged 55 and over, including a complimentary hot drink and a slice of cake.",
        "status": {
          "soldOut": false,
        },
        "time": 1784106000000,
      },
      {
        "accessibility": {},
        "bookingUrl": "https://purchase.everymancinema.com/launch/ticketing/116da197-6d9d-5254-9eae-7747e0a5095c",
        "format": {},
        "notes": "0% of seats sold",
        "status": {
          "soldOut": false,
        },
        "time": 1784120400000,
      },
      {
        "accessibility": {},
        "bookingUrl": "https://purchase.everymancinema.com/launch/ticketing/fc5aa0db-08ed-56d6-a99b-3a4b22852877",
        "format": {},
        "notes": "8% of seats sold",
        "status": {
          "soldOut": false,
        },
        "time": 1784131200000,
      },
      {
        "accessibility": {},
        "bookingUrl": "https://purchase.everymancinema.com/launch/ticketing/3f8533eb-d1ed-5535-a006-dda13f20944a",
        "format": {},
        "notes": "0% of seats sold",
        "status": {
          "soldOut": false,
        },
        "time": 1784138400000,
      },
      {
        "accessibility": {},
        "bookingUrl": "https://purchase.everymancinema.com/launch/ticketing/21b862df-f69f-559f-94b6-c34106cacbc0",
        "format": {},
        "notes": "0% of seats sold",
        "status": {
          "soldOut": false,
        },
        "time": 1784196900000,
      },
      {
        "accessibility": {},
        "bookingUrl": "https://purchase.everymancinema.com/launch/ticketing/1cedc211-65e6-562d-afe8-aa4759e31122",
        "format": {},
        "notes": "0% of seats sold",
        "status": {
          "soldOut": false,
        },
        "time": 1784207400000,
      },
      {
        "accessibility": {
          "hardOfHearing": true,
        },
        "bookingUrl": "https://purchase.everymancinema.com/launch/ticketing/41589828-a1d2-599b-a423-17fe4e71dcb3",
        "format": {},
        "notes": "0% of seats sold",
        "status": {
          "soldOut": false,
        },
        "time": 1784218500000,
      },
      {
        "accessibility": {},
        "bookingUrl": "https://purchase.everymancinema.com/launch/ticketing/7d9c1ac9-6685-5df3-a867-3160fd072d3c",
        "format": {},
        "notes": "0% of seats sold",
        "status": {
          "soldOut": false,
        },
        "time": 1784224800000,
      },
    ],
    "showingId": "everymancinema.com-the-whiteley-314942",
    "title": "Moana",
    "url": "https://www.everymancinema.com/film-listing/314942-moana",
  },
  {
    "category": "event",
    "overview": {
      "actors": [
        "Michael Johnston (II)",
        "Inde Navarrette",
        "Cooper Tomlinson",
        "Megan Lawless",
        "Andy Richter",
        "Haley Fitzgerald",
        "Darin Toonder",
        "Chloe Breen",
        "Anthony Pavone",
        "Anthony Casabianca",
      ],
      "categories": [
        "Horror",
      ],
      "classification": "18",
      "directors": [
        "Curry Barker",
      ],
      "duration": 6540000,
    },
    "performances": [
      {
        "accessibility": {},
        "bookingUrl": "https://purchase.everymancinema.com/launch/ticketing/80386c97-a412-5494-96c6-b4118c48be11",
        "format": {},
        "notes": "6% of seats sold",
        "status": {
          "soldOut": false,
        },
        "time": 1784039400000,
      },
      {
        "accessibility": {},
        "bookingUrl": "https://purchase.everymancinema.com/launch/ticketing/b54cb560-fa9b-57bf-b927-d6f5c7671edb",
        "format": {},
        "notes": "0% of seats sold",
        "status": {
          "soldOut": false,
        },
        "time": 1784203800000,
      },
    ],
    "showingId": "everymancinema.com-the-whiteley-1000028234",
    "title": "Obsession",
    "url": "https://www.everymancinema.com/film-listing/1000028234-obsession",
  },
  {
    "category": "event",
    "overview": {
      "actors": [
        "Rain Janjua",
        "Carter Young",
        "Mckenna Grace",
      ],
      "categories": [
        "Animation",
        "Adventure",
        "Comedy",
        "Family",
      ],
      "classification": "U",
      "directors": [
        "Cal Brunker",
      ],
      "duration": 5280000,
      "trailer": "https://www.youtube.com/watch?v=xgI5iYmOf5Q",
    },
    "performances": [
      {
        "accessibility": {},
        "bookingUrl": "https://purchase.everymancinema.com/launch/ticketing/17921f23-8d00-5abb-8ff2-315e5f4ff22b",
        "format": {},
        "notes": "0% of seats sold",
        "status": {
          "soldOut": false,
        },
        "time": 1785664800000,
      },
    ],
    "showingId": "everymancinema.com-the-whiteley-1000046860",
    "title": "Paw Patrol 3: The Dino Movie - MediCinema Preview",
    "url": "https://www.everymancinema.com/film-listing/1000046860-paw-patrol-3-the-dino-movie-medicinema-preview",
  },
  {
    "category": "event",
    "overview": {
      "actors": [
        "Tom Holland",
        "Zendaya",
        "Sadie Sink",
        "Jacob Batalon",
        "Jon Bernthal",
        "Tramell Tillman",
        "Michael Mando",
        "Mark Ruffalo",
        "Liza Colon-Zayas",
        "Marvin "Krondon" Jones III",
      ],
      "categories": [
        "Action",
        "Adventure",
        "Fantasy",
        "Science fiction",
      ],
      "directors": [
        "Destin Daniel Cretton",
      ],
      "duration": 8700000,
      "trailer": "https://www.youtube.com/watch?v=qwVAc2MmlwU",
    },
    "performances": [
      {
        "accessibility": {},
        "bookingUrl": "https://purchase.everymancinema.com/launch/ticketing/1e862421-ca88-5d3c-8b57-9f4a5b53cb75",
        "format": {},
        "notes": "17% of seats sold",
        "status": {
          "soldOut": false,
        },
        "time": 1785343500000,
      },
      {
        "accessibility": {},
        "bookingUrl": "https://purchase.everymancinema.com/launch/ticketing/7d9de231-b59f-5e96-994b-706f68e5a983",
        "format": {},
        "notes": "27% of seats sold
Dolby ATMOS immersive sound.",
        "status": {
          "soldOut": false,
        },
        "time": 1785349800000,
      },
      {
        "accessibility": {},
        "bookingUrl": "https://purchase.everymancinema.com/launch/ticketing/a3184c10-5e51-5aa7-bf60-c47967c066e3",
        "format": {},
        "notes": "5% of seats sold
Dolby ATMOS immersive sound.",
        "status": {
          "soldOut": false,
        },
        "time": 1785414000000,
      },
      {
        "accessibility": {},
        "bookingUrl": "https://purchase.everymancinema.com/launch/ticketing/2943ea09-b9fe-5114-94ff-1da5e4ff0997",
        "format": {},
        "notes": "0% of seats sold
Dolby ATMOS immersive sound.",
        "status": {
          "soldOut": false,
        },
        "time": 1785426000000,
      },
      {
        "accessibility": {},
        "bookingUrl": "https://purchase.everymancinema.com/launch/ticketing/f9e87253-647d-5de6-8a31-27afec6f0815",
        "format": {},
        "notes": "2% of seats sold
Dolby ATMOS immersive sound.",
        "status": {
          "soldOut": false,
        },
        "time": 1785438000000,
      },
      {
        "accessibility": {},
        "bookingUrl": "https://purchase.everymancinema.com/launch/ticketing/8f60bcbe-14ed-5ba3-866b-d68323e0dd27",
        "format": {},
        "notes": "2% of seats sold
Dolby ATMOS immersive sound.",
        "status": {
          "soldOut": false,
        },
        "time": 1785500400000,
      },
      {
        "accessibility": {},
        "bookingUrl": "https://purchase.everymancinema.com/launch/ticketing/3211599f-b2a0-5ea1-933a-1d6d8f7a3191",
        "format": {},
        "notes": "7% of seats sold
Dolby ATMOS immersive sound.",
        "status": {
          "soldOut": false,
        },
        "time": 1785512400000,
      },
      {
        "accessibility": {},
        "bookingUrl": "https://purchase.everymancinema.com/launch/ticketing/5ed4b074-199d-5660-aa6e-838dca5a1e60",
        "format": {},
        "notes": "18% of seats sold
Dolby ATMOS immersive sound.",
        "status": {
          "soldOut": false,
        },
        "time": 1785524400000,
      },
      {
        "accessibility": {},
        "bookingUrl": "https://purchase.everymancinema.com/launch/ticketing/f0464ed6-5ed0-5f7c-822e-6ef349dde4f1",
        "format": {},
        "notes": "2% of seats sold
Dolby ATMOS immersive sound.",
        "status": {
          "soldOut": false,
        },
        "time": 1785586800000,
      },
      {
        "accessibility": {},
        "bookingUrl": "https://purchase.everymancinema.com/launch/ticketing/ba1fbcc5-b01b-5c57-a2c1-639a0c005c9b",
        "format": {},
        "notes": "4% of seats sold
Dolby ATMOS immersive sound.",
        "status": {
          "soldOut": false,
        },
        "time": 1785598800000,
      },
      {
        "accessibility": {},
        "bookingUrl": "https://purchase.everymancinema.com/launch/ticketing/14023502-cdd0-5565-b6c3-b2766891909f",
        "format": {},
        "notes": "3% of seats sold
Dolby ATMOS immersive sound.",
        "status": {
          "soldOut": false,
        },
        "time": 1785610800000,
      },
      {
        "accessibility": {},
        "bookingUrl": "https://purchase.everymancinema.com/launch/ticketing/1c8cca9b-0f2a-56c4-b1d2-3d07ba1ff68f",
        "format": {},
        "notes": "0% of seats sold
Dolby ATMOS immersive sound.",
        "status": {
          "soldOut": false,
        },
        "time": 1785671400000,
      },
      {
        "accessibility": {},
        "bookingUrl": "https://purchase.everymancinema.com/launch/ticketing/d7f5b3fa-8f1e-561f-9de9-6f9295a75306",
        "format": {},
        "notes": "0% of seats sold
Dolby ATMOS immersive sound.",
        "status": {
          "soldOut": false,
        },
        "time": 1785683400000,
      },
      {
        "accessibility": {},
        "bookingUrl": "https://purchase.everymancinema.com/launch/ticketing/b7492af0-4587-5fe2-a5a2-f129b027cda2",
        "format": {},
        "notes": "4% of seats sold
Dolby ATMOS immersive sound.",
        "status": {
          "soldOut": false,
        },
        "time": 1785695400000,
      },
      {
        "accessibility": {},
        "bookingUrl": "https://purchase.everymancinema.com/launch/ticketing/5d95aa3b-b6e4-58bf-9f9a-367bdcbd9d34",
        "format": {},
        "notes": "0% of seats sold
Dolby ATMOS immersive sound.",
        "status": {
          "soldOut": false,
        },
        "time": 1785757800000,
      },
      {
        "accessibility": {},
        "bookingUrl": "https://purchase.everymancinema.com/launch/ticketing/8775471b-328d-5935-8e48-ac0b8c37a69f",
        "format": {},
        "notes": "1% of seats sold
Dolby ATMOS immersive sound.",
        "status": {
          "soldOut": false,
        },
        "time": 1785769800000,
      },
      {
        "accessibility": {},
        "bookingUrl": "https://purchase.everymancinema.com/launch/ticketing/128392aa-2cbd-5a33-886a-8cd28e75a72f",
        "format": {},
        "notes": "2% of seats sold
Dolby ATMOS immersive sound.",
        "status": {
          "soldOut": false,
        },
        "time": 1785781800000,
      },
      {
        "accessibility": {},
        "bookingUrl": "https://purchase.everymancinema.com/launch/ticketing/8769705b-7feb-56ce-9981-d92c560b7f4f",
        "format": {},
        "notes": "0% of seats sold
Dolby ATMOS immersive sound.",
        "status": {
          "soldOut": false,
        },
        "time": 1785858300000,
      },
      {
        "accessibility": {},
        "bookingUrl": "https://purchase.everymancinema.com/launch/ticketing/331b7462-b911-5949-9125-2f84490d633b",
        "format": {},
        "notes": "3% of seats sold
Dolby ATMOS immersive sound.",
        "status": {
          "soldOut": false,
        },
        "time": 1785870900000,
      },
    ],
    "showingId": "everymancinema.com-the-whiteley-276608",
    "title": "Spider-Man: Brand New Day",
    "url": "https://www.everymancinema.com/film-listing/276608-spider-man-brand-new-day",
  },
  {
    "category": "event",
    "overview": {
      "actors": [
        "Milly Alcock",
        "Matthias Schoenaerts",
        "Eve Ridley",
        "Jason Momoa",
        "David Krumholtz",
        "Emily Beecham",
        "David Corenswet",
        "Diarmaid Murtagh",
        "Ferdinand Kingsley",
        "Emily Piggford",
      ],
      "categories": [
        "Action",
        "Science fiction",
        "Fantasy",
      ],
      "classification": "12A",
      "directors": [
        "Craig Gillespie",
      ],
      "duration": 6600000,
      "trailer": "https://www.youtube.com/watch?v=GMhydAtN5dM",
    },
    "performances": [
      {
        "accessibility": {},
        "bookingUrl": "https://purchase.everymancinema.com/launch/ticketing/badd783a-1eda-5f93-96e6-3da13db17b80",
        "format": {},
        "notes": "0% of seats sold",
        "status": {
          "soldOut": false,
        },
        "time": 1783962000000,
      },
      {
        "accessibility": {},
        "bookingUrl": "https://purchase.everymancinema.com/launch/ticketing/691f0e38-f31f-595c-a0c0-70b96cc70fbe",
        "format": {},
        "notes": "0% of seats sold",
        "status": {
          "soldOut": false,
        },
        "time": 1784029500000,
      },
      {
        "accessibility": {},
        "bookingUrl": "https://purchase.everymancinema.com/launch/ticketing/88af65fd-1c83-5f27-9eca-cd42d76fea7f",
        "format": {},
        "notes": "0% of seats sold",
        "status": {
          "soldOut": false,
        },
        "time": 1784127600000,
      },
      {
        "accessibility": {},
        "bookingUrl": "https://purchase.everymancinema.com/launch/ticketing/2739aa20-54ac-5d1a-be09-f70a37f2c153",
        "format": {},
        "notes": "0% of seats sold",
        "status": {
          "soldOut": false,
        },
        "time": 1784193300000,
      },
      {
        "accessibility": {},
        "bookingUrl": "https://purchase.everymancinema.com/launch/ticketing/c0ba21cd-eb7d-5bc1-9e59-b0bfdf160b9d",
        "format": {},
        "notes": "0% of seats sold",
        "status": {
          "soldOut": false,
        },
        "time": 1784214000000,
      },
    ],
    "showingId": "everymancinema.com-the-whiteley-266720",
    "title": "Supergirl",
    "url": "https://www.everymancinema.com/film-listing/266720-supergirl",
  },
  {
    "category": "event",
    "overview": {
      "actors": [
        "Seth Rogen",
        "Olivia Wilde",
        "Penélope Cruz",
        "Edward Norton",
        "Skip Howland",
        "Mel Powell",
        "Mario Valdez",
        "Rachel Thurow",
      ],
      "categories": [
        "Comedy",
      ],
      "classification": "15",
      "directors": [
        "Olivia Wilde",
      ],
      "duration": 6420000,
      "trailer": "https://www.youtube.com/watch?v=OJ19I9q_hOQ",
    },
    "performances": [
      {
        "accessibility": {},
        "bookingUrl": "https://purchase.everymancinema.com/launch/ticketing/90ced02e-f272-590a-b61b-7e64703737ad",
        "format": {},
        "notes": "49% of seats sold",
        "status": {
          "soldOut": false,
        },
        "time": 1783792800000,
      },
      {
        "accessibility": {},
        "bookingUrl": "https://purchase.everymancinema.com/launch/ticketing/9143b0f2-8308-5448-932d-038a1227d2c6",
        "format": {},
        "notes": "0% of seats sold",
        "status": {
          "soldOut": false,
        },
        "time": 1783848600000,
      },
      {
        "accessibility": {},
        "bookingUrl": "https://purchase.everymancinema.com/launch/ticketing/ad68118e-a67a-5a37-907a-95dd9e245cc9",
        "format": {},
        "notes": "19% of seats sold",
        "status": {
          "soldOut": false,
        },
        "time": 1783859400000,
      },
      {
        "accessibility": {},
        "bookingUrl": "https://purchase.everymancinema.com/launch/ticketing/ab0fbe73-c75a-58f1-8e48-8bbc00e0c3f9",
        "format": {},
        "notes": "44% of seats sold",
        "status": {
          "soldOut": false,
        },
        "time": 1783872000000,
      },
      {
        "accessibility": {},
        "bookingUrl": "https://purchase.everymancinema.com/launch/ticketing/318fcf98-722c-54b3-af1d-2bc76089c6d1",
        "format": {},
        "notes": "9% of seats sold",
        "status": {
          "soldOut": false,
        },
        "time": 1783879200000,
      },
      {
        "accessibility": {},
        "bookingUrl": "https://purchase.everymancinema.com/launch/ticketing/918faba1-f56d-522d-b63b-e7434ca44e54",
        "format": {},
        "notes": "0% of seats sold
Reduced ticket price for guests aged 55 and over, including a complimentary hot drink and a slice of cake.",
        "status": {
          "soldOut": false,
        },
        "time": 1783945800000,
      },
      {
        "accessibility": {},
        "bookingUrl": "https://purchase.everymancinema.com/launch/ticketing/4d7f0b76-567f-56c2-b497-277baa7087e3",
        "format": {},
        "notes": "22% of seats sold",
        "status": {
          "soldOut": false,
        },
        "time": 1783960200000,
      },
      {
        "accessibility": {},
        "bookingUrl": "https://purchase.everymancinema.com/launch/ticketing/3ddb6ea3-fc44-5398-975c-5ea836685bfe",
        "format": {},
        "notes": "10% of seats sold",
        "status": {
          "soldOut": false,
        },
        "time": 1783969200000,
      },
      {
        "accessibility": {},
        "bookingUrl": "https://purchase.everymancinema.com/launch/ticketing/4896f152-9759-5a52-ada8-4008507e35fe",
        "format": {},
        "notes": "0% of seats sold",
        "status": {
          "soldOut": false,
        },
        "time": 1784019600000,
      },
      {
        "accessibility": {},
        "bookingUrl": "https://purchase.everymancinema.com/launch/ticketing/fa30aea0-1684-5550-89a2-670317af4160",
        "format": {},
        "notes": "0% of seats sold",
        "status": {
          "soldOut": false,
        },
        "time": 1784035800000,
      },
      {
        "accessibility": {},
        "bookingUrl": "https://purchase.everymancinema.com/launch/ticketing/d03d2d89-1d47-5f6f-be93-f2a8bbe8e470",
        "format": {},
        "notes": "0% of seats sold",
        "status": {
          "soldOut": false,
        },
        "time": 1784043900000,
      },
      {
        "accessibility": {},
        "bookingUrl": "https://purchase.everymancinema.com/launch/ticketing/6a325616-62d8-596b-ab63-5ef1a41d9abc",
        "format": {},
        "notes": "2% of seats sold",
        "status": {
          "soldOut": false,
        },
        "time": 1784053800000,
      },
      {
        "accessibility": {},
        "bookingUrl": "https://purchase.everymancinema.com/launch/ticketing/122c334a-7b82-55e2-ad9a-b0f5f9222f40",
        "format": {},
        "notes": "0% of seats sold",
        "status": {
          "soldOut": false,
        },
        "time": 1784110500000,
      },
      {
        "accessibility": {},
        "bookingUrl": "https://purchase.everymancinema.com/launch/ticketing/c92c1e60-1eef-598f-ad38-8deb3d96fc50",
        "format": {},
        "notes": "0% of seats sold",
        "status": {
          "soldOut": false,
        },
        "time": 1784124900000,
      },
      {
        "accessibility": {},
        "bookingUrl": "https://purchase.everymancinema.com/launch/ticketing/93d05251-18ba-57e8-9d8c-38e07e1db674",
        "format": {},
        "notes": "0% of seats sold",
        "status": {
          "soldOut": false,
        },
        "time": 1784142000000,
      },
      {
        "accessibility": {
          "babyFriendly": true,
        },
        "bookingUrl": "https://purchase.everymancinema.com/launch/ticketing/0ed0be12-73a6-5ed0-a600-935e8d3707d8",
        "format": {},
        "notes": "53% of seats sold",
        "status": {
          "soldOut": false,
        },
        "time": 1784195100000,
      },
      {
        "accessibility": {},
        "bookingUrl": "https://purchase.everymancinema.com/launch/ticketing/efd0f031-237c-535f-b011-34e12cf80c8a",
        "format": {},
        "notes": "0% of seats sold",
        "status": {
          "soldOut": false,
        },
        "time": 1784205600000,
      },
      {
        "accessibility": {},
        "bookingUrl": "https://purchase.everymancinema.com/launch/ticketing/828359ae-0c59-5fdb-a2e7-894a60d4484a",
        "format": {},
        "notes": "11% of seats sold",
        "status": {
          "soldOut": false,
        },
        "time": 1784229300000,
      },
    ],
    "showingId": "everymancinema.com-the-whiteley-317219",
    "title": "The Invite",
    "url": "https://www.everymancinema.com/film-listing/317219-the-invite",
  },
  {
    "category": "event",
    "overview": {
      "actors": [
        "Matt Damon",
        "Tom Holland",
        "Anne Hathaway",
        "Robert Pattinson",
        "Lupita Nyong'o",
        "Zendaya",
        "Charlize Theron",
        "Jon Bernthal",
        "Samantha Morton",
        "John Leguizamo",
      ],
      "categories": [
        "Action",
        "Adventure",
      ],
      "classification": "15",
      "directors": [
        "Christopher Nolan",
      ],
      "duration": 10320000,
    },
    "performances": [
      {
        "accessibility": {},
        "bookingUrl": "https://purchase.everymancinema.com/launch/ticketing/78a1c90a-99b1-504a-84b1-d3d6fb05dd6e",
        "format": {},
        "notes": "3% of seats sold
Dolby ATMOS immersive sound.",
        "status": {
          "soldOut": false,
        },
        "time": 1784297700000,
      },
      {
        "accessibility": {},
        "bookingUrl": "https://purchase.everymancinema.com/launch/ticketing/4f6e5db2-7d5b-5e49-b062-82aeea0cb3a6",
        "format": {},
        "notes": "85% of seats sold",
        "status": {
          "soldOut": false,
        },
        "time": 1784311200000,
      },
      {
        "accessibility": {},
        "bookingUrl": "https://purchase.everymancinema.com/launch/ticketing/3cde2713-d1c9-59f5-9f42-499a6e9ee153",
        "format": {},
        "notes": "3% of seats sold",
        "status": {
          "soldOut": false,
        },
        "time": 1784314800000,
      },
      {
        "accessibility": {},
        "bookingUrl": "https://purchase.everymancinema.com/launch/ticketing/1684efa0-6595-5143-9c47-64138fba13ae",
        "format": {},
        "notes": "0% of seats sold
Dolby ATMOS immersive sound.",
        "status": {
          "soldOut": false,
        },
        "time": 1784370000000,
      },
      {
        "accessibility": {},
        "bookingUrl": "https://purchase.everymancinema.com/launch/ticketing/b5066d41-2ce3-509b-b099-5b130f1e80f8",
        "format": {},
        "notes": "28% of seats sold
Dolby ATMOS immersive sound.",
        "status": {
          "soldOut": false,
        },
        "time": 1784384100000,
      },
      {
        "accessibility": {},
        "bookingUrl": "https://purchase.everymancinema.com/launch/ticketing/5f6528dc-d07c-5a46-b5dc-f779cbb90e73",
        "format": {},
        "notes": "41% of seats sold
Dolby ATMOS immersive sound.",
        "status": {
          "soldOut": false,
        },
        "time": 1784397600000,
      },
      {
        "accessibility": {},
        "bookingUrl": "https://purchase.everymancinema.com/launch/ticketing/ba06d27a-616b-50f7-8818-c0474c694e5e",
        "format": {},
        "notes": "0% of seats sold
Dolby ATMOS immersive sound.",
        "status": {
          "soldOut": false,
        },
        "time": 1784457000000,
      },
      {
        "accessibility": {},
        "bookingUrl": "https://purchase.everymancinema.com/launch/ticketing/5786dbdb-a582-54eb-9ea5-53dd6d30432e",
        "format": {},
        "notes": "33% of seats sold
Dolby ATMOS immersive sound.",
        "status": {
          "soldOut": false,
        },
        "time": 1784470500000,
      },
      {
        "accessibility": {},
        "bookingUrl": "https://purchase.everymancinema.com/launch/ticketing/aaee59a8-257c-5713-8737-c2aadefa0bab",
        "format": {},
        "notes": "26% of seats sold
Dolby ATMOS immersive sound.",
        "status": {
          "soldOut": false,
        },
        "time": 1784484000000,
      },
      {
        "accessibility": {},
        "bookingUrl": "https://purchase.everymancinema.com/launch/ticketing/5988764b-8df8-58f2-8f0e-c264923772d7",
        "format": {},
        "notes": "30% of seats sold
Dolby ATMOS immersive sound.",
        "status": {
          "soldOut": false,
        },
        "time": 1784570400000,
      },
      {
        "accessibility": {},
        "bookingUrl": "https://purchase.everymancinema.com/launch/ticketing/b6ba8787-3515-5a4d-ade0-31f983ead139",
        "format": {},
        "notes": "31% of seats sold
Dolby ATMOS immersive sound.",
        "status": {
          "soldOut": false,
        },
        "time": 1784656800000,
      },
      {
        "accessibility": {},
        "bookingUrl": "https://purchase.everymancinema.com/launch/ticketing/ca045f2b-6df9-5c07-b4d8-948f85488fa4",
        "format": {},
        "notes": "13% of seats sold
Dolby ATMOS immersive sound.",
        "status": {
          "soldOut": false,
        },
        "time": 1784743200000,
      },
      {
        "accessibility": {},
        "bookingUrl": "https://purchase.everymancinema.com/launch/ticketing/bc98e3d0-ac59-50da-b440-990d752fe590",
        "format": {},
        "notes": "11% of seats sold
Dolby ATMOS immersive sound.",
        "status": {
          "soldOut": false,
        },
        "time": 1784829600000,
      },
      {
        "accessibility": {},
        "bookingUrl": "https://purchase.everymancinema.com/launch/ticketing/3cf194e1-c786-55e1-90f1-ed43c5f52732",
        "format": {},
        "notes": "12% of seats sold
Dolby ATMOS immersive sound.",
        "status": {
          "soldOut": false,
        },
        "time": 1784916000000,
      },
      {
        "accessibility": {},
        "bookingUrl": "https://purchase.everymancinema.com/launch/ticketing/c06b4052-f2ec-54d9-9461-ab367c240497",
        "format": {},
        "notes": "9% of seats sold
Dolby ATMOS immersive sound.",
        "status": {
          "soldOut": false,
        },
        "time": 1785002400000,
      },
      {
        "accessibility": {},
        "bookingUrl": "https://purchase.everymancinema.com/launch/ticketing/54df333f-e950-5b48-a447-bec8ed3bb432",
        "format": {},
        "notes": "12% of seats sold
Dolby ATMOS immersive sound.",
        "status": {
          "soldOut": false,
        },
        "time": 1785088800000,
      },
      {
        "accessibility": {},
        "bookingUrl": "https://purchase.everymancinema.com/launch/ticketing/af655041-3540-5d7d-aae6-1265646858c4",
        "format": {},
        "notes": "0% of seats sold
Dolby ATMOS immersive sound.",
        "status": {
          "soldOut": false,
        },
        "time": 1785175200000,
      },
    ],
    "showingId": "everymancinema.com-the-whiteley-1000013045",
    "title": "The Odyssey",
    "url": "https://www.everymancinema.com/film-listing/1000013045-the-odyssey",
  },
  {
    "category": "event",
    "overview": {
      "actors": [
        "Leonardo DiCaprio",
        "Tom Hardy",
        "Marion Cotillard",
        "Elliot Page",
        "Cillian Murphy",
        "Michael Caine",
      ],
      "categories": [
        "Science fiction",
        "Thriller",
      ],
      "classification": "12A",
      "directors": [
        "Christopher Nolan",
      ],
      "duration": 8880000,
      "trailer": "https://www.youtube.com/watch?v=hstBN0Qkqhc",
    },
    "performances": [
      {
        "accessibility": {},
        "bookingUrl": "https://purchase.everymancinema.com/launch/ticketing/a9ec6218-46cb-506b-98dd-3e95f4fe31c3",
        "format": {},
        "notes": "85% of seats sold
Includes complimentary popcorn and a drink.",
        "status": {
          "soldOut": false,
        },
        "time": 1783881000000,
      },
      {
        "accessibility": {},
        "bookingUrl": "https://purchase.everymancinema.com/launch/ticketing/40e3e06b-6797-5eea-9ce1-94bdb6bc86d5",
        "format": {},
        "notes": "6% of seats sold
Includes complimentary popcorn and a drink.",
        "status": {
          "soldOut": false,
        },
        "time": 1784140200000,
      },
    ],
    "showingId": "everymancinema.com-the-whiteley-1000044932",
    "title": "Throwback: Inception",
    "url": "https://www.everymancinema.com/film-listing/1000044932-throwback-inception",
  },
  {
    "category": "event",
    "overview": {
      "actors": [
        "Tom Hanks",
        "Tim Allen",
        "Joan Cusack",
        "Greta Lee",
        "Craig Robinson",
        "Conan O'Brien",
        "Tony Hale",
        "Shelby Rabara",
        "Scarlett Spears",
        "Wallace Shawn",
      ],
      "categories": [
        "Animation",
        "Adventure",
        "Comedy",
        "Family",
      ],
      "classification": "PG",
      "directors": [
        "Andrew Stanton",
        "McKenna Harris",
      ],
      "duration": 6120000,
      "trailer": "https://www.youtube.com/watch?v=RFm6wN7IhtY",
    },
    "performances": [
      {
        "accessibility": {},
        "bookingUrl": "https://purchase.everymancinema.com/launch/ticketing/cec43634-7107-5451-bd28-0f92f50234df",
        "format": {},
        "notes": "43% of seats sold",
        "status": {
          "soldOut": false,
        },
        "time": 1783786500000,
      },
      {
        "accessibility": {},
        "bookingUrl": "https://purchase.everymancinema.com/launch/ticketing/1ab70814-8304-52b2-94cc-f167010a4e99",
        "format": {},
        "notes": "10% of seats sold",
        "status": {
          "soldOut": false,
        },
        "time": 1783795500000,
      },
      {
        "accessibility": {},
        "bookingUrl": "https://purchase.everymancinema.com/launch/ticketing/78fcd1a6-eaee-54d3-ac6b-88af6a3d83fa",
        "format": {},
        "notes": "0% of seats sold",
        "status": {
          "soldOut": false,
        },
        "time": 1783845600000,
      },
      {
        "accessibility": {},
        "bookingUrl": "https://purchase.everymancinema.com/launch/ticketing/40d67ed4-1a05-574e-8009-8ccad191b065",
        "format": {},
        "notes": "0% of seats sold",
        "status": {
          "soldOut": false,
        },
        "time": 1783854000000,
      },
      {
        "accessibility": {},
        "bookingUrl": "https://purchase.everymancinema.com/launch/ticketing/314f3444-9200-566d-8328-4d5fc6031065",
        "format": {},
        "notes": "0% of seats sold",
        "status": {
          "soldOut": false,
        },
        "time": 1783863900000,
      },
      {
        "accessibility": {},
        "bookingUrl": "https://purchase.everymancinema.com/launch/ticketing/cfbc4f07-4a51-57c4-81b8-e0d90631c1ec",
        "format": {},
        "notes": "3% of seats sold",
        "status": {
          "soldOut": false,
        },
        "time": 1783875600000,
      },
      {
        "accessibility": {},
        "bookingUrl": "https://purchase.everymancinema.com/launch/ticketing/2a2b7c5a-916b-5c8c-95a5-cfbc8a9ea49e",
        "format": {},
        "notes": "0% of seats sold",
        "status": {
          "soldOut": false,
        },
        "time": 1783932300000,
      },
      {
        "accessibility": {},
        "bookingUrl": "https://purchase.everymancinema.com/launch/ticketing/da8bebdb-703a-590f-b655-c35c7957cdfe",
        "format": {},
        "notes": "0% of seats sold",
        "status": {
          "soldOut": false,
        },
        "time": 1783938600000,
      },
      {
        "accessibility": {},
        "bookingUrl": "https://purchase.everymancinema.com/launch/ticketing/80fd64fc-aee2-5d82-b5c9-1d631f43bffe",
        "format": {},
        "notes": "0% of seats sold",
        "status": {
          "soldOut": false,
        },
        "time": 1783954200000,
      },
      {
        "accessibility": {},
        "bookingUrl": "https://purchase.everymancinema.com/launch/ticketing/cd9927fa-e2de-5574-96d6-dc6241db42e4",
        "format": {},
        "notes": "0% of seats sold",
        "status": {
          "soldOut": false,
        },
        "time": 1783958400000,
      },
      {
        "accessibility": {},
        "bookingUrl": "https://purchase.everymancinema.com/launch/ticketing/a121b41a-2e62-54d3-a165-35b56c650301",
        "format": {},
        "notes": "0% of seats sold",
        "status": {
          "soldOut": false,
        },
        "time": 1784020800000,
      },
      {
        "accessibility": {},
        "bookingUrl": "https://purchase.everymancinema.com/launch/ticketing/3132002b-1eff-5b6f-8af4-2a12faff8ab0",
        "format": {},
        "notes": "3% of seats sold",
        "status": {
          "soldOut": false,
        },
        "time": 1784031300000,
      },
      {
        "accessibility": {},
        "bookingUrl": "https://purchase.everymancinema.com/launch/ticketing/3930f431-58d2-5126-9116-a842f3f786c9",
        "format": {},
        "notes": "4% of seats sold",
        "status": {
          "soldOut": false,
        },
        "time": 1784045700000,
      },
      {
        "accessibility": {},
        "bookingUrl": "https://purchase.everymancinema.com/launch/ticketing/af3fd021-80d0-54a8-9655-0b8e75de06f0",
        "format": {},
        "notes": "0% of seats sold",
        "status": {
          "soldOut": false,
        },
        "time": 1784105100000,
      },
      {
        "accessibility": {},
        "bookingUrl": "https://purchase.everymancinema.com/launch/ticketing/c4333e7b-4cca-5336-a54b-4058753479af",
        "format": {},
        "notes": "0% of seats sold",
        "status": {
          "soldOut": false,
        },
        "time": 1784115000000,
      },
      {
        "accessibility": {},
        "bookingUrl": "https://purchase.everymancinema.com/launch/ticketing/9486e116-4115-5b9b-a2b4-604fa4c3f993",
        "format": {},
        "notes": "6% of seats sold",
        "status": {
          "soldOut": false,
        },
        "time": 1784123100000,
      },
      {
        "accessibility": {},
        "bookingUrl": "https://purchase.everymancinema.com/launch/ticketing/2b451da1-c882-5ca9-8edf-0acf59b79a30",
        "format": {},
        "notes": "0% of seats sold",
        "status": {
          "soldOut": false,
        },
        "time": 1784129400000,
      },
      {
        "accessibility": {},
        "bookingUrl": "https://purchase.everymancinema.com/launch/ticketing/9e7ac36f-4338-5c8d-8af6-ade2d1648d23",
        "format": {},
        "notes": "0% of seats sold",
        "status": {
          "soldOut": false,
        },
        "time": 1784190600000,
      },
      {
        "accessibility": {},
        "bookingUrl": "https://purchase.everymancinema.com/launch/ticketing/56894e30-3fa4-51a0-9232-211d961102ff",
        "format": {},
        "notes": "0% of seats sold",
        "status": {
          "soldOut": false,
        },
        "time": 1784199600000,
      },
      {
        "accessibility": {},
        "bookingUrl": "https://purchase.everymancinema.com/launch/ticketing/8f268032-ca59-5436-b064-6d26b9d2e9b3",
        "format": {},
        "notes": "6% of seats sold",
        "status": {
          "soldOut": false,
        },
        "time": 1784211000000,
      },
      {
        "accessibility": {},
        "bookingUrl": "https://purchase.everymancinema.com/launch/ticketing/6e891749-e02c-5272-a3e2-4e9d8c3a1a33",
        "format": {},
        "notes": "0% of seats sold",
        "status": {
          "soldOut": false,
        },
        "time": 1784216700000,
      },
    ],
    "showingId": "everymancinema.com-the-whiteley-313256",
    "title": "Toy Story 5",
    "url": "https://www.everymancinema.com/film-listing/313256-toy-story-5",
  },
  {
    "category": "event",
    "overview": {
      "actors": [
        "Leo Woodall",
        "Dustin Hoffman",
        "Havana Rose Liu",
        "Lior Raz",
        "Jean Reno",
        "Tovah Feldshuh",
        "C.S. Lee",
        "Nissan Sakira",
        "Gil Cohen",
        "Rekstizzy",
      ],
      "categories": [
        "Thriller",
      ],
      "classification": "15",
      "directors": [
        "Daniel Roher",
      ],
      "duration": 6540000,
      "trailer": "https://www.youtube.com/watch?v=rdlOZhl-nSA",
    },
    "performances": [
      {
        "accessibility": {},
        "bookingUrl": "https://purchase.everymancinema.com/launch/ticketing/b998f3fc-630d-59c2-bebe-3a24e2b8c00c",
        "format": {},
        "notes": "0% of seats sold",
        "status": {
          "soldOut": false,
        },
        "time": 1783935600000,
      },
      {
        "accessibility": {},
        "bookingUrl": "https://purchase.everymancinema.com/launch/ticketing/dd2d5b97-c290-513b-a681-7f62a7b1469a",
        "format": {},
        "notes": "6% of seats sold",
        "status": {
          "soldOut": false,
        },
        "time": 1784027700000,
      },
      {
        "accessibility": {},
        "bookingUrl": "https://purchase.everymancinema.com/launch/ticketing/4b4b2f32-8e8d-54bc-81ea-58bb9b070616",
        "format": {},
        "notes": "0% of seats sold",
        "status": {
          "soldOut": false,
        },
        "time": 1784113200000,
      },
    ],
    "showingId": "everymancinema.com-the-whiteley-1000010215",
    "title": "Tuner",
    "url": "https://www.everymancinema.com/film-listing/1000010215-tuner",
  },
  {
    "category": "event",
    "overview": {
      "actors": [
        "George Michael",
        "Andrew Ridgeley",
      ],
      "categories": [
        "Music",
        "Documentary",
        "Concert",
      ],
      "directors": [
        "Mike Christie",
      ],
      "duration": 5400000,
    },
    "performances": [
      {
        "accessibility": {},
        "bookingUrl": "https://purchase.everymancinema.com/launch/ticketing/6930e417-90c1-553d-a974-2faef5026908",
        "format": {},
        "notes": "6% of seats sold",
        "status": {
          "soldOut": false,
        },
        "time": 1785265200000,
      },
    ],
    "showingId": "everymancinema.com-the-whiteley-1000046374",
    "title": "WHAM! 10 Days In China",
    "url": "https://www.everymancinema.com/film-listing/1000046374-wham-10-days-in-china",
  },
]
`;
