// Jest Snapshot v1, https://goo.gl/fbAQLP

exports[`ODEON Luxe Leicester Square retrieve and transform 1`] = `
[
  {
    "overview": {
      "actors": [
        "Boyd Holbrook",
        "Dan Fogler",
        "Scoot McNairy",
        "Elle Fanning",
        "Edward Norton",
        "Timothée Chalamet",
        "Monica Barbaro",
        "Norbert Leo Butz",
      ],
      "categories": [
        "Biography",
        "Drama",
        "Music",
      ],
      "classification": "15",
      "directors": [
        "James Mangold",
      ],
      "duration": 8460000,
      "trailer": "https://www.youtube.com/watch?v=Nsvexi2Ulbs",
    },
    "performances": [
      {
        "accessibility": {
          "audioDescription": true,
        },
        "bookingUrl": "https://www.odeon.co.uk/ticketing/seat-picker/?showtimeId=153-27518",
        "notes": "Dolby: Dolby Cinema™ combines the most powerful image and sound technologies with inspired design to transform your visit into an unforgettable cinematic event.
Flash Warning: This title has been issued a Guest Warning by the BBFC - it contains a sequence of flashing lights which might affect customers who are susceptible to photosensitive epilepsy.
Wheelchair Accessible: This auditorium has bays for wheelchair users with seats beside them for accompanying guests.",
        "screen": "1",
        "status": {
          "soldOut": false,
        },
        "time": 1737722700000,
      },
      {
        "accessibility": {
          "audioDescription": true,
        },
        "bookingUrl": "https://www.odeon.co.uk/ticketing/seat-picker/?showtimeId=153-27519",
        "notes": "Dolby: Dolby Cinema™ combines the most powerful image and sound technologies with inspired design to transform your visit into an unforgettable cinematic event.
Flash Warning: This title has been issued a Guest Warning by the BBFC - it contains a sequence of flashing lights which might affect customers who are susceptible to photosensitive epilepsy.
Wheelchair Accessible: This auditorium has bays for wheelchair users with seats beside them for accompanying guests.",
        "screen": "1",
        "status": {
          "soldOut": false,
        },
        "time": 1737734400000,
      },
      {
        "accessibility": {
          "audioDescription": true,
        },
        "bookingUrl": "https://www.odeon.co.uk/ticketing/seat-picker/?showtimeId=153-27520",
        "notes": "Dolby: Dolby Cinema™ combines the most powerful image and sound technologies with inspired design to transform your visit into an unforgettable cinematic event.
Flash Warning: This title has been issued a Guest Warning by the BBFC - it contains a sequence of flashing lights which might affect customers who are susceptible to photosensitive epilepsy.
Wheelchair Accessible: This auditorium has bays for wheelchair users with seats beside them for accompanying guests.",
        "screen": "1",
        "status": {
          "soldOut": false,
        },
        "time": 1737747000000,
      },
      {
        "accessibility": {
          "audioDescription": true,
        },
        "bookingUrl": "https://www.odeon.co.uk/ticketing/seat-picker/?showtimeId=153-27486",
        "notes": "Flash Warning: This title has been issued a Guest Warning by the BBFC - it contains a sequence of flashing lights which might affect customers who are susceptible to photosensitive epilepsy.
Wheelchair Accessible: This auditorium has bays for wheelchair users with seats beside them for accompanying guests.",
        "screen": "5",
        "status": {
          "soldOut": false,
        },
        "time": 1737812700000,
      },
      {
        "accessibility": {
          "audioDescription": true,
        },
        "bookingUrl": "https://www.odeon.co.uk/ticketing/seat-picker/?showtimeId=153-27485",
        "notes": "Dolby: Dolby Cinema™ combines the most powerful image and sound technologies with inspired design to transform your visit into an unforgettable cinematic event.
Flash Warning: This title has been issued a Guest Warning by the BBFC - it contains a sequence of flashing lights which might affect customers who are susceptible to photosensitive epilepsy.
Wheelchair Accessible: This auditorium has bays for wheelchair users with seats beside them for accompanying guests.",
        "screen": "1",
        "status": {
          "soldOut": false,
        },
        "time": 1737820800000,
      },
      {
        "accessibility": {
          "audioDescription": true,
        },
        "bookingUrl": "https://www.odeon.co.uk/ticketing/seat-picker/?showtimeId=153-27484",
        "notes": "Dolby: Dolby Cinema™ combines the most powerful image and sound technologies with inspired design to transform your visit into an unforgettable cinematic event.
Flash Warning: This title has been issued a Guest Warning by the BBFC - it contains a sequence of flashing lights which might affect customers who are susceptible to photosensitive epilepsy.
Wheelchair Accessible: This auditorium has bays for wheelchair users with seats beside them for accompanying guests.",
        "screen": "1",
        "status": {
          "soldOut": false,
        },
        "time": 1737833400000,
      },
      {
        "accessibility": {
          "audioDescription": true,
        },
        "bookingUrl": "https://www.odeon.co.uk/ticketing/seat-picker/?showtimeId=153-27533",
        "notes": "Flash Warning: This title has been issued a Guest Warning by the BBFC - it contains a sequence of flashing lights which might affect customers who are susceptible to photosensitive epilepsy.
Open Captioned: Open captions (English subtitles) are text and sound descriptions displayed at the bottom of the screen and are visible to all in the auditorium.
Wheelchair Accessible: This auditorium has bays for wheelchair users with seats beside them for accompanying guests.",
        "screen": "5",
        "status": {
          "soldOut": false,
        },
        "time": 1737899100000,
      },
      {
        "accessibility": {
          "audioDescription": true,
        },
        "bookingUrl": "https://www.odeon.co.uk/ticketing/seat-picker/?showtimeId=153-27527",
        "notes": "Dolby: Dolby Cinema™ combines the most powerful image and sound technologies with inspired design to transform your visit into an unforgettable cinematic event.
Flash Warning: This title has been issued a Guest Warning by the BBFC - it contains a sequence of flashing lights which might affect customers who are susceptible to photosensitive epilepsy.
Wheelchair Accessible: This auditorium has bays for wheelchair users with seats beside them for accompanying guests.",
        "screen": "1",
        "status": {
          "soldOut": false,
        },
        "time": 1737907200000,
      },
      {
        "accessibility": {
          "audioDescription": true,
        },
        "bookingUrl": "https://www.odeon.co.uk/ticketing/seat-picker/?showtimeId=153-27540",
        "notes": "Dolby: Dolby Cinema™ combines the most powerful image and sound technologies with inspired design to transform your visit into an unforgettable cinematic event.
Flash Warning: This title has been issued a Guest Warning by the BBFC - it contains a sequence of flashing lights which might affect customers who are susceptible to photosensitive epilepsy.
Wheelchair Accessible: This auditorium has bays for wheelchair users with seats beside them for accompanying guests.",
        "screen": "1",
        "status": {
          "soldOut": false,
        },
        "time": 1737919800000,
      },
      {
        "accessibility": {
          "audioDescription": true,
        },
        "bookingUrl": "https://www.odeon.co.uk/ticketing/seat-picker/?showtimeId=153-27636",
        "notes": "Dolby: Dolby Cinema™ combines the most powerful image and sound technologies with inspired design to transform your visit into an unforgettable cinematic event.
Flash Warning: This title has been issued a Guest Warning by the BBFC - it contains a sequence of flashing lights which might affect customers who are susceptible to photosensitive epilepsy.
Saver
Wheelchair Accessible: This auditorium has bays for wheelchair users with seats beside them for accompanying guests.",
        "screen": "1",
        "status": {
          "soldOut": false,
        },
        "time": 1737981900000,
      },
      {
        "accessibility": {
          "audioDescription": true,
        },
        "bookingUrl": "https://www.odeon.co.uk/ticketing/seat-picker/?showtimeId=153-27632",
        "notes": "Dolby: Dolby Cinema™ combines the most powerful image and sound technologies with inspired design to transform your visit into an unforgettable cinematic event.
Flash Warning: This title has been issued a Guest Warning by the BBFC - it contains a sequence of flashing lights which might affect customers who are susceptible to photosensitive epilepsy.
Saver
Wheelchair Accessible: This auditorium has bays for wheelchair users with seats beside them for accompanying guests.",
        "screen": "1",
        "status": {
          "soldOut": false,
        },
        "time": 1737993600000,
      },
      {
        "accessibility": {
          "audioDescription": true,
        },
        "bookingUrl": "https://www.odeon.co.uk/ticketing/seat-picker/?showtimeId=153-27641",
        "notes": "Dolby: Dolby Cinema™ combines the most powerful image and sound technologies with inspired design to transform your visit into an unforgettable cinematic event.
Flash Warning: This title has been issued a Guest Warning by the BBFC - it contains a sequence of flashing lights which might affect customers who are susceptible to photosensitive epilepsy.
Saver
Wheelchair Accessible: This auditorium has bays for wheelchair users with seats beside them for accompanying guests.",
        "screen": "1",
        "status": {
          "soldOut": false,
        },
        "time": 1738006200000,
      },
      {
        "accessibility": {
          "audioDescription": true,
        },
        "bookingUrl": "https://www.odeon.co.uk/ticketing/seat-picker/?showtimeId=153-27617",
        "notes": "Dolby: Dolby Cinema™ combines the most powerful image and sound technologies with inspired design to transform your visit into an unforgettable cinematic event.
Flash Warning: This title has been issued a Guest Warning by the BBFC - it contains a sequence of flashing lights which might affect customers who are susceptible to photosensitive epilepsy.
Wheelchair Accessible: This auditorium has bays for wheelchair users with seats beside them for accompanying guests.",
        "screen": "1",
        "status": {
          "soldOut": false,
        },
        "time": 1738068300000,
      },
      {
        "accessibility": {
          "audioDescription": true,
        },
        "bookingUrl": "https://www.odeon.co.uk/ticketing/seat-picker/?showtimeId=153-27613",
        "notes": "Dolby: Dolby Cinema™ combines the most powerful image and sound technologies with inspired design to transform your visit into an unforgettable cinematic event.
Flash Warning: This title has been issued a Guest Warning by the BBFC - it contains a sequence of flashing lights which might affect customers who are susceptible to photosensitive epilepsy.
Wheelchair Accessible: This auditorium has bays for wheelchair users with seats beside them for accompanying guests.",
        "screen": "1",
        "status": {
          "soldOut": false,
        },
        "time": 1738080000000,
      },
      {
        "accessibility": {
          "audioDescription": true,
        },
        "bookingUrl": "https://www.odeon.co.uk/ticketing/seat-picker/?showtimeId=153-27623",
        "notes": "Dolby: Dolby Cinema™ combines the most powerful image and sound technologies with inspired design to transform your visit into an unforgettable cinematic event.
Flash Warning: This title has been issued a Guest Warning by the BBFC - it contains a sequence of flashing lights which might affect customers who are susceptible to photosensitive epilepsy.
Wheelchair Accessible: This auditorium has bays for wheelchair users with seats beside them for accompanying guests.",
        "screen": "1",
        "status": {
          "soldOut": false,
        },
        "time": 1738092600000,
      },
      {
        "accessibility": {
          "audioDescription": true,
        },
        "bookingUrl": "https://www.odeon.co.uk/ticketing/seat-picker/?showtimeId=153-27586",
        "notes": "Dolby: Dolby Cinema™ combines the most powerful image and sound technologies with inspired design to transform your visit into an unforgettable cinematic event.
Flash Warning: This title has been issued a Guest Warning by the BBFC - it contains a sequence of flashing lights which might affect customers who are susceptible to photosensitive epilepsy.
Wheelchair Accessible: This auditorium has bays for wheelchair users with seats beside them for accompanying guests.",
        "screen": "1",
        "status": {
          "soldOut": false,
        },
        "time": 1738241100000,
      },
      {
        "accessibility": {
          "audioDescription": true,
        },
        "bookingUrl": "https://www.odeon.co.uk/ticketing/seat-picker/?showtimeId=153-27590",
        "notes": "Dolby: Dolby Cinema™ combines the most powerful image and sound technologies with inspired design to transform your visit into an unforgettable cinematic event.
Flash Warning: This title has been issued a Guest Warning by the BBFC - it contains a sequence of flashing lights which might affect customers who are susceptible to photosensitive epilepsy.
Wheelchair Accessible: This auditorium has bays for wheelchair users with seats beside them for accompanying guests.",
        "screen": "1",
        "status": {
          "soldOut": false,
        },
        "time": 1738252800000,
      },
      {
        "accessibility": {
          "audioDescription": true,
        },
        "bookingUrl": "https://www.odeon.co.uk/ticketing/seat-picker/?showtimeId=153-27599",
        "notes": "Dolby: Dolby Cinema™ combines the most powerful image and sound technologies with inspired design to transform your visit into an unforgettable cinematic event.
Flash Warning: This title has been issued a Guest Warning by the BBFC - it contains a sequence of flashing lights which might affect customers who are susceptible to photosensitive epilepsy.
Wheelchair Accessible: This auditorium has bays for wheelchair users with seats beside them for accompanying guests.",
        "screen": "1",
        "status": {
          "soldOut": false,
        },
        "time": 1738265400000,
      },
    ],
    "title": "A Complete Unknown",
    "url": "https://www.odeon.co.uk/films/a-complete-unknown/HO00006549/?siteId=153",
  },
  {
    "overview": {
      "actors": [
        "Jean Reno",
        "Sophie Wilde",
        "Anoop Desai",
        "Harris Dickinson",
        "Nicole Kidman",
        "Antonio Banderas",
      ],
      "categories": [
        "Crime",
        "Mystery",
        "Thriller",
      ],
      "classification": "18",
      "directors": [
        "Halina Reijn",
      ],
      "duration": 6840000,
      "trailer": "https://www.youtube.com/watch?v=dq_bnfZy9-g",
    },
    "performances": [
      {
        "accessibility": {},
        "bookingUrl": "https://www.odeon.co.uk/ticketing/seat-picker/?showtimeId=153-27522",
        "notes": "Flash Warning: This title has been issued a Guest Warning by the BBFC - it contains a sequence of flashing lights which might affect customers who are susceptible to photosensitive epilepsy.
Wheelchair Accessible: This auditorium has bays for wheelchair users with seats beside them for accompanying guests.",
        "screen": "4",
        "status": {
          "soldOut": false,
        },
        "time": 1737720900000,
      },
      {
        "accessibility": {},
        "bookingUrl": "https://www.odeon.co.uk/ticketing/seat-picker/?showtimeId=153-27565",
        "notes": "Flash Warning: This title has been issued a Guest Warning by the BBFC - it contains a sequence of flashing lights which might affect customers who are susceptible to photosensitive epilepsy.
Wheelchair Accessible: This auditorium has bays for wheelchair users with seats beside them for accompanying guests.",
        "screen": "2",
        "status": {
          "soldOut": false,
        },
        "time": 1737730800000,
      },
      {
        "accessibility": {},
        "bookingUrl": "https://www.odeon.co.uk/ticketing/seat-picker/?showtimeId=153-27510",
        "notes": "Flash Warning: This title has been issued a Guest Warning by the BBFC - it contains a sequence of flashing lights which might affect customers who are susceptible to photosensitive epilepsy.
Wheelchair Accessible: This auditorium has bays for wheelchair users with seats beside them for accompanying guests.",
        "screen": "2",
        "status": {
          "soldOut": false,
        },
        "time": 1737740700000,
      },
      {
        "accessibility": {},
        "bookingUrl": "https://www.odeon.co.uk/ticketing/seat-picker/?showtimeId=153-27517",
        "notes": "Flash Warning: This title has been issued a Guest Warning by the BBFC - it contains a sequence of flashing lights which might affect customers who are susceptible to photosensitive epilepsy.
Wheelchair Accessible: This auditorium has bays for wheelchair users with seats beside them for accompanying guests.",
        "screen": "3",
        "status": {
          "soldOut": false,
        },
        "time": 1737751500000,
      },
      {
        "accessibility": {},
        "bookingUrl": "https://www.odeon.co.uk/ticketing/seat-picker/?showtimeId=153-27499",
        "notes": "Flash Warning: This title has been issued a Guest Warning by the BBFC - it contains a sequence of flashing lights which might affect customers who are susceptible to photosensitive epilepsy.
Wheelchair Accessible: This auditorium has bays for wheelchair users with seats beside them for accompanying guests.",
        "screen": "5",
        "status": {
          "soldOut": false,
        },
        "time": 1737824400000,
      },
      {
        "accessibility": {},
        "bookingUrl": "https://www.odeon.co.uk/ticketing/seat-picker/?showtimeId=153-27492",
        "notes": "Flash Warning: This title has been issued a Guest Warning by the BBFC - it contains a sequence of flashing lights which might affect customers who are susceptible to photosensitive epilepsy.
Wheelchair Accessible: This auditorium has bays for wheelchair users with seats beside them for accompanying guests.",
        "screen": "2",
        "status": {
          "soldOut": false,
        },
        "time": 1737837000000,
      },
      {
        "accessibility": {},
        "bookingUrl": "https://www.odeon.co.uk/ticketing/seat-picker/?showtimeId=153-27544",
        "notes": "Flash Warning: This title has been issued a Guest Warning by the BBFC - it contains a sequence of flashing lights which might affect customers who are susceptible to photosensitive epilepsy.
Wheelchair Accessible: This auditorium has bays for wheelchair users with seats beside them for accompanying guests.",
        "screen": "5",
        "status": {
          "soldOut": false,
        },
        "time": 1737910800000,
      },
      {
        "accessibility": {},
        "bookingUrl": "https://www.odeon.co.uk/ticketing/seat-picker/?showtimeId=153-27537",
        "notes": "Flash Warning: This title has been issued a Guest Warning by the BBFC - it contains a sequence of flashing lights which might affect customers who are susceptible to photosensitive epilepsy.
Wheelchair Accessible: This auditorium has bays for wheelchair users with seats beside them for accompanying guests.",
        "screen": "2",
        "status": {
          "soldOut": false,
        },
        "time": 1737923400000,
      },
      {
        "accessibility": {},
        "bookingUrl": "https://www.odeon.co.uk/ticketing/seat-picker/?showtimeId=153-27628",
        "notes": "Flash Warning: This title has been issued a Guest Warning by the BBFC - it contains a sequence of flashing lights which might affect customers who are susceptible to photosensitive epilepsy.
Saver
Wheelchair Accessible: This auditorium has bays for wheelchair users with seats beside them for accompanying guests.",
        "screen": "4",
        "status": {
          "soldOut": false,
        },
        "time": 1737980100000,
      },
      {
        "accessibility": {},
        "bookingUrl": "https://www.odeon.co.uk/ticketing/seat-picker/?showtimeId=153-27644",
        "notes": "Flash Warning: This title has been issued a Guest Warning by the BBFC - it contains a sequence of flashing lights which might affect customers who are susceptible to photosensitive epilepsy.
Saver
Wheelchair Accessible: This auditorium has bays for wheelchair users with seats beside them for accompanying guests.",
        "screen": "2",
        "status": {
          "soldOut": false,
        },
        "time": 1737990000000,
      },
      {
        "accessibility": {},
        "bookingUrl": "https://www.odeon.co.uk/ticketing/seat-picker/?showtimeId=153-27629",
        "notes": "Flash Warning: This title has been issued a Guest Warning by the BBFC - it contains a sequence of flashing lights which might affect customers who are susceptible to photosensitive epilepsy.
Open Captioned: Open captions (English subtitles) are text and sound descriptions displayed at the bottom of the screen and are visible to all in the auditorium.
Saver
Wheelchair Accessible: This auditorium has bays for wheelchair users with seats beside them for accompanying guests.",
        "screen": "2",
        "status": {
          "soldOut": false,
        },
        "time": 1737999900000,
      },
      {
        "accessibility": {},
        "bookingUrl": "https://www.odeon.co.uk/ticketing/seat-picker/?showtimeId=153-27649",
        "notes": "Flash Warning: This title has been issued a Guest Warning by the BBFC - it contains a sequence of flashing lights which might affect customers who are susceptible to photosensitive epilepsy.
Saver
Wheelchair Accessible: This auditorium has bays for wheelchair users with seats beside them for accompanying guests.",
        "screen": "5",
        "status": {
          "soldOut": false,
        },
        "time": 1738007100000,
      },
      {
        "accessibility": {},
        "bookingUrl": "https://www.odeon.co.uk/ticketing/seat-picker/?showtimeId=153-27609",
        "notes": "Flash Warning: This title has been issued a Guest Warning by the BBFC - it contains a sequence of flashing lights which might affect customers who are susceptible to photosensitive epilepsy.
Wheelchair Accessible: This auditorium has bays for wheelchair users with seats beside them for accompanying guests.",
        "screen": "4",
        "status": {
          "soldOut": false,
        },
        "time": 1738066500000,
      },
      {
        "accessibility": {},
        "bookingUrl": "https://www.odeon.co.uk/ticketing/seat-picker/?showtimeId=153-27626",
        "notes": "Flash Warning: This title has been issued a Guest Warning by the BBFC - it contains a sequence of flashing lights which might affect customers who are susceptible to photosensitive epilepsy.
Wheelchair Accessible: This auditorium has bays for wheelchair users with seats beside them for accompanying guests.",
        "screen": "2",
        "status": {
          "soldOut": false,
        },
        "time": 1738076400000,
      },
      {
        "accessibility": {},
        "bookingUrl": "https://www.odeon.co.uk/ticketing/seat-picker/?showtimeId=153-27610",
        "notes": "Flash Warning: This title has been issued a Guest Warning by the BBFC - it contains a sequence of flashing lights which might affect customers who are susceptible to photosensitive epilepsy.
Open Captioned: Open captions (English subtitles) are text and sound descriptions displayed at the bottom of the screen and are visible to all in the auditorium.
Wheelchair Accessible: This auditorium has bays for wheelchair users with seats beside them for accompanying guests.",
        "screen": "2",
        "status": {
          "soldOut": false,
        },
        "time": 1738086300000,
      },
      {
        "accessibility": {},
        "bookingUrl": "https://www.odeon.co.uk/ticketing/seat-picker/?showtimeId=153-27619",
        "notes": "Flash Warning: This title has been issued a Guest Warning by the BBFC - it contains a sequence of flashing lights which might affect customers who are susceptible to photosensitive epilepsy.
Wheelchair Accessible: This auditorium has bays for wheelchair users with seats beside them for accompanying guests.",
        "screen": "5",
        "status": {
          "soldOut": false,
        },
        "time": 1738093500000,
      },
      {
        "accessibility": {},
        "bookingUrl": "https://www.odeon.co.uk/ticketing/seat-picker/?showtimeId=153-27594",
        "notes": "Flash Warning: This title has been issued a Guest Warning by the BBFC - it contains a sequence of flashing lights which might affect customers who are susceptible to photosensitive epilepsy.
Wheelchair Accessible: This auditorium has bays for wheelchair users with seats beside them for accompanying guests.",
        "screen": "4",
        "status": {
          "soldOut": false,
        },
        "time": 1738239300000,
      },
      {
        "accessibility": {},
        "bookingUrl": "https://www.odeon.co.uk/ticketing/seat-picker/?showtimeId=153-27596",
        "notes": "Flash Warning: This title has been issued a Guest Warning by the BBFC - it contains a sequence of flashing lights which might affect customers who are susceptible to photosensitive epilepsy.
Wheelchair Accessible: This auditorium has bays for wheelchair users with seats beside them for accompanying guests.",
        "screen": "2",
        "status": {
          "soldOut": false,
        },
        "time": 1738249200000,
      },
      {
        "accessibility": {},
        "bookingUrl": "https://www.odeon.co.uk/ticketing/seat-picker/?showtimeId=153-27593",
        "notes": "Flash Warning: This title has been issued a Guest Warning by the BBFC - it contains a sequence of flashing lights which might affect customers who are susceptible to photosensitive epilepsy.
Open Captioned: Open captions (English subtitles) are text and sound descriptions displayed at the bottom of the screen and are visible to all in the auditorium.
Wheelchair Accessible: This auditorium has bays for wheelchair users with seats beside them for accompanying guests.",
        "screen": "2",
        "status": {
          "soldOut": false,
        },
        "time": 1738259100000,
      },
      {
        "accessibility": {},
        "bookingUrl": "https://www.odeon.co.uk/ticketing/seat-picker/?showtimeId=153-27607",
        "notes": "Flash Warning: This title has been issued a Guest Warning by the BBFC - it contains a sequence of flashing lights which might affect customers who are susceptible to photosensitive epilepsy.
Wheelchair Accessible: This auditorium has bays for wheelchair users with seats beside them for accompanying guests.",
        "screen": "5",
        "status": {
          "soldOut": false,
        },
        "time": 1738266300000,
      },
    ],
    "title": "Babygirl",
    "url": "https://www.odeon.co.uk/films/babygirl/HO00006609/?siteId=153",
  },
  {
    "overview": {
      "actors": [
        "Alison Steadman",
        "Robbie Williams",
        "Anthony Hayes",
        "Steve Pemberton",
        "Kate Mulvany",
        "Jonno Davies",
        "Raechelle Banno",
        "Damon Herriman",
      ],
      "categories": [
        "Biography",
        "Musical ",
      ],
      "classification": "15",
      "directors": [
        "Michael Gracey",
      ],
      "duration": 8100000,
      "trailer": "https://www.youtube.com/watch?v=4yh9HY90tp8",
    },
    "performances": [
      {
        "accessibility": {},
        "bookingUrl": "https://www.odeon.co.uk/ticketing/seat-picker/?showtimeId=153-27523",
        "notes": "Flash Warning: This title has been issued a Guest Warning by the BBFC - it contains a sequence of flashing lights which might affect customers who are susceptible to photosensitive epilepsy.
Wheelchair Accessible: This auditorium has bays for wheelchair users with seats beside them for accompanying guests.",
        "screen": "2",
        "status": {
          "soldOut": false,
        },
        "time": 1737720000000,
      },
      {
        "accessibility": {},
        "bookingUrl": "https://www.odeon.co.uk/ticketing/seat-picker/?showtimeId=153-27514",
        "notes": "Flash Warning: This title has been issued a Guest Warning by the BBFC - it contains a sequence of flashing lights which might affect customers who are susceptible to photosensitive epilepsy.
Wheelchair Accessible: This auditorium has bays for wheelchair users with seats beside them for accompanying guests.",
        "screen": "3",
        "status": {
          "soldOut": false,
        },
        "time": 1737739800000,
      },
      {
        "accessibility": {},
        "bookingUrl": "https://www.odeon.co.uk/ticketing/seat-picker/?showtimeId=153-27495",
        "notes": "Flash Warning: This title has been issued a Guest Warning by the BBFC - it contains a sequence of flashing lights which might affect customers who are susceptible to photosensitive epilepsy.
Wheelchair Accessible: This auditorium has bays for wheelchair users with seats beside them for accompanying guests.",
        "screen": "2",
        "status": {
          "soldOut": false,
        },
        "time": 1737813600000,
      },
      {
        "accessibility": {},
        "bookingUrl": "https://www.odeon.co.uk/ticketing/seat-picker/?showtimeId=153-27542",
        "notes": "Flash Warning: This title has been issued a Guest Warning by the BBFC - it contains a sequence of flashing lights which might affect customers who are susceptible to photosensitive epilepsy.
Wheelchair Accessible: This auditorium has bays for wheelchair users with seats beside them for accompanying guests.",
        "screen": "2",
        "status": {
          "soldOut": false,
        },
        "time": 1737900000000,
      },
      {
        "accessibility": {},
        "bookingUrl": "https://www.odeon.co.uk/ticketing/seat-picker/?showtimeId=153-27639",
        "notes": "Flash Warning: This title has been issued a Guest Warning by the BBFC - it contains a sequence of flashing lights which might affect customers who are susceptible to photosensitive epilepsy.
Saver
Wheelchair Accessible: This auditorium has bays for wheelchair users with seats beside them for accompanying guests.",
        "screen": "2",
        "status": {
          "soldOut": false,
        },
        "time": 1737979200000,
      },
      {
        "accessibility": {},
        "bookingUrl": "https://www.odeon.co.uk/ticketing/seat-picker/?showtimeId=153-27630",
        "notes": "Flash Warning: This title has been issued a Guest Warning by the BBFC - it contains a sequence of flashing lights which might affect customers who are susceptible to photosensitive epilepsy.
Saver
Wheelchair Accessible: This auditorium has bays for wheelchair users with seats beside them for accompanying guests.",
        "screen": "3",
        "status": {
          "soldOut": false,
        },
        "time": 1738008900000,
      },
      {
        "accessibility": {},
        "bookingUrl": "https://www.odeon.co.uk/ticketing/seat-picker/?showtimeId=153-27620",
        "notes": "Flash Warning: This title has been issued a Guest Warning by the BBFC - it contains a sequence of flashing lights which might affect customers who are susceptible to photosensitive epilepsy.
Wheelchair Accessible: This auditorium has bays for wheelchair users with seats beside them for accompanying guests.",
        "screen": "2",
        "status": {
          "soldOut": false,
        },
        "time": 1738065600000,
      },
      {
        "accessibility": {},
        "bookingUrl": "https://www.odeon.co.uk/ticketing/seat-picker/?showtimeId=153-27611",
        "notes": "Flash Warning: This title has been issued a Guest Warning by the BBFC - it contains a sequence of flashing lights which might affect customers who are susceptible to photosensitive epilepsy.
Wheelchair Accessible: This auditorium has bays for wheelchair users with seats beside them for accompanying guests.",
        "screen": "3",
        "status": {
          "soldOut": false,
        },
        "time": 1738095300000,
      },
      {
        "accessibility": {},
        "bookingUrl": "https://www.odeon.co.uk/ticketing/seat-picker/?showtimeId=153-27604",
        "notes": "Flash Warning: This title has been issued a Guest Warning by the BBFC - it contains a sequence of flashing lights which might affect customers who are susceptible to photosensitive epilepsy.
Wheelchair Accessible: This auditorium has bays for wheelchair users with seats beside them for accompanying guests.",
        "screen": "2",
        "status": {
          "soldOut": false,
        },
        "time": 1738238400000,
      },
      {
        "accessibility": {},
        "bookingUrl": "https://www.odeon.co.uk/ticketing/seat-picker/?showtimeId=153-27592",
        "notes": "Flash Warning: This title has been issued a Guest Warning by the BBFC - it contains a sequence of flashing lights which might affect customers who are susceptible to photosensitive epilepsy.
Wheelchair Accessible: This auditorium has bays for wheelchair users with seats beside them for accompanying guests.",
        "screen": "3",
        "status": {
          "soldOut": false,
        },
        "time": 1738268100000,
      },
    ],
    "title": "Better Man",
    "url": "https://www.odeon.co.uk/films/better-man/HO00006516/?siteId=153",
  },
  {
    "overview": {
      "actors": [
        "Renée Zellweger",
        "Leo Woodall",
        "Chiwetel Ejiofor",
        "Emma Thompson",
        "Hugh Grant",
      ],
      "categories": [
        "Comedy",
        "Drama",
      ],
      "directors": [
        "Michael Morris",
      ],
      "duration": 7500000,
      "trailer": "https://www.youtube.com/watch?v=fc5zbSCgudA",
    },
    "performances": [
      {
        "accessibility": {
          "audioDescription": true,
        },
        "bookingUrl": "https://www.odeon.co.uk/ticketing/seat-picker/?showtimeId=153-27462",
        "notes": "Wheelchair Accessible: This auditorium has bays for wheelchair users with seats beside them for accompanying guests.",
        "screen": "3",
        "status": {
          "soldOut": false,
        },
        "time": 1739448000000,
      },
      {
        "accessibility": {
          "audioDescription": true,
        },
        "bookingUrl": "https://www.odeon.co.uk/ticketing/seat-picker/?showtimeId=153-27444",
        "notes": "Dolby: Dolby Cinema™ combines the most powerful image and sound technologies with inspired design to transform your visit into an unforgettable cinematic event.
Wheelchair Accessible: This auditorium has bays for wheelchair users with seats beside them for accompanying guests.",
        "screen": "1",
        "status": {
          "soldOut": false,
        },
        "time": 1739451600000,
      },
      {
        "accessibility": {
          "audioDescription": true,
        },
        "bookingUrl": "https://www.odeon.co.uk/ticketing/seat-picker/?showtimeId=153-27461",
        "notes": "Wheelchair Accessible: This auditorium has bays for wheelchair users with seats beside them for accompanying guests.",
        "screen": "3",
        "status": {
          "soldOut": false,
        },
        "time": 1739458800000,
      },
      {
        "accessibility": {
          "audioDescription": true,
        },
        "bookingUrl": "https://www.odeon.co.uk/ticketing/seat-picker/?showtimeId=153-27445",
        "notes": "Dolby: Dolby Cinema™ combines the most powerful image and sound technologies with inspired design to transform your visit into an unforgettable cinematic event.
Wheelchair Accessible: This auditorium has bays for wheelchair users with seats beside them for accompanying guests.",
        "screen": "1",
        "status": {
          "soldOut": false,
        },
        "time": 1739463300000,
      },
      {
        "accessibility": {
          "audioDescription": true,
        },
        "bookingUrl": "https://www.odeon.co.uk/ticketing/seat-picker/?showtimeId=153-27459",
        "notes": "Wheelchair Accessible: This auditorium has bays for wheelchair users with seats beside them for accompanying guests.",
        "screen": "3",
        "status": {
          "soldOut": false,
        },
        "time": 1739469600000,
      },
      {
        "accessibility": {
          "audioDescription": true,
        },
        "bookingUrl": "https://www.odeon.co.uk/ticketing/seat-picker/?showtimeId=153-27446",
        "notes": "Dolby: Dolby Cinema™ combines the most powerful image and sound technologies with inspired design to transform your visit into an unforgettable cinematic event.
Wheelchair Accessible: This auditorium has bays for wheelchair users with seats beside them for accompanying guests.",
        "screen": "1",
        "status": {
          "soldOut": false,
        },
        "time": 1739475000000,
      },
      {
        "accessibility": {
          "audioDescription": true,
        },
        "bookingUrl": "https://www.odeon.co.uk/ticketing/seat-picker/?showtimeId=153-27460",
        "notes": "Wheelchair Accessible: This auditorium has bays for wheelchair users with seats beside them for accompanying guests.",
        "screen": "3",
        "status": {
          "soldOut": false,
        },
        "time": 1739480400000,
      },
      {
        "accessibility": {
          "audioDescription": true,
        },
        "bookingUrl": "https://www.odeon.co.uk/ticketing/seat-picker/?showtimeId=153-27466",
        "notes": "Wheelchair Accessible: This auditorium has bays for wheelchair users with seats beside them for accompanying guests.",
        "screen": "4",
        "status": {
          "soldOut": false,
        },
        "time": 1739533500000,
      },
      {
        "accessibility": {
          "audioDescription": true,
        },
        "bookingUrl": "https://www.odeon.co.uk/ticketing/seat-picker/?showtimeId=153-27435",
        "notes": "Dolby: Dolby Cinema™ combines the most powerful image and sound technologies with inspired design to transform your visit into an unforgettable cinematic event.
Wheelchair Accessible: This auditorium has bays for wheelchair users with seats beside them for accompanying guests.",
        "screen": "1",
        "status": {
          "soldOut": false,
        },
        "time": 1739538000000,
      },
      {
        "accessibility": {
          "audioDescription": true,
        },
        "bookingUrl": "https://www.odeon.co.uk/ticketing/seat-picker/?showtimeId=153-27465",
        "notes": "Wheelchair Accessible: This auditorium has bays for wheelchair users with seats beside them for accompanying guests.",
        "screen": "4",
        "status": {
          "soldOut": false,
        },
        "time": 1739544300000,
      },
      {
        "accessibility": {
          "audioDescription": true,
        },
        "bookingUrl": "https://www.odeon.co.uk/ticketing/seat-picker/?showtimeId=153-27436",
        "notes": "Dolby: Dolby Cinema™ combines the most powerful image and sound technologies with inspired design to transform your visit into an unforgettable cinematic event.
Wheelchair Accessible: This auditorium has bays for wheelchair users with seats beside them for accompanying guests.",
        "screen": "1",
        "status": {
          "soldOut": false,
        },
        "time": 1739549700000,
      },
      {
        "accessibility": {
          "audioDescription": true,
        },
        "bookingUrl": "https://www.odeon.co.uk/ticketing/seat-picker/?showtimeId=153-27464",
        "notes": "Wheelchair Accessible: This auditorium has bays for wheelchair users with seats beside them for accompanying guests.",
        "screen": "4",
        "status": {
          "soldOut": false,
        },
        "time": 1739555100000,
      },
      {
        "accessibility": {
          "audioDescription": true,
        },
        "bookingUrl": "https://www.odeon.co.uk/ticketing/seat-picker/?showtimeId=153-27437",
        "notes": "Dolby: Dolby Cinema™ combines the most powerful image and sound technologies with inspired design to transform your visit into an unforgettable cinematic event.
Wheelchair Accessible: This auditorium has bays for wheelchair users with seats beside them for accompanying guests.",
        "screen": "1",
        "status": {
          "soldOut": false,
        },
        "time": 1739561400000,
      },
      {
        "accessibility": {
          "audioDescription": true,
        },
        "bookingUrl": "https://www.odeon.co.uk/ticketing/seat-picker/?showtimeId=153-27463",
        "notes": "Wheelchair Accessible: This auditorium has bays for wheelchair users with seats beside them for accompanying guests.",
        "screen": "4",
        "status": {
          "soldOut": false,
        },
        "time": 1739565900000,
      },
      {
        "accessibility": {
          "audioDescription": true,
        },
        "bookingUrl": "https://www.odeon.co.uk/ticketing/seat-picker/?showtimeId=153-27474",
        "notes": "Wheelchair Accessible: This auditorium has bays for wheelchair users with seats beside them for accompanying guests.",
        "screen": "4",
        "status": {
          "soldOut": false,
        },
        "time": 1739619900000,
      },
      {
        "accessibility": {
          "audioDescription": true,
        },
        "bookingUrl": "https://www.odeon.co.uk/ticketing/seat-picker/?showtimeId=153-27440",
        "notes": "Dolby: Dolby Cinema™ combines the most powerful image and sound technologies with inspired design to transform your visit into an unforgettable cinematic event.
Wheelchair Accessible: This auditorium has bays for wheelchair users with seats beside them for accompanying guests.",
        "screen": "1",
        "status": {
          "soldOut": false,
        },
        "time": 1739624400000,
      },
      {
        "accessibility": {
          "audioDescription": true,
        },
        "bookingUrl": "https://www.odeon.co.uk/ticketing/seat-picker/?showtimeId=153-27473",
        "notes": "Wheelchair Accessible: This auditorium has bays for wheelchair users with seats beside them for accompanying guests.",
        "screen": "4",
        "status": {
          "soldOut": false,
        },
        "time": 1739630700000,
      },
      {
        "accessibility": {
          "audioDescription": true,
        },
        "bookingUrl": "https://www.odeon.co.uk/ticketing/seat-picker/?showtimeId=153-27439",
        "notes": "Dolby: Dolby Cinema™ combines the most powerful image and sound technologies with inspired design to transform your visit into an unforgettable cinematic event.
Wheelchair Accessible: This auditorium has bays for wheelchair users with seats beside them for accompanying guests.",
        "screen": "1",
        "status": {
          "soldOut": false,
        },
        "time": 1739636100000,
      },
      {
        "accessibility": {
          "audioDescription": true,
        },
        "bookingUrl": "https://www.odeon.co.uk/ticketing/seat-picker/?showtimeId=153-27472",
        "notes": "Wheelchair Accessible: This auditorium has bays for wheelchair users with seats beside them for accompanying guests.",
        "screen": "4",
        "status": {
          "soldOut": false,
        },
        "time": 1739641500000,
      },
      {
        "accessibility": {
          "audioDescription": true,
        },
        "bookingUrl": "https://www.odeon.co.uk/ticketing/seat-picker/?showtimeId=153-27438",
        "notes": "Dolby: Dolby Cinema™ combines the most powerful image and sound technologies with inspired design to transform your visit into an unforgettable cinematic event.
Wheelchair Accessible: This auditorium has bays for wheelchair users with seats beside them for accompanying guests.",
        "screen": "1",
        "status": {
          "soldOut": false,
        },
        "time": 1739647800000,
      },
      {
        "accessibility": {
          "audioDescription": true,
        },
        "bookingUrl": "https://www.odeon.co.uk/ticketing/seat-picker/?showtimeId=153-27471",
        "notes": "Wheelchair Accessible: This auditorium has bays for wheelchair users with seats beside them for accompanying guests.",
        "screen": "4",
        "status": {
          "soldOut": false,
        },
        "time": 1739652300000,
      },
      {
        "accessibility": {
          "audioDescription": true,
        },
        "bookingUrl": "https://www.odeon.co.uk/ticketing/seat-picker/?showtimeId=153-27478",
        "notes": "Wheelchair Accessible: This auditorium has bays for wheelchair users with seats beside them for accompanying guests.",
        "screen": "4",
        "status": {
          "soldOut": false,
        },
        "time": 1739706300000,
      },
      {
        "accessibility": {
          "audioDescription": true,
        },
        "bookingUrl": "https://www.odeon.co.uk/ticketing/seat-picker/?showtimeId=153-27443",
        "notes": "Dolby: Dolby Cinema™ combines the most powerful image and sound technologies with inspired design to transform your visit into an unforgettable cinematic event.
Wheelchair Accessible: This auditorium has bays for wheelchair users with seats beside them for accompanying guests.",
        "screen": "1",
        "status": {
          "soldOut": false,
        },
        "time": 1739710800000,
      },
      {
        "accessibility": {
          "audioDescription": true,
        },
        "bookingUrl": "https://www.odeon.co.uk/ticketing/seat-picker/?showtimeId=153-27477",
        "notes": "Wheelchair Accessible: This auditorium has bays for wheelchair users with seats beside them for accompanying guests.",
        "screen": "4",
        "status": {
          "soldOut": false,
        },
        "time": 1739717100000,
      },
      {
        "accessibility": {
          "audioDescription": true,
        },
        "bookingUrl": "https://www.odeon.co.uk/ticketing/seat-picker/?showtimeId=153-27442",
        "notes": "Dolby: Dolby Cinema™ combines the most powerful image and sound technologies with inspired design to transform your visit into an unforgettable cinematic event.
Wheelchair Accessible: This auditorium has bays for wheelchair users with seats beside them for accompanying guests.",
        "screen": "1",
        "status": {
          "soldOut": false,
        },
        "time": 1739722500000,
      },
      {
        "accessibility": {
          "audioDescription": true,
        },
        "bookingUrl": "https://www.odeon.co.uk/ticketing/seat-picker/?showtimeId=153-27476",
        "notes": "Wheelchair Accessible: This auditorium has bays for wheelchair users with seats beside them for accompanying guests.",
        "screen": "4",
        "status": {
          "soldOut": false,
        },
        "time": 1739727900000,
      },
      {
        "accessibility": {
          "audioDescription": true,
        },
        "bookingUrl": "https://www.odeon.co.uk/ticketing/seat-picker/?showtimeId=153-27441",
        "notes": "Dolby: Dolby Cinema™ combines the most powerful image and sound technologies with inspired design to transform your visit into an unforgettable cinematic event.
Wheelchair Accessible: This auditorium has bays for wheelchair users with seats beside them for accompanying guests.",
        "screen": "1",
        "status": {
          "soldOut": false,
        },
        "time": 1739734200000,
      },
      {
        "accessibility": {
          "audioDescription": true,
        },
        "bookingUrl": "https://www.odeon.co.uk/ticketing/seat-picker/?showtimeId=153-27475",
        "notes": "Wheelchair Accessible: This auditorium has bays for wheelchair users with seats beside them for accompanying guests.",
        "screen": "4",
        "status": {
          "soldOut": false,
        },
        "time": 1739738700000,
      },
      {
        "accessibility": {
          "audioDescription": true,
        },
        "bookingUrl": "https://www.odeon.co.uk/ticketing/seat-picker/?showtimeId=153-27455",
        "notes": "Dolby: Dolby Cinema™ combines the most powerful image and sound technologies with inspired design to transform your visit into an unforgettable cinematic event.
Wheelchair Accessible: This auditorium has bays for wheelchair users with seats beside them for accompanying guests.",
        "screen": "1",
        "status": {
          "soldOut": false,
        },
        "time": 1739797200000,
      },
      {
        "accessibility": {
          "audioDescription": true,
        },
        "bookingUrl": "https://www.odeon.co.uk/ticketing/seat-picker/?showtimeId=153-27454",
        "notes": "Dolby: Dolby Cinema™ combines the most powerful image and sound technologies with inspired design to transform your visit into an unforgettable cinematic event.
Wheelchair Accessible: This auditorium has bays for wheelchair users with seats beside them for accompanying guests.",
        "screen": "1",
        "status": {
          "soldOut": false,
        },
        "time": 1739808900000,
      },
      {
        "accessibility": {
          "audioDescription": true,
        },
        "bookingUrl": "https://www.odeon.co.uk/ticketing/seat-picker/?showtimeId=153-27453",
        "notes": "Dolby: Dolby Cinema™ combines the most powerful image and sound technologies with inspired design to transform your visit into an unforgettable cinematic event.
Wheelchair Accessible: This auditorium has bays for wheelchair users with seats beside them for accompanying guests.",
        "screen": "1",
        "status": {
          "soldOut": false,
        },
        "time": 1739820600000,
      },
      {
        "accessibility": {
          "audioDescription": true,
        },
        "bookingUrl": "https://www.odeon.co.uk/ticketing/seat-picker/?showtimeId=153-27452",
        "notes": "Dolby: Dolby Cinema™ combines the most powerful image and sound technologies with inspired design to transform your visit into an unforgettable cinematic event.
Wheelchair Accessible: This auditorium has bays for wheelchair users with seats beside them for accompanying guests.",
        "screen": "1",
        "status": {
          "soldOut": false,
        },
        "time": 1739883600000,
      },
      {
        "accessibility": {
          "audioDescription": true,
        },
        "bookingUrl": "https://www.odeon.co.uk/ticketing/seat-picker/?showtimeId=153-27451",
        "notes": "Dolby: Dolby Cinema™ combines the most powerful image and sound technologies with inspired design to transform your visit into an unforgettable cinematic event.
Wheelchair Accessible: This auditorium has bays for wheelchair users with seats beside them for accompanying guests.",
        "screen": "1",
        "status": {
          "soldOut": false,
        },
        "time": 1739895300000,
      },
      {
        "accessibility": {
          "audioDescription": true,
        },
        "bookingUrl": "https://www.odeon.co.uk/ticketing/seat-picker/?showtimeId=153-27450",
        "notes": "Dolby: Dolby Cinema™ combines the most powerful image and sound technologies with inspired design to transform your visit into an unforgettable cinematic event.
Wheelchair Accessible: This auditorium has bays for wheelchair users with seats beside them for accompanying guests.",
        "screen": "1",
        "status": {
          "soldOut": false,
        },
        "time": 1739907000000,
      },
      {
        "accessibility": {
          "audioDescription": true,
        },
        "bookingUrl": "https://www.odeon.co.uk/ticketing/seat-picker/?showtimeId=153-27449",
        "notes": "Dolby: Dolby Cinema™ combines the most powerful image and sound technologies with inspired design to transform your visit into an unforgettable cinematic event.
Wheelchair Accessible: This auditorium has bays for wheelchair users with seats beside them for accompanying guests.",
        "screen": "1",
        "status": {
          "soldOut": false,
        },
        "time": 1739970000000,
      },
      {
        "accessibility": {
          "audioDescription": true,
        },
        "bookingUrl": "https://www.odeon.co.uk/ticketing/seat-picker/?showtimeId=153-27448",
        "notes": "Dolby: Dolby Cinema™ combines the most powerful image and sound technologies with inspired design to transform your visit into an unforgettable cinematic event.
Wheelchair Accessible: This auditorium has bays for wheelchair users with seats beside them for accompanying guests.",
        "screen": "1",
        "status": {
          "soldOut": false,
        },
        "time": 1739981700000,
      },
      {
        "accessibility": {
          "audioDescription": true,
        },
        "bookingUrl": "https://www.odeon.co.uk/ticketing/seat-picker/?showtimeId=153-27447",
        "notes": "Dolby: Dolby Cinema™ combines the most powerful image and sound technologies with inspired design to transform your visit into an unforgettable cinematic event.
Wheelchair Accessible: This auditorium has bays for wheelchair users with seats beside them for accompanying guests.",
        "screen": "1",
        "status": {
          "soldOut": false,
        },
        "time": 1739993400000,
      },
      {
        "accessibility": {
          "audioDescription": true,
        },
        "bookingUrl": "https://www.odeon.co.uk/ticketing/seat-picker/?showtimeId=153-27458",
        "notes": "Dolby: Dolby Cinema™ combines the most powerful image and sound technologies with inspired design to transform your visit into an unforgettable cinematic event.
Wheelchair Accessible: This auditorium has bays for wheelchair users with seats beside them for accompanying guests.",
        "screen": "1",
        "status": {
          "soldOut": false,
        },
        "time": 1740056400000,
      },
      {
        "accessibility": {
          "audioDescription": true,
        },
        "bookingUrl": "https://www.odeon.co.uk/ticketing/seat-picker/?showtimeId=153-27457",
        "notes": "Dolby: Dolby Cinema™ combines the most powerful image and sound technologies with inspired design to transform your visit into an unforgettable cinematic event.
Wheelchair Accessible: This auditorium has bays for wheelchair users with seats beside them for accompanying guests.",
        "screen": "1",
        "status": {
          "soldOut": false,
        },
        "time": 1740068100000,
      },
      {
        "accessibility": {
          "audioDescription": true,
        },
        "bookingUrl": "https://www.odeon.co.uk/ticketing/seat-picker/?showtimeId=153-27456",
        "notes": "Dolby: Dolby Cinema™ combines the most powerful image and sound technologies with inspired design to transform your visit into an unforgettable cinematic event.
Wheelchair Accessible: This auditorium has bays for wheelchair users with seats beside them for accompanying guests.",
        "screen": "1",
        "status": {
          "soldOut": false,
        },
        "time": 1740079800000,
      },
    ],
    "title": "Bridget Jones: Mad About the Boy",
    "url": "https://www.odeon.co.uk/films/bridget-jones-mad-about-the-boy/HO00006681/?siteId=153",
  },
  {
    "overview": {
      "actors": [
        "Harrison Ford",
        "Anthony Mackie",
        "Liv Tyler",
        "Giancarlo Esposito",
        "Shira Haas",
        "Carl Lumbly",
        "Xosha Roquemore",
        "Tim Blake Nelson",
        "Danny Ramirez",
      ],
      "categories": [
        "Action",
        "Family",
        "Sci-Fi",
      ],
      "directors": [
        "Julius Onah",
      ],
      "duration": 7200000,
      "trailer": "https://www.youtube.com/watch?v=t2BVzqHT-5s",
    },
    "performances": [
      {
        "accessibility": {
          "audioDescription": true,
        },
        "bookingUrl": "https://www.odeon.co.uk/ticketing/seat-picker/?showtimeId=153-27470",
        "notes": "Wheelchair Accessible: This auditorium has bays for wheelchair users with seats beside them for accompanying guests.",
        "screen": "3",
        "status": {
          "soldOut": false,
        },
        "time": 1739535300000,
      },
      {
        "accessibility": {
          "audioDescription": true,
        },
        "bookingUrl": "https://www.odeon.co.uk/ticketing/seat-picker/?showtimeId=153-27469",
        "notes": "Wheelchair Accessible: This auditorium has bays for wheelchair users with seats beside them for accompanying guests.",
        "screen": "3",
        "status": {
          "soldOut": false,
        },
        "time": 1739546100000,
      },
      {
        "accessibility": {
          "audioDescription": true,
        },
        "bookingUrl": "https://www.odeon.co.uk/ticketing/seat-picker/?showtimeId=153-27467",
        "notes": "Wheelchair Accessible: This auditorium has bays for wheelchair users with seats beside them for accompanying guests.",
        "screen": "3",
        "status": {
          "soldOut": false,
        },
        "time": 1739556900000,
      },
      {
        "accessibility": {
          "audioDescription": true,
        },
        "bookingUrl": "https://www.odeon.co.uk/ticketing/seat-picker/?showtimeId=153-27468",
        "notes": "Wheelchair Accessible: This auditorium has bays for wheelchair users with seats beside them for accompanying guests.",
        "screen": "3",
        "status": {
          "soldOut": false,
        },
        "time": 1739567700000,
      },
      {
        "accessibility": {
          "audioDescription": true,
        },
        "bookingUrl": "https://www.odeon.co.uk/ticketing/seat-picker/?showtimeId=153-27651",
        "notes": "Wheelchair Accessible: This auditorium has bays for wheelchair users with seats beside them for accompanying guests.",
        "screen": "3",
        "status": {
          "soldOut": false,
        },
        "time": 1739621700000,
      },
      {
        "accessibility": {
          "audioDescription": true,
        },
        "bookingUrl": "https://www.odeon.co.uk/ticketing/seat-picker/?showtimeId=153-27650",
        "notes": "Wheelchair Accessible: This auditorium has bays for wheelchair users with seats beside them for accompanying guests.",
        "screen": "3",
        "status": {
          "soldOut": false,
        },
        "time": 1739632500000,
      },
      {
        "accessibility": {
          "audioDescription": true,
        },
        "bookingUrl": "https://www.odeon.co.uk/ticketing/seat-picker/?showtimeId=153-27653",
        "notes": "Wheelchair Accessible: This auditorium has bays for wheelchair users with seats beside them for accompanying guests.",
        "screen": "3",
        "status": {
          "soldOut": false,
        },
        "time": 1739643300000,
      },
      {
        "accessibility": {
          "audioDescription": true,
        },
        "bookingUrl": "https://www.odeon.co.uk/ticketing/seat-picker/?showtimeId=153-27652",
        "notes": "Wheelchair Accessible: This auditorium has bays for wheelchair users with seats beside them for accompanying guests.",
        "screen": "3",
        "status": {
          "soldOut": false,
        },
        "time": 1739654100000,
      },
      {
        "accessibility": {
          "audioDescription": true,
        },
        "bookingUrl": "https://www.odeon.co.uk/ticketing/seat-picker/?showtimeId=153-27655",
        "notes": "Wheelchair Accessible: This auditorium has bays for wheelchair users with seats beside them for accompanying guests.",
        "screen": "3",
        "status": {
          "soldOut": false,
        },
        "time": 1739708100000,
      },
      {
        "accessibility": {
          "audioDescription": true,
        },
        "bookingUrl": "https://www.odeon.co.uk/ticketing/seat-picker/?showtimeId=153-27654",
        "notes": "Wheelchair Accessible: This auditorium has bays for wheelchair users with seats beside them for accompanying guests.",
        "screen": "3",
        "status": {
          "soldOut": false,
        },
        "time": 1739718900000,
      },
      {
        "accessibility": {
          "audioDescription": true,
        },
        "bookingUrl": "https://www.odeon.co.uk/ticketing/seat-picker/?showtimeId=153-27657",
        "notes": "Wheelchair Accessible: This auditorium has bays for wheelchair users with seats beside them for accompanying guests.",
        "screen": "3",
        "status": {
          "soldOut": false,
        },
        "time": 1739729700000,
      },
      {
        "accessibility": {
          "audioDescription": true,
        },
        "bookingUrl": "https://www.odeon.co.uk/ticketing/seat-picker/?showtimeId=153-27656",
        "notes": "Wheelchair Accessible: This auditorium has bays for wheelchair users with seats beside them for accompanying guests.",
        "screen": "3",
        "status": {
          "soldOut": false,
        },
        "time": 1739739600000,
      },
    ],
    "title": "Captain America: Brave New World",
    "url": "https://www.odeon.co.uk/films/captain-america-brave-new-world/HO00006617/?siteId=153",
  },
  {
    "overview": {
      "actors": [
        "Michelle Dockery",
        "Topher Grace",
        "Monib Abhat",
        "Mark Wahlberg",
      ],
      "categories": [
        "Thriller",
      ],
      "classification": "15",
      "directors": [
        "Mel Gibson",
      ],
      "duration": 5460000,
      "trailer": "https://www.youtube.com/watch?v=bAHhHTxQBC4",
    },
    "performances": [
      {
        "accessibility": {
          "audioDescription": true,
        },
        "bookingUrl": "https://www.odeon.co.uk/ticketing/seat-picker/?showtimeId=153-27525",
        "notes": "Wheelchair Accessible: This auditorium has bays for wheelchair users with seats beside them for accompanying guests.",
        "screen": "3",
        "status": {
          "soldOut": false,
        },
        "time": 1737721800000,
      },
      {
        "accessibility": {
          "audioDescription": true,
        },
        "bookingUrl": "https://www.odeon.co.uk/ticketing/seat-picker/?showtimeId=153-27509",
        "notes": "Wheelchair Accessible: This auditorium has bays for wheelchair users with seats beside them for accompanying guests.",
        "screen": "4",
        "status": {
          "soldOut": false,
        },
        "time": 1737752400000,
      },
      {
        "accessibility": {
          "audioDescription": true,
        },
        "bookingUrl": "https://www.odeon.co.uk/ticketing/seat-picker/?showtimeId=153-27500",
        "notes": "Wheelchair Accessible: This auditorium has bays for wheelchair users with seats beside them for accompanying guests.",
        "screen": "4",
        "status": {
          "soldOut": false,
        },
        "time": 1737838800000,
      },
      {
        "accessibility": {
          "audioDescription": true,
        },
        "bookingUrl": "https://www.odeon.co.uk/ticketing/seat-picker/?showtimeId=153-27536",
        "notes": "Wheelchair Accessible: This auditorium has bays for wheelchair users with seats beside them for accompanying guests.",
        "screen": "4",
        "status": {
          "soldOut": false,
        },
        "time": 1737925200000,
      },
      {
        "accessibility": {
          "audioDescription": true,
        },
        "bookingUrl": "https://www.odeon.co.uk/ticketing/seat-picker/?showtimeId=153-27645",
        "notes": "Saver
Wheelchair Accessible: This auditorium has bays for wheelchair users with seats beside them for accompanying guests.",
        "screen": "3",
        "status": {
          "soldOut": false,
        },
        "time": 1737981000000,
      },
      {
        "accessibility": {
          "audioDescription": true,
        },
        "bookingUrl": "https://www.odeon.co.uk/ticketing/seat-picker/?showtimeId=153-27558",
        "notes": "Open Captioned: Open captions (English subtitles) are text and sound descriptions displayed at the bottom of the screen and are visible to all in the auditorium.
Saver
Wheelchair Accessible: This auditorium has bays for wheelchair users with seats beside them for accompanying guests.",
        "screen": "4",
        "status": {
          "soldOut": false,
        },
        "time": 1738011600000,
      },
      {
        "accessibility": {
          "audioDescription": true,
        },
        "bookingUrl": "https://www.odeon.co.uk/ticketing/seat-picker/?showtimeId=153-27627",
        "notes": "Wheelchair Accessible: This auditorium has bays for wheelchair users with seats beside them for accompanying guests.",
        "screen": "3",
        "status": {
          "soldOut": false,
        },
        "time": 1738067400000,
      },
      {
        "accessibility": {
          "audioDescription": true,
        },
        "bookingUrl": "https://www.odeon.co.uk/ticketing/seat-picker/?showtimeId=153-27621",
        "notes": "Wheelchair Accessible: This auditorium has bays for wheelchair users with seats beside them for accompanying guests.",
        "screen": "4",
        "status": {
          "soldOut": false,
        },
        "time": 1738098000000,
      },
      {
        "accessibility": {
          "audioDescription": true,
        },
        "bookingUrl": "https://www.odeon.co.uk/ticketing/seat-picker/?showtimeId=153-27595",
        "notes": "Wheelchair Accessible: This auditorium has bays for wheelchair users with seats beside them for accompanying guests.",
        "screen": "3",
        "status": {
          "soldOut": false,
        },
        "time": 1738240200000,
      },
      {
        "accessibility": {
          "audioDescription": true,
        },
        "bookingUrl": "https://www.odeon.co.uk/ticketing/seat-picker/?showtimeId=153-27603",
        "notes": "Wheelchair Accessible: This auditorium has bays for wheelchair users with seats beside them for accompanying guests.",
        "screen": "4",
        "status": {
          "soldOut": false,
        },
        "time": 1738270800000,
      },
    ],
    "title": "Flight Risk",
    "url": "https://www.odeon.co.uk/films/flight-risk/HO00006162/?siteId=153",
  },
  {
    "overview": {
      "actors": [
        "Seth Rogen",
        "Aaron Pierre",
        "Lennie James",
        "Anika Noni Rose",
        "Kagiso Lediga",
        "Blue Ivy Carter",
        "Thandiwe Newton",
        "Tiffany Boone",
        "Preston Nyman",
        "Keith David",
        "Kelvin Harrison Jr.",
        "Mads Mikkelsen",
        "Beyoncé Knowles-Carter",
        "Billy Eichner",
        "John Kani",
      ],
      "categories": [
        "Animation",
        "Drama",
        "Family",
      ],
      "classification": "PG",
      "directors": [
        "Barry Jenkins",
      ],
      "duration": 7080000,
      "trailer": "https://www.youtube.com/watch?v=g8N7zH9w0XI",
    },
    "performances": [
      {
        "accessibility": {
          "audioDescription": true,
        },
        "bookingUrl": "https://www.odeon.co.uk/ticketing/seat-picker/?showtimeId=153-27505",
        "notes": "Wheelchair Accessible: This auditorium has bays for wheelchair users with seats beside them for accompanying guests.",
        "screen": "3",
        "status": {
          "soldOut": false,
        },
        "time": 1737729900000,
      },
      {
        "accessibility": {
          "audioDescription": true,
        },
        "bookingUrl": "https://www.odeon.co.uk/ticketing/seat-picker/?showtimeId=153-27506",
        "notes": "Wheelchair Accessible: This auditorium has bays for wheelchair users with seats beside them for accompanying guests.",
        "screen": "5",
        "status": {
          "soldOut": false,
        },
        "time": 1737738900000,
      },
      {
        "accessibility": {
          "audioDescription": true,
        },
        "bookingUrl": "https://www.odeon.co.uk/ticketing/seat-picker/?showtimeId=153-27507",
        "notes": "Wheelchair Accessible: This auditorium has bays for wheelchair users with seats beside them for accompanying guests.",
        "screen": "2",
        "status": {
          "soldOut": false,
        },
        "time": 1737750600000,
      },
      {
        "accessibility": {
          "audioDescription": true,
        },
        "bookingUrl": "https://www.odeon.co.uk/ticketing/seat-picker/?showtimeId=153-27490",
        "notes": "Dolby: Dolby Cinema™ combines the most powerful image and sound technologies with inspired design to transform your visit into an unforgettable cinematic event.
Wheelchair Accessible: This auditorium has bays for wheelchair users with seats beside them for accompanying guests.",
        "screen": "1",
        "status": {
          "soldOut": false,
        },
        "time": 1737810000000,
      },
      {
        "accessibility": {
          "audioDescription": true,
        },
        "bookingUrl": "https://www.odeon.co.uk/ticketing/seat-picker/?showtimeId=153-27489",
        "notes": "Wheelchair Accessible: This auditorium has bays for wheelchair users with seats beside them for accompanying guests.",
        "screen": "3",
        "status": {
          "soldOut": false,
        },
        "time": 1737816300000,
      },
      {
        "accessibility": {
          "audioDescription": true,
        },
        "bookingUrl": "https://www.odeon.co.uk/ticketing/seat-picker/?showtimeId=153-27488",
        "notes": "Wheelchair Accessible: This auditorium has bays for wheelchair users with seats beside them for accompanying guests.",
        "screen": "3",
        "status": {
          "soldOut": false,
        },
        "time": 1737826200000,
      },
      {
        "accessibility": {
          "audioDescription": true,
        },
        "bookingUrl": "https://www.odeon.co.uk/ticketing/seat-picker/?showtimeId=153-27487",
        "notes": "Wheelchair Accessible: This auditorium has bays for wheelchair users with seats beside them for accompanying guests.",
        "screen": "3",
        "status": {
          "soldOut": false,
        },
        "time": 1737836100000,
      },
      {
        "accessibility": {
          "audioDescription": true,
        },
        "bookingUrl": "https://www.odeon.co.uk/ticketing/seat-picker/?showtimeId=153-27535",
        "notes": "Dolby: Dolby Cinema™ combines the most powerful image and sound technologies with inspired design to transform your visit into an unforgettable cinematic event.
Wheelchair Accessible: This auditorium has bays for wheelchair users with seats beside them for accompanying guests.",
        "screen": "1",
        "status": {
          "soldOut": false,
        },
        "time": 1737896400000,
      },
      {
        "accessibility": {
          "audioDescription": true,
        },
        "bookingUrl": "https://www.odeon.co.uk/ticketing/seat-picker/?showtimeId=153-27530",
        "notes": "Wheelchair Accessible: This auditorium has bays for wheelchair users with seats beside them for accompanying guests.",
        "screen": "3",
        "status": {
          "soldOut": false,
        },
        "time": 1737902700000,
      },
      {
        "accessibility": {
          "audioDescription": true,
        },
        "bookingUrl": "https://www.odeon.co.uk/ticketing/seat-picker/?showtimeId=153-27543",
        "notes": "Wheelchair Accessible: This auditorium has bays for wheelchair users with seats beside them for accompanying guests.",
        "screen": "3",
        "status": {
          "soldOut": false,
        },
        "time": 1737912600000,
      },
      {
        "accessibility": {
          "audioDescription": true,
        },
        "bookingUrl": "https://www.odeon.co.uk/ticketing/seat-picker/?showtimeId=153-27538",
        "notes": "Wheelchair Accessible: This auditorium has bays for wheelchair users with seats beside them for accompanying guests.",
        "screen": "5",
        "status": {
          "soldOut": false,
        },
        "time": 1737920700000,
      },
      {
        "accessibility": {
          "audioDescription": true,
        },
        "bookingUrl": "https://www.odeon.co.uk/ticketing/seat-picker/?showtimeId=153-27635",
        "notes": "Saver
Wheelchair Accessible: This auditorium has bays for wheelchair users with seats beside them for accompanying guests.",
        "screen": "3",
        "status": {
          "soldOut": false,
        },
        "time": 1737989100000,
      },
      {
        "accessibility": {
          "audioDescription": true,
        },
        "bookingUrl": "https://www.odeon.co.uk/ticketing/seat-picker/?showtimeId=153-27640",
        "notes": "Saver
Wheelchair Accessible: This auditorium has bays for wheelchair users with seats beside them for accompanying guests.",
        "screen": "3",
        "status": {
          "soldOut": false,
        },
        "time": 1737999000000,
      },
      {
        "accessibility": {
          "audioDescription": true,
        },
        "bookingUrl": "https://www.odeon.co.uk/ticketing/seat-picker/?showtimeId=153-27616",
        "notes": "Wheelchair Accessible: This auditorium has bays for wheelchair users with seats beside them for accompanying guests.",
        "screen": "3",
        "status": {
          "soldOut": false,
        },
        "time": 1738075500000,
      },
      {
        "accessibility": {
          "audioDescription": true,
        },
        "bookingUrl": "https://www.odeon.co.uk/ticketing/seat-picker/?showtimeId=153-27622",
        "notes": "Wheelchair Accessible: This auditorium has bays for wheelchair users with seats beside them for accompanying guests.",
        "screen": "3",
        "status": {
          "soldOut": false,
        },
        "time": 1738085400000,
      },
      {
        "accessibility": {
          "audioDescription": true,
        },
        "bookingUrl": "https://www.odeon.co.uk/ticketing/seat-picker/?showtimeId=153-27587",
        "notes": "Wheelchair Accessible: This auditorium has bays for wheelchair users with seats beside them for accompanying guests.",
        "screen": "3",
        "status": {
          "soldOut": false,
        },
        "time": 1738248300000,
      },
      {
        "accessibility": {
          "audioDescription": true,
        },
        "bookingUrl": "https://www.odeon.co.uk/ticketing/seat-picker/?showtimeId=153-27601",
        "notes": "Wheelchair Accessible: This auditorium has bays for wheelchair users with seats beside them for accompanying guests.",
        "screen": "3",
        "status": {
          "soldOut": false,
        },
        "time": 1738258200000,
      },
    ],
    "title": "Mufasa: The Lion King",
    "url": "https://www.odeon.co.uk/films/mufasa-the-lion-king/HO00005774/?siteId=153",
  },
  {
    "overview": {
      "actors": [
        "Aaron Taylor-Johnson",
        "Lily-Rose Depp",
        "Bill Skarsgård",
        "Emma Corrin",
        "Ralph Ineson",
        "Willem Dafoe",
        "Nicholas Hoult",
        "Simon McBurney",
      ],
      "categories": [
        "Drama",
        "Fantasy",
        "Horror",
      ],
      "classification": "15",
      "directors": [
        "Robert Eggers",
      ],
      "duration": 7920000,
      "trailer": "https://www.youtube.com/watch?v=Px6S0RxfAHg",
    },
    "performances": [
      {
        "accessibility": {
          "audioDescription": true,
        },
        "bookingUrl": "https://www.odeon.co.uk/ticketing/seat-picker/?showtimeId=153-27516",
        "notes": "Wheelchair Accessible: This auditorium has bays for wheelchair users with seats beside them for accompanying guests.",
        "screen": "4",
        "status": {
          "soldOut": false,
        },
        "time": 1737730800000,
      },
      {
        "accessibility": {
          "audioDescription": true,
        },
        "bookingUrl": "https://www.odeon.co.uk/ticketing/seat-picker/?showtimeId=153-27503",
        "notes": "Wheelchair Accessible: This auditorium has bays for wheelchair users with seats beside them for accompanying guests.",
        "screen": "4",
        "status": {
          "soldOut": false,
        },
        "time": 1737741600000,
      },
      {
        "accessibility": {
          "audioDescription": true,
        },
        "bookingUrl": "https://www.odeon.co.uk/ticketing/seat-picker/?showtimeId=153-27511",
        "notes": "Wheelchair Accessible: This auditorium has bays for wheelchair users with seats beside them for accompanying guests.",
        "screen": "5",
        "status": {
          "soldOut": false,
        },
        "time": 1737748800000,
      },
      {
        "accessibility": {
          "audioDescription": true,
        },
        "bookingUrl": "https://www.odeon.co.uk/ticketing/seat-picker/?showtimeId=153-27493",
        "notes": "Wheelchair Accessible: This auditorium has bays for wheelchair users with seats beside them for accompanying guests.",
        "screen": "4",
        "status": {
          "soldOut": false,
        },
        "time": 1737817200000,
      },
      {
        "accessibility": {
          "audioDescription": true,
        },
        "bookingUrl": "https://www.odeon.co.uk/ticketing/seat-picker/?showtimeId=153-27491",
        "notes": "Wheelchair Accessible: This auditorium has bays for wheelchair users with seats beside them for accompanying guests.",
        "screen": "4",
        "status": {
          "soldOut": false,
        },
        "time": 1737828000000,
      },
      {
        "accessibility": {
          "audioDescription": true,
        },
        "bookingUrl": "https://www.odeon.co.uk/ticketing/seat-picker/?showtimeId=153-27498",
        "notes": "Wheelchair Accessible: This auditorium has bays for wheelchair users with seats beside them for accompanying guests.",
        "screen": "5",
        "status": {
          "soldOut": false,
        },
        "time": 1737834300000,
      },
      {
        "accessibility": {
          "audioDescription": true,
        },
        "bookingUrl": "https://www.odeon.co.uk/ticketing/seat-picker/?showtimeId=153-27529",
        "notes": "Wheelchair Accessible: This auditorium has bays for wheelchair users with seats beside them for accompanying guests.",
        "screen": "4",
        "status": {
          "soldOut": false,
        },
        "time": 1737894600000,
      },
      {
        "accessibility": {
          "audioDescription": true,
        },
        "bookingUrl": "https://www.odeon.co.uk/ticketing/seat-picker/?showtimeId=153-27541",
        "notes": "Wheelchair Accessible: This auditorium has bays for wheelchair users with seats beside them for accompanying guests.",
        "screen": "4",
        "status": {
          "soldOut": false,
        },
        "time": 1737914400000,
      },
      {
        "accessibility": {
          "audioDescription": true,
        },
        "bookingUrl": "https://www.odeon.co.uk/ticketing/seat-picker/?showtimeId=153-27539",
        "notes": "Wheelchair Accessible: This auditorium has bays for wheelchair users with seats beside them for accompanying guests.",
        "screen": "3",
        "status": {
          "soldOut": false,
        },
        "time": 1737922500000,
      },
      {
        "accessibility": {
          "audioDescription": true,
        },
        "bookingUrl": "https://www.odeon.co.uk/ticketing/seat-picker/?showtimeId=153-27633",
        "notes": "Saver
Wheelchair Accessible: This auditorium has bays for wheelchair users with seats beside them for accompanying guests.",
        "screen": "4",
        "status": {
          "soldOut": false,
        },
        "time": 1737990000000,
      },
      {
        "accessibility": {
          "audioDescription": true,
        },
        "bookingUrl": "https://www.odeon.co.uk/ticketing/seat-picker/?showtimeId=153-27642",
        "notes": "Saver
Wheelchair Accessible: This auditorium has bays for wheelchair users with seats beside them for accompanying guests.",
        "screen": "4",
        "status": {
          "soldOut": false,
        },
        "time": 1738000800000,
      },
      {
        "accessibility": {
          "audioDescription": true,
        },
        "bookingUrl": "https://www.odeon.co.uk/ticketing/seat-picker/?showtimeId=153-27637",
        "notes": "Saver
Wheelchair Accessible: This auditorium has bays for wheelchair users with seats beside them for accompanying guests.",
        "screen": "2",
        "status": {
          "soldOut": false,
        },
        "time": 1738009800000,
      },
      {
        "accessibility": {
          "audioDescription": true,
        },
        "bookingUrl": "https://www.odeon.co.uk/ticketing/seat-picker/?showtimeId=153-27614",
        "notes": "Wheelchair Accessible: This auditorium has bays for wheelchair users with seats beside them for accompanying guests.",
        "screen": "4",
        "status": {
          "soldOut": false,
        },
        "time": 1738076400000,
      },
      {
        "accessibility": {
          "audioDescription": true,
        },
        "bookingUrl": "https://www.odeon.co.uk/ticketing/seat-picker/?showtimeId=153-27624",
        "notes": "Wheelchair Accessible: This auditorium has bays for wheelchair users with seats beside them for accompanying guests.",
        "screen": "4",
        "status": {
          "soldOut": false,
        },
        "time": 1738087200000,
      },
      {
        "accessibility": {
          "audioDescription": true,
        },
        "bookingUrl": "https://www.odeon.co.uk/ticketing/seat-picker/?showtimeId=153-27618",
        "notes": "Wheelchair Accessible: This auditorium has bays for wheelchair users with seats beside them for accompanying guests.",
        "screen": "2",
        "status": {
          "soldOut": false,
        },
        "time": 1738096200000,
      },
      {
        "accessibility": {
          "audioDescription": true,
        },
        "bookingUrl": "https://www.odeon.co.uk/ticketing/seat-picker/?showtimeId=153-27589",
        "notes": "Wheelchair Accessible: This auditorium has bays for wheelchair users with seats beside them for accompanying guests.",
        "screen": "4",
        "status": {
          "soldOut": false,
        },
        "time": 1738249200000,
      },
      {
        "accessibility": {
          "audioDescription": true,
        },
        "bookingUrl": "https://www.odeon.co.uk/ticketing/seat-picker/?showtimeId=153-27598",
        "notes": "Wheelchair Accessible: This auditorium has bays for wheelchair users with seats beside them for accompanying guests.",
        "screen": "4",
        "status": {
          "soldOut": false,
        },
        "time": 1738260000000,
      },
      {
        "accessibility": {
          "audioDescription": true,
        },
        "bookingUrl": "https://www.odeon.co.uk/ticketing/seat-picker/?showtimeId=153-27608",
        "notes": "Wheelchair Accessible: This auditorium has bays for wheelchair users with seats beside them for accompanying guests.",
        "screen": "2",
        "status": {
          "soldOut": false,
        },
        "time": 1738269000000,
      },
    ],
    "title": "Nosferatu",
    "url": "https://www.odeon.co.uk/films/nosferatu/HO00006545/?siteId=153",
  },
  {
    "overview": {
      "actors": [
        "Hugh Bonneville",
        "Julie Walters",
        "Madeleine Harris",
        "Samuel Joslin",
        "Carla Tous",
        "Imelda Staunton",
        "Olivia Colman",
        "Ben Whishaw",
        "Jim Broadbent",
        "Antonio Banderas",
        "Emily Mortimer",
      ],
      "categories": [
        "Comedy",
        "Family",
      ],
      "classification": "PG",
      "directors": [
        "Dougal Wilson",
      ],
      "duration": 6300000,
    },
    "performances": [
      {
        "accessibility": {
          "audioDescription": true,
        },
        "bookingUrl": "https://www.odeon.co.uk/ticketing/seat-picker/?showtimeId=153-27546",
        "notes": "Wheelchair Accessible: This auditorium has bays for wheelchair users with seats beside them for accompanying guests.",
        "screen": "5",
        "status": {
          "soldOut": false,
        },
        "time": 1737720000000,
      },
      {
        "accessibility": {
          "audioDescription": true,
        },
        "bookingUrl": "https://www.odeon.co.uk/ticketing/seat-picker/?showtimeId=153-27515",
        "notes": "Wheelchair Accessible: This auditorium has bays for wheelchair users with seats beside them for accompanying guests.",
        "screen": "5",
        "status": {
          "soldOut": false,
        },
        "time": 1737729000000,
      },
      {
        "accessibility": {
          "audioDescription": true,
        },
        "bookingUrl": "https://www.odeon.co.uk/ticketing/seat-picker/?showtimeId=153-27494",
        "notes": "Wheelchair Accessible: This auditorium has bays for wheelchair users with seats beside them for accompanying guests.",
        "screen": "2",
        "status": {
          "soldOut": false,
        },
        "time": 1737803700000,
      },
      {
        "accessibility": {
          "audioDescription": true,
        },
        "bookingUrl": "https://www.odeon.co.uk/ticketing/seat-picker/?showtimeId=153-27496",
        "notes": "Wheelchair Accessible: This auditorium has bays for wheelchair users with seats beside them for accompanying guests.",
        "screen": "4",
        "status": {
          "soldOut": false,
        },
        "time": 1737808200000,
      },
      {
        "accessibility": {
          "audioDescription": true,
        },
        "bookingUrl": "https://www.odeon.co.uk/ticketing/seat-picker/?showtimeId=153-27528",
        "notes": "Wheelchair Accessible: This auditorium has bays for wheelchair users with seats beside them for accompanying guests.",
        "screen": "2",
        "status": {
          "soldOut": false,
        },
        "time": 1737890100000,
      },
      {
        "accessibility": {
          "audioDescription": true,
        },
        "bookingUrl": "https://www.odeon.co.uk/ticketing/seat-picker/?showtimeId=153-27532",
        "notes": "Wheelchair Accessible: This auditorium has bays for wheelchair users with seats beside them for accompanying guests.",
        "screen": "4",
        "status": {
          "soldOut": false,
        },
        "time": 1737905400000,
      },
      {
        "accessibility": {
          "audioDescription": true,
        },
        "bookingUrl": "https://www.odeon.co.uk/ticketing/seat-picker/?showtimeId=153-27643",
        "notes": "Saver
Wheelchair Accessible: This auditorium has bays for wheelchair users with seats beside them for accompanying guests.",
        "screen": "5",
        "status": {
          "soldOut": false,
        },
        "time": 1737979200000,
      },
      {
        "accessibility": {
          "audioDescription": true,
        },
        "bookingUrl": "https://www.odeon.co.uk/ticketing/seat-picker/?showtimeId=153-27634",
        "notes": "Saver
Wheelchair Accessible: This auditorium has bays for wheelchair users with seats beside them for accompanying guests.",
        "screen": "5",
        "status": {
          "soldOut": false,
        },
        "time": 1737988200000,
      },
      {
        "accessibility": {
          "audioDescription": true,
        },
        "bookingUrl": "https://www.odeon.co.uk/ticketing/seat-picker/?showtimeId=153-27648",
        "notes": "Saver
Wheelchair Accessible: This auditorium has bays for wheelchair users with seats beside them for accompanying guests.",
        "screen": "5",
        "status": {
          "soldOut": false,
        },
        "time": 1737998100000,
      },
      {
        "accessibility": {
          "audioDescription": true,
        },
        "bookingUrl": "https://www.odeon.co.uk/ticketing/seat-picker/?showtimeId=153-27625",
        "notes": "Wheelchair Accessible: This auditorium has bays for wheelchair users with seats beside them for accompanying guests.",
        "screen": "5",
        "status": {
          "soldOut": false,
        },
        "time": 1738065600000,
      },
      {
        "accessibility": {
          "audioDescription": true,
        },
        "bookingUrl": "https://www.odeon.co.uk/ticketing/seat-picker/?showtimeId=153-27615",
        "notes": "Wheelchair Accessible: This auditorium has bays for wheelchair users with seats beside them for accompanying guests.",
        "screen": "5",
        "status": {
          "soldOut": false,
        },
        "time": 1738074600000,
      },
      {
        "accessibility": {
          "audioDescription": true,
        },
        "bookingUrl": "https://www.odeon.co.uk/ticketing/seat-picker/?showtimeId=153-27647",
        "notes": "Wheelchair Accessible: This auditorium has bays for wheelchair users with seats beside them for accompanying guests.",
        "screen": "5",
        "status": {
          "soldOut": false,
        },
        "time": 1738084500000,
      },
      {
        "accessibility": {
          "audioDescription": true,
        },
        "bookingUrl": "https://www.odeon.co.uk/ticketing/seat-picker/?showtimeId=153-27597",
        "notes": "Wheelchair Accessible: This auditorium has bays for wheelchair users with seats beside them for accompanying guests.",
        "screen": "5",
        "status": {
          "soldOut": false,
        },
        "time": 1738238400000,
      },
      {
        "accessibility": {
          "audioDescription": true,
        },
        "bookingUrl": "https://www.odeon.co.uk/ticketing/seat-picker/?showtimeId=153-27588",
        "notes": "Wheelchair Accessible: This auditorium has bays for wheelchair users with seats beside them for accompanying guests.",
        "screen": "5",
        "status": {
          "soldOut": false,
        },
        "time": 1738247400000,
      },
      {
        "accessibility": {
          "audioDescription": true,
        },
        "bookingUrl": "https://www.odeon.co.uk/ticketing/seat-picker/?showtimeId=153-27646",
        "notes": "Wheelchair Accessible: This auditorium has bays for wheelchair users with seats beside them for accompanying guests.",
        "screen": "5",
        "status": {
          "soldOut": false,
        },
        "time": 1738257300000,
      },
    ],
    "title": "Paddington in Peru",
    "url": "https://www.odeon.co.uk/films/paddington-in-peru/HO00005591/?siteId=153",
  },
  {
    "overview": {
      "actors": [
        "Tika Sumpter",
        "Jim Carrey",
        "James Marsden",
        "Adam Pally",
        "Ben Schwartz",
        "Natasha Rothwell",
        "Shemar Moore",
        "Colleen O'Shaughnessey",
        "James Wolk",
        "Alyla Browne",
        "Krysten Ritter",
        "Lee Majdoub",
        "Idris Elba",
        "Keanu Reeves",
      ],
      "categories": [
        "Action",
        "Animation",
        "Family",
      ],
      "classification": "PG",
      "directors": [
        "Jeff Fowler",
      ],
      "duration": 6600000,
      "trailer": "https://www.youtube.com/watch?v=w0Eya8mcpuU",
    },
    "performances": [
      {
        "accessibility": {
          "audioDescription": true,
        },
        "bookingUrl": "https://www.odeon.co.uk/ticketing/seat-picker/?showtimeId=153-27497",
        "notes": "Flash Warning: This title has been issued a Guest Warning by the BBFC - it contains a sequence of flashing lights which might affect customers who are susceptible to photosensitive epilepsy.
Wheelchair Accessible: This auditorium has bays for wheelchair users with seats beside them for accompanying guests.",
        "screen": "5",
        "status": {
          "soldOut": false,
        },
        "time": 1737802800000,
      },
      {
        "accessibility": {
          "audioDescription": true,
        },
        "bookingUrl": "https://www.odeon.co.uk/ticketing/seat-picker/?showtimeId=153-27521",
        "notes": "Flash Warning: This title has been issued a Guest Warning by the BBFC - it contains a sequence of flashing lights which might affect customers who are susceptible to photosensitive epilepsy.
Wheelchair Accessible: This auditorium has bays for wheelchair users with seats beside them for accompanying guests.",
        "screen": "3",
        "status": {
          "soldOut": false,
        },
        "time": 1737806400000,
      },
      {
        "accessibility": {
          "audioDescription": true,
        },
        "bookingUrl": "https://www.odeon.co.uk/ticketing/seat-picker/?showtimeId=153-27534",
        "notes": "Flash Warning: This title has been issued a Guest Warning by the BBFC - it contains a sequence of flashing lights which might affect customers who are susceptible to photosensitive epilepsy.
Wheelchair Accessible: This auditorium has bays for wheelchair users with seats beside them for accompanying guests.",
        "screen": "5",
        "status": {
          "soldOut": false,
        },
        "time": 1737889200000,
      },
      {
        "accessibility": {
          "audioDescription": true,
        },
        "bookingUrl": "https://www.odeon.co.uk/ticketing/seat-picker/?showtimeId=153-27545",
        "notes": "Flash Warning: This title has been issued a Guest Warning by the BBFC - it contains a sequence of flashing lights which might affect customers who are susceptible to photosensitive epilepsy.
Wheelchair Accessible: This auditorium has bays for wheelchair users with seats beside them for accompanying guests.",
        "screen": "3",
        "status": {
          "soldOut": false,
        },
        "time": 1737892800000,
      },
    ],
    "title": "Sonic the Hedgehog 3",
    "url": "https://www.odeon.co.uk/films/sonic-the-hedgehog-3/HO00006278/?siteId=153",
  },
  {
    "overview": {
      "actors": [
        "Jeff Goldblum",
        "Keala Settle",
        "Bowen Yang",
        "Ariana Grande",
        "Marissa Bode",
        "Jonathan Bailey",
        "Bronwyn James",
        "Ethan Slater",
        "Peter Dinklage",
        "Michelle Yeoh",
        "Cynthia Erivo",
      ],
      "categories": [
        "Fantasy",
        "Musical ",
        "Romance",
      ],
      "classification": "PG",
      "directors": [
        "Jon M. Chu",
      ],
      "duration": 9660000,
      "trailer": "https://www.youtube.com/watch?v=OlwRRxY5VHo",
    },
    "performances": [
      {
        "accessibility": {
          "audioDescription": true,
        },
        "bookingUrl": "https://www.odeon.co.uk/ticketing/seat-picker/?showtimeId=153-27501",
        "notes": "Wheelchair Accessible: This auditorium has bays for wheelchair users with seats beside them for accompanying guests.",
        "screen": "2",
        "status": {
          "soldOut": false,
        },
        "time": 1737824400000,
      },
      {
        "accessibility": {
          "audioDescription": true,
        },
        "bookingUrl": "https://www.odeon.co.uk/ticketing/seat-picker/?showtimeId=153-27531",
        "notes": "Wheelchair Accessible: This auditorium has bays for wheelchair users with seats beside them for accompanying guests.",
        "screen": "2",
        "status": {
          "soldOut": false,
        },
        "time": 1737910800000,
      },
    ],
    "title": "Wicked",
    "url": "https://www.odeon.co.uk/films/wicked/HO00005779/?siteId=153",
  },
]
`;
