// Jest Snapshot v1, https://goo.gl/fbAQLP

exports[`ODEON Luxe West End retrieve and transform 1`] = `
[
  {
    "category": "event",
    "overview": {
      "actors": [
        "Emily Watson",
        "Paul Mescal",
        "Joe Alwyn",
        "Jessie Buckley",
      ],
      "categories": [
        "Biography",
      ],
      "classification": "12A",
      "directors": [
        "Chloé Zhao",
      ],
      "duration": 7560000,
    },
    "performances": [
      {
        "accessibility": {
          "audioDescription": true,
        },
        "bookingUrl": "https://www.odeon.co.uk/ticketing/seat-picker/?showtimeId=155-12479",
        "notes": "Laser
Wheelchair Accessible: This auditorium has bays for wheelchair users with seats beside them for accompanying guests.",
        "screen": "2",
        "status": {
          "soldOut": false,
        },
        "time": 1769715900000,
      },
      {
        "accessibility": {
          "audioDescription": true,
        },
        "bookingUrl": "https://www.odeon.co.uk/ticketing/seat-picker/?showtimeId=155-12539",
        "notes": "Laser
Wheelchair Accessible: This auditorium has bays for wheelchair users with seats beside them for accompanying guests.",
        "screen": "2",
        "status": {
          "soldOut": false,
        },
        "time": 1769793300000,
      },
      {
        "accessibility": {
          "audioDescription": true,
        },
        "bookingUrl": "https://www.odeon.co.uk/ticketing/seat-picker/?showtimeId=155-12510",
        "notes": "Laser
Wheelchair Accessible: This auditorium has bays for wheelchair users with seats beside them for accompanying guests.",
        "screen": "2",
        "status": {
          "soldOut": false,
        },
        "time": 1769857200000,
      },
      {
        "accessibility": {
          "audioDescription": true,
        },
        "bookingUrl": "https://www.odeon.co.uk/ticketing/seat-picker/?showtimeId=155-12509",
        "notes": "Dolby: Dolby Cinema™ combines the most powerful image and sound technologies with inspired design to transform your visit into an unforgettable cinematic event.
Wheelchair Accessible: This auditorium has bays for wheelchair users with seats beside them for accompanying guests.",
        "screen": "1",
        "status": {
          "soldOut": false,
        },
        "time": 1769871000000,
      },
      {
        "accessibility": {
          "audioDescription": true,
        },
        "bookingUrl": "https://www.odeon.co.uk/ticketing/seat-picker/?showtimeId=155-12492",
        "notes": "Laser
Wheelchair Accessible: This auditorium has bays for wheelchair users with seats beside them for accompanying guests.",
        "screen": "2",
        "status": {
          "soldOut": false,
        },
        "time": 1769879700000,
      },
      {
        "accessibility": {
          "audioDescription": true,
        },
        "bookingUrl": "https://www.odeon.co.uk/ticketing/seat-picker/?showtimeId=155-12515",
        "notes": "Laser
Wheelchair Accessible: This auditorium has bays for wheelchair users with seats beside them for accompanying guests.",
        "screen": "2",
        "status": {
          "soldOut": false,
        },
        "time": 1769943600000,
      },
      {
        "accessibility": {
          "audioDescription": true,
        },
        "bookingUrl": "https://www.odeon.co.uk/ticketing/seat-picker/?showtimeId=155-12516",
        "notes": "Dolby: Dolby Cinema™ combines the most powerful image and sound technologies with inspired design to transform your visit into an unforgettable cinematic event.
Wheelchair Accessible: This auditorium has bays for wheelchair users with seats beside them for accompanying guests.",
        "screen": "1",
        "status": {
          "soldOut": false,
        },
        "time": 1769957400000,
      },
      {
        "accessibility": {
          "audioDescription": true,
        },
        "bookingUrl": "https://www.odeon.co.uk/ticketing/seat-picker/?showtimeId=155-12513",
        "notes": "Laser
Wheelchair Accessible: This auditorium has bays for wheelchair users with seats beside them for accompanying guests.",
        "screen": "2",
        "status": {
          "soldOut": false,
        },
        "time": 1769966100000,
      },
      {
        "accessibility": {
          "audioDescription": true,
        },
        "bookingUrl": "https://www.odeon.co.uk/ticketing/seat-picker/?showtimeId=155-12505",
        "notes": "Laser
Saver
Wheelchair Accessible: This auditorium has bays for wheelchair users with seats beside them for accompanying guests.",
        "screen": "2",
        "status": {
          "soldOut": false,
        },
        "time": 1770041700000,
      },
      {
        "accessibility": {
          "audioDescription": true,
        },
        "bookingUrl": "https://www.odeon.co.uk/ticketing/seat-picker/?showtimeId=155-12503",
        "notes": "Dolby: Dolby Cinema™ combines the most powerful image and sound technologies with inspired design to transform your visit into an unforgettable cinematic event.
Saver
Wheelchair Accessible: This auditorium has bays for wheelchair users with seats beside them for accompanying guests.",
        "screen": "1",
        "status": {
          "soldOut": false,
        },
        "time": 1770055200000,
      },
      {
        "accessibility": {
          "audioDescription": true,
          "hardOfHearing": true,
          "subtitled": true,
        },
        "bookingUrl": "https://www.odeon.co.uk/ticketing/seat-picker/?showtimeId=155-12524",
        "notes": "Laser
Wheelchair Accessible: This auditorium has bays for wheelchair users with seats beside them for accompanying guests.",
        "screen": "2",
        "status": {
          "soldOut": false,
        },
        "time": 1770128100000,
      },
      {
        "accessibility": {
          "audioDescription": true,
        },
        "bookingUrl": "https://www.odeon.co.uk/ticketing/seat-picker/?showtimeId=155-12521",
        "notes": "Dolby: Dolby Cinema™ combines the most powerful image and sound technologies with inspired design to transform your visit into an unforgettable cinematic event.
Wheelchair Accessible: This auditorium has bays for wheelchair users with seats beside them for accompanying guests.",
        "screen": "1",
        "status": {
          "soldOut": false,
        },
        "time": 1770141600000,
      },
      {
        "accessibility": {
          "audioDescription": true,
        },
        "bookingUrl": "https://www.odeon.co.uk/ticketing/seat-picker/?showtimeId=155-12530",
        "notes": "Laser
Wheelchair Accessible: This auditorium has bays for wheelchair users with seats beside them for accompanying guests.",
        "screen": "2",
        "status": {
          "soldOut": false,
        },
        "time": 1770214500000,
      },
      {
        "accessibility": {
          "audioDescription": true,
        },
        "bookingUrl": "https://www.odeon.co.uk/ticketing/seat-picker/?showtimeId=155-12527",
        "notes": "Dolby: Dolby Cinema™ combines the most powerful image and sound technologies with inspired design to transform your visit into an unforgettable cinematic event.
Wheelchair Accessible: This auditorium has bays for wheelchair users with seats beside them for accompanying guests.",
        "screen": "1",
        "status": {
          "soldOut": false,
        },
        "time": 1770228000000,
      },
    ],
    "showingId": "odeon.co.uk-west-end-HO00008080",
    "title": "Hamnet",
    "url": "https://www.odeon.co.uk/films/hamnet/HO00008080/?siteId=155",
  },
  {
    "category": "event",
    "overview": {
      "actors": [
        "Sandra Bernhard",
        "Gwyneth Paltrow",
        "Odessa A’zion",
        "Kevin O’Leary",
        "Tyler Okonma",
        "Abel Ferrara",
        "Fran Drescher",
        "Timothée Chalamet",
      ],
      "categories": [
        "Drama",
      ],
      "classification": "15",
      "directors": [
        "Josh Safdie",
      ],
      "duration": 9000000,
      "trailer": "https://www.youtube.com/watch?v=s9gSuKaKcqM",
    },
    "performances": [
      {
        "accessibility": {
          "audioDescription": true,
        },
        "bookingUrl": "https://www.odeon.co.uk/ticketing/seat-picker/?showtimeId=155-12477",
        "notes": "Dolby: Dolby Cinema™ combines the most powerful image and sound technologies with inspired design to transform your visit into an unforgettable cinematic event.
Wheelchair Accessible: This auditorium has bays for wheelchair users with seats beside them for accompanying guests.",
        "screen": "1",
        "status": {
          "soldOut": false,
        },
        "time": 1769713200000,
      },
      {
        "accessibility": {
          "audioDescription": true,
          "hardOfHearing": true,
          "subtitled": true,
        },
        "bookingUrl": "https://www.odeon.co.uk/ticketing/seat-picker/?showtimeId=155-12538",
        "notes": "Laser
Wheelchair Accessible: This auditorium has bays for wheelchair users with seats beside them for accompanying guests.",
        "screen": "2",
        "status": {
          "soldOut": false,
        },
        "time": 1769780400000,
      },
      {
        "accessibility": {
          "audioDescription": true,
        },
        "bookingUrl": "https://www.odeon.co.uk/ticketing/seat-picker/?showtimeId=155-12540",
        "notes": "Laser
Wheelchair Accessible: This auditorium has bays for wheelchair users with seats beside them for accompanying guests.",
        "screen": "2",
        "status": {
          "soldOut": false,
        },
        "time": 1769804100000,
      },
      {
        "accessibility": {
          "audioDescription": true,
        },
        "bookingUrl": "https://www.odeon.co.uk/ticketing/seat-picker/?showtimeId=155-12493",
        "notes": "Laser
Wheelchair Accessible: This auditorium has bays for wheelchair users with seats beside them for accompanying guests.",
        "screen": "2",
        "status": {
          "soldOut": false,
        },
        "time": 1769868000000,
      },
      {
        "accessibility": {
          "audioDescription": true,
        },
        "bookingUrl": "https://www.odeon.co.uk/ticketing/seat-picker/?showtimeId=155-12491",
        "notes": "Dolby: Dolby Cinema™ combines the most powerful image and sound technologies with inspired design to transform your visit into an unforgettable cinematic event.
Wheelchair Accessible: This auditorium has bays for wheelchair users with seats beside them for accompanying guests.",
        "screen": "1",
        "status": {
          "soldOut": false,
        },
        "time": 1769881800000,
      },
      {
        "accessibility": {
          "audioDescription": true,
        },
        "bookingUrl": "https://www.odeon.co.uk/ticketing/seat-picker/?showtimeId=155-12490",
        "notes": "Laser
Wheelchair Accessible: This auditorium has bays for wheelchair users with seats beside them for accompanying guests.",
        "screen": "2",
        "status": {
          "soldOut": false,
        },
        "time": 1769890500000,
      },
      {
        "accessibility": {
          "audioDescription": true,
        },
        "bookingUrl": "https://www.odeon.co.uk/ticketing/seat-picker/?showtimeId=155-12514",
        "notes": "Laser
Wheelchair Accessible: This auditorium has bays for wheelchair users with seats beside them for accompanying guests.",
        "screen": "2",
        "status": {
          "soldOut": false,
        },
        "time": 1769954400000,
      },
      {
        "accessibility": {
          "audioDescription": true,
        },
        "bookingUrl": "https://www.odeon.co.uk/ticketing/seat-picker/?showtimeId=155-12511",
        "notes": "Dolby: Dolby Cinema™ combines the most powerful image and sound technologies with inspired design to transform your visit into an unforgettable cinematic event.
Wheelchair Accessible: This auditorium has bays for wheelchair users with seats beside them for accompanying guests.",
        "screen": "1",
        "status": {
          "soldOut": false,
        },
        "time": 1769968200000,
      },
      {
        "accessibility": {
          "audioDescription": true,
        },
        "bookingUrl": "https://www.odeon.co.uk/ticketing/seat-picker/?showtimeId=155-12518",
        "notes": "Laser
Wheelchair Accessible: This auditorium has bays for wheelchair users with seats beside them for accompanying guests.",
        "screen": "2",
        "status": {
          "soldOut": false,
        },
        "time": 1769976900000,
      },
      {
        "accessibility": {
          "audioDescription": true,
        },
        "bookingUrl": "https://www.odeon.co.uk/ticketing/seat-picker/?showtimeId=155-12506",
        "notes": "Laser
Saver
Wheelchair Accessible: This auditorium has bays for wheelchair users with seats beside them for accompanying guests.",
        "screen": "2",
        "status": {
          "soldOut": false,
        },
        "time": 1770052200000,
      },
      {
        "accessibility": {
          "audioDescription": true,
        },
        "bookingUrl": "https://www.odeon.co.uk/ticketing/seat-picker/?showtimeId=155-12507",
        "notes": "Laser
Saver
Wheelchair Accessible: This auditorium has bays for wheelchair users with seats beside them for accompanying guests.",
        "screen": "2",
        "status": {
          "soldOut": false,
        },
        "time": 1770063600000,
      },
      {
        "accessibility": {
          "audioDescription": true,
        },
        "bookingUrl": "https://www.odeon.co.uk/ticketing/seat-picker/?showtimeId=155-12522",
        "notes": "Laser
Wheelchair Accessible: This auditorium has bays for wheelchair users with seats beside them for accompanying guests.",
        "screen": "2",
        "status": {
          "soldOut": false,
        },
        "time": 1770138600000,
      },
      {
        "accessibility": {
          "audioDescription": true,
        },
        "bookingUrl": "https://www.odeon.co.uk/ticketing/seat-picker/?showtimeId=155-12520",
        "notes": "Laser
Wheelchair Accessible: This auditorium has bays for wheelchair users with seats beside them for accompanying guests.",
        "screen": "2",
        "status": {
          "soldOut": false,
        },
        "time": 1770150000000,
      },
      {
        "accessibility": {
          "audioDescription": true,
        },
        "bookingUrl": "https://www.odeon.co.uk/ticketing/seat-picker/?showtimeId=155-12528",
        "notes": "Laser
Wheelchair Accessible: This auditorium has bays for wheelchair users with seats beside them for accompanying guests.",
        "screen": "2",
        "status": {
          "soldOut": false,
        },
        "time": 1770225000000,
      },
      {
        "accessibility": {
          "audioDescription": true,
        },
        "bookingUrl": "https://www.odeon.co.uk/ticketing/seat-picker/?showtimeId=155-12526",
        "notes": "Laser
Wheelchair Accessible: This auditorium has bays for wheelchair users with seats beside them for accompanying guests.",
        "screen": "2",
        "status": {
          "soldOut": false,
        },
        "time": 1770236400000,
      },
    ],
    "showingId": "odeon.co.uk-west-end-HO00008101",
    "title": "Marty Supreme",
    "url": "https://www.odeon.co.uk/films/marty-supreme/HO00008101/?siteId=155",
  },
  {
    "category": "event",
    "overview": {
      "actors": [
        "Daniel Mays",
        "Naomi Ackie",
        "Bodhi Rae Breathnach",
        "Bill Nighy",
        "Jason Statham",
      ],
      "categories": [
        "Action",
        "Crime",
        "Thriller",
      ],
      "classification": "15",
      "directors": [
        "Ric Roman Waugh",
      ],
      "duration": 6420000,
    },
    "performances": [
      {
        "accessibility": {},
        "bookingUrl": "https://www.odeon.co.uk/ticketing/seat-picker/?showtimeId=155-12537",
        "notes": "Dolby: Dolby Cinema™ combines the most powerful image and sound technologies with inspired design to transform your visit into an unforgettable cinematic event.
Wheelchair Accessible: This auditorium has bays for wheelchair users with seats beside them for accompanying guests.",
        "screen": "1",
        "status": {
          "soldOut": false,
        },
        "time": 1769781600000,
      },
      {
        "accessibility": {},
        "bookingUrl": "https://www.odeon.co.uk/ticketing/seat-picker/?showtimeId=155-12489",
        "notes": "Dolby: Dolby Cinema™ combines the most powerful image and sound technologies with inspired design to transform your visit into an unforgettable cinematic event.
Wheelchair Accessible: This auditorium has bays for wheelchair users with seats beside them for accompanying guests.",
        "screen": "1",
        "status": {
          "soldOut": false,
        },
        "time": 1769860800000,
      },
      {
        "accessibility": {},
        "bookingUrl": "https://www.odeon.co.uk/ticketing/seat-picker/?showtimeId=155-12487",
        "notes": "Dolby: Dolby Cinema™ combines the most powerful image and sound technologies with inspired design to transform your visit into an unforgettable cinematic event.
Wheelchair Accessible: This auditorium has bays for wheelchair users with seats beside them for accompanying guests.",
        "screen": "1",
        "status": {
          "soldOut": false,
        },
        "time": 1769894100000,
      },
      {
        "accessibility": {},
        "bookingUrl": "https://www.odeon.co.uk/ticketing/seat-picker/?showtimeId=155-12512",
        "notes": "Dolby: Dolby Cinema™ combines the most powerful image and sound technologies with inspired design to transform your visit into an unforgettable cinematic event.
Wheelchair Accessible: This auditorium has bays for wheelchair users with seats beside them for accompanying guests.",
        "screen": "1",
        "status": {
          "soldOut": false,
        },
        "time": 1769947200000,
      },
      {
        "accessibility": {},
        "bookingUrl": "https://www.odeon.co.uk/ticketing/seat-picker/?showtimeId=155-12517",
        "notes": "Dolby: Dolby Cinema™ combines the most powerful image and sound technologies with inspired design to transform your visit into an unforgettable cinematic event.
Wheelchair Accessible: This auditorium has bays for wheelchair users with seats beside them for accompanying guests.",
        "screen": "1",
        "status": {
          "soldOut": false,
        },
        "time": 1769980500000,
      },
      {
        "accessibility": {},
        "bookingUrl": "https://www.odeon.co.uk/ticketing/seat-picker/?showtimeId=155-12502",
        "notes": "Dolby: Dolby Cinema™ combines the most powerful image and sound technologies with inspired design to transform your visit into an unforgettable cinematic event.
Saver
Wheelchair Accessible: This auditorium has bays for wheelchair users with seats beside them for accompanying guests.",
        "screen": "1",
        "status": {
          "soldOut": false,
        },
        "time": 1770045300000,
      },
      {
        "accessibility": {},
        "bookingUrl": "https://www.odeon.co.uk/ticketing/seat-picker/?showtimeId=155-12504",
        "notes": "Dolby: Dolby Cinema™ combines the most powerful image and sound technologies with inspired design to transform your visit into an unforgettable cinematic event.
Saver
Wheelchair Accessible: This auditorium has bays for wheelchair users with seats beside them for accompanying guests.",
        "screen": "1",
        "status": {
          "soldOut": false,
        },
        "time": 1770066000000,
      },
      {
        "accessibility": {},
        "bookingUrl": "https://www.odeon.co.uk/ticketing/seat-picker/?showtimeId=155-12523",
        "notes": "Dolby: Dolby Cinema™ combines the most powerful image and sound technologies with inspired design to transform your visit into an unforgettable cinematic event.
Wheelchair Accessible: This auditorium has bays for wheelchair users with seats beside them for accompanying guests.",
        "screen": "1",
        "status": {
          "soldOut": false,
        },
        "time": 1770131700000,
      },
      {
        "accessibility": {},
        "bookingUrl": "https://www.odeon.co.uk/ticketing/seat-picker/?showtimeId=155-12519",
        "notes": "Dolby: Dolby Cinema™ combines the most powerful image and sound technologies with inspired design to transform your visit into an unforgettable cinematic event.
Wheelchair Accessible: This auditorium has bays for wheelchair users with seats beside them for accompanying guests.",
        "screen": "1",
        "status": {
          "soldOut": false,
        },
        "time": 1770152400000,
      },
      {
        "accessibility": {},
        "bookingUrl": "https://www.odeon.co.uk/ticketing/seat-picker/?showtimeId=155-12529",
        "notes": "Dolby: Dolby Cinema™ combines the most powerful image and sound technologies with inspired design to transform your visit into an unforgettable cinematic event.
Wheelchair Accessible: This auditorium has bays for wheelchair users with seats beside them for accompanying guests.",
        "screen": "1",
        "status": {
          "soldOut": false,
        },
        "time": 1770218100000,
      },
      {
        "accessibility": {},
        "bookingUrl": "https://www.odeon.co.uk/ticketing/seat-picker/?showtimeId=155-12525",
        "notes": "Dolby: Dolby Cinema™ combines the most powerful image and sound technologies with inspired design to transform your visit into an unforgettable cinematic event.
Wheelchair Accessible: This auditorium has bays for wheelchair users with seats beside them for accompanying guests.",
        "screen": "1",
        "status": {
          "soldOut": false,
        },
        "time": 1770238800000,
      },
    ],
    "showingId": "odeon.co.uk-west-end-HO00008237",
    "title": "Shelter",
    "url": "https://www.odeon.co.uk/films/shelter/HO00008237/?siteId=155",
  },
]
`;
